> Task :app:clean
> Task :app:preBuild UP-TO-DATE
> Task :app:preDebugBuild UP-TO-DATE
> Task :app:mergeDebugNativeDebugMetadata NO-SOURCE
> Task :app:checkKotlinGradlePluginConfigurationErrors
> Task :app:generateDebugBuildConfig
> Task :app:checkDebugAarMetadata
> Task :app:generateDebugResValues
> Task :app:processDebugGoogleServices
> Task :app:mapDebugSourceSetPaths
> Task :app:generateDebugResources
> Task :app:mergeDebugResources
> Task :app:packageDebugResources
> Task :app:parseDebugLocalResources
> Task :app:createDebugCompatibleScreenManifests
> Task :app:extractDeepLinksDebug

> Task :app:processDebugMainManifest
/workspaces/3v-repo/app/src/main/AndroidManifest.xml:17:5-119:19 Warning:
	application@android:label was tagged at AndroidManifest.xml:17 to replace other declarations but no other declaration present

> Task :app:processDebugManifest
> Task :app:processDebugManifestForPackage
> Task :app:processDebugResources

> Task :app:compileDebugKotlin FAILED
e: file:///workspaces/3v-repo/app/src/main/java/com/example/tres3/CallHandler.kt:17:17 Unresolved reference: LiveKitManager
e: file:///workspaces/3v-repo/app/src/main/java/com/example/tres3/HomeActivity.kt:584:21 Unresolved reference: LiveKitManager
e: file:///workspaces/3v-repo/app/src/main/java/com/example/tres3/HomeActivity.kt:584:36 Variable expected
e: file:///workspaces/3v-repo/app/src/main/java/com/example/tres3/InCallActivity.kt:55:7 Redeclaration: InCallActivity
e: file:///workspaces/3v-repo/app/src/main/java/com/example/tres3/InCallActivity.kt:74:16 Unresolved reference: LiveKitManager
e: file:///workspaces/3v-repo/app/src/main/java/com/example/tres3/InCallActivity.kt:98:29 Unresolved reference: LiveKitManager
e: file:///workspaces/3v-repo/app/src/main/java/com/example/tres3/InCallActivity.kt:98:44 Variable expected
e: file:///workspaces/3v-repo/app/src/main/java/com/example/tres3/InCallActivity.kt:114:9 Unresolved reference: LiveKitManager
e: file:///workspaces/3v-repo/app/src/main/java/com/example/tres3/InCallActivity.kt:114:24 Variable expected
e: file:///workspaces/3v-repo/app/src/main/java/com/example/tres3/InCallActivity.kt:138:9 Cannot find a parameter with this name: room
e: file:///workspaces/3v-repo/app/src/main/java/com/example/tres3/LiveKitManager.kt:15:7 Redeclaration: InCallActivity
e: file:///workspaces/3v-repo/app/src/main/java/com/example/tres3/LiveKitManager.kt:23:16 Unresolved reference: LiveKitManager
e: file:///workspaces/3v-repo/app/src/main/java/com/example/tres3/LiveKitManager.kt:35:25 Cannot find a parameter with this name: room
e: file:///workspaces/3v-repo/app/src/main/java/com/example/tres3/LiveKitManager.kt:41:33 Unresolved reference: LiveKitManager
e: file:///workspaces/3v-repo/app/src/main/java/com/example/tres3/LiveKitManager.kt:41:48 Variable expected
e: file:///workspaces/3v-repo/app/src/main/java/com/example/tres3/LiveKitManager.kt:56:9 Unresolved reference: LiveKitManager
e: file:///workspaces/3v-repo/app/src/main/java/com/example/tres3/LiveKitManager.kt:56:24 Variable expected

FAILURE: Build failed with an exception.

* What went wrong:
Execution failed for task ':app:compileDebugKotlin'.
> A failure occurred while executing org.jetbrains.kotlin.compilerRunner.GradleCompilerRunnerWithWorkers$GradleKotlinCompilerWorkAction
   > Compilation error. See log for more details

* Try:
> Run with --stacktrace option to get the stack trace.
> Run with --info or --debug option to get more log output.
> Run with --scan to get full insights.
> Get more help at https://help.gradle.org.

BUILD FAILED in 14s
17 actionable tasks: 17 executed
