10-06 20:27:25.929  1660  3007 E CamX    : [ERROR][IQMod  ] camxifelsc501.cpp:899 CheckDependenceChange() FastAECRealtime_IFE0_cam4 m_lensShadingMapMode: 0
10-06 20:27:25.929  1660  3007 E CamX    : [ERROR][IQMod  ] camxifelsc501.cpp:386 UpdateIFEInternalData() FastAECRealtime_IFE0_cam4 m_lensShadingMapMode: 0 m_shadingMode: 1
10-06 20:27:25.931  1660 14163 E CamX    : [ERROR][META   ] camxmetabuffer.cpp:3353 SetTag() Cannot set org.quic.camera2.streamconfigs.HDRVideoMode(80150000) size 4 max 1
10-06 20:27:25.933  1617 12972 I sensors-hal: handle_sns_std_sensor_event:158, [11075] Pressure 1004.312, cal 0.024, sw_offset 0.150 (lsb(bit) 0xd2 0xc6 0x3e)
10-06 20:27:25.936  1660 14163 E ChiX    : [ERROR][CORE   ] chxextensionmodule.h:4849 UseContextMeta() LogicalCamerId:4294967295 is greater than MaxNumImageSensors:16
10-06 20:27:25.938  1660 14163 E GME     : [ERROR][ChiNode] camxchinodegme.cpp:13036 Check3rdPartyMode() RealTimeFeatureZSLPreviewRaw_com.qti.node.gme0_cam4 cameraClient(0), check3rdParty(0)
10-06 20:27:25.938  1660 14163 I DATC-Core: [DeepAtc]TfLite new instance at 0xb40000719db55e00
10-06 20:27:25.938  1660 14163 I DATC-Core: [DeepAtc]tflite scene detect data addr 0x712b67fc70 : size 143176
10-06 20:27:25.938  1660 14163 I DATC-Core: [DeepAtc]tflite direct tone data addr 0x712b6a2bb8 : size 25988
10-06 20:27:25.939  1660 14163 I DATC-Core: make TfDeepAtc<float>
10-06 20:27:25.944  1660  3007 I SS_3A   :  INFO: AEC: TsAec_parse_aec_bg_stats: 5591: TSAEC_STATS 4ch Bhist is StartUpInvalid.
10-06 20:27:25.944  1660  3007 I SS_3A   :  INFO: AEC: TsAec_process_get_aec_info: 2773: [F][4] algo_out Av=2.273 g=4.350 e_t=0.00831 LLS=0x0 Ev=9.031 Bv=-2.152 PEv=2.848 Cvgd=0 lux=367, lls=0x0, drc=1.000 wide=0 Vo=0.000
10-06 20:27:25.944  1660 27843 I vendor.samsung.hardware.camera.provider-service_64: vendor/qcom/proprietary/adsprpc/src/fastrpc_apps_user.c:3662: Created user PD on domain 7, dbg_trace 0x0, enabled attr=> RPC timeout:0, Dbg Mode:N, CRC:N, Unsigned:Y, Signed:N, Adapt QOS:N, PD dump: (Config:N, Dbg:N), Perf: (Kernel:N, DSP:N), Iregion:N, QTF:N, UAF:N userPD initmem len:0x500000, Log pkt: N
10-06 20:27:25.944  1660  3009 I SS_3A   :  INFO: AWB: TsAwb_process_preview: 3406: [       4][0]TsAwb_gain_front=1.794,1.00,1.790,  BV=7.031, dEV=0.000, lux=152, CT=4822, CT2=4822, TG=0, Ch_g=1.057, I/V=0.000, LT=0, PsnIdx=0
10-06 20:27:25.945  1660  3007 E CamX    : [ERROR][IQMod  ] camxifelsc501.cpp:899 CheckDependenceChange() FastAECRealtime_IFE0_cam4 m_lensShadingMapMode: 0
10-06 20:27:25.945  1660  3007 E CamX    : [ERROR][IQMod  ] camxifelsc501.cpp:386 UpdateIFEInternalData() FastAECRealtime_IFE0_cam4 m_lensShadingMapMode: 0 m_shadingMode: 1
10-06 20:27:25.948  1660 27891 I vendor.samsung.hardware.camera.provider-service_64: vendor/qcom/proprietary/adsprpc/src/listener_android.c:116: listener thread starting
10-06 20:27:25.948  1660 27892 I vendor.samsung.hardware.camera.provider-service_64: vendor/qcom/proprietary/adsprpc/src/log_config.c:362: file_watcher_thread starting for domain 7
10-06 20:27:25.948  1660 27892 W vendor.samsung.hardware.camera.provider-service_64: vendor/qcom/proprietary/adsprpc/src/log_config.c:382:file_watcher_thread: Couldn't find file vendor.samsung.hardware.camera.provider-service_64.farf, errno (No such file or directory) at ;/vendor/lib64/rfs/dsp;/vendor/lib/rfsa/adsp;/vendor/lib/rfsa/dsp;/vendor/dsp;
10-06 20:27:25.948  1660 27843 I vendor.samsung.hardware.camera.provider-service_64: vendor/qcom/proprietary/adsprpc/src/fastrpc_notif.c:104: fastrpc_notif_domain_init: FastRPC notification worker thread launched
10-06 20:27:25.948  1660 27893 I vendor.samsung.hardware.camera.provider-service_64: vendor/qcom/proprietary/adsprpc/src/fastrpc_apps_user.c:2020: get_remote_notif_response: received status notification 0 for domain 3, session 1
10-06 20:27:25.948  1660 27843 I vendor.samsung.hardware.camera.provider-service_64: vendor/qcom/proprietary/adsprpc/src/fastrpc_perf.c:278: fastrpc_perf_init: enabled systrace 0x0 and RPC traces (kernel 0, dsp 0) with frequency 1000
10-06 20:27:25.950  1660 27891 I vendor.samsung.hardware.camera.provider-service_64: vendor/qcom/proprietary/adsprpc/src/mod_table.c:467: is_reverse_handle_opened: reverse module apps_std already found with handle 0x5b5f9dd8 (idx 0) refs 3
10-06 20:27:25.950  1660 27891 I vendor.samsung.hardware.camera.provider-service_64: vendor/qcom/proprietary/adsprpc/src/mod_table.c:701: open_mod_table_open_from_static: reverse module apps_std opened with handle 0x5b5f9dd8 (idx 0)
10-06 20:27:25.952  1660 27891 I vendor.samsung.hardware.camera.provider-service_64: vendor/qcom/proprietary/adsprpc/src/apps_std_imp.c:1149: Successfully opened file /vendor/lib64/rfs/dsp/./libbitml_nsp_75na_skel.so
10-06 20:27:25.952  1660 27891 I vendor.samsung.hardware.camera.provider-service_64: vendor/qcom/proprietary/adsprpc/src/mod_table.c:467: is_reverse_handle_opened: reverse module apps_mem already found with handle 0x5b5f9ed8 (idx 1) refs 3
10-06 20:27:25.952  1660 27891 I vendor.samsung.hardware.camera.provider-service_64: vendor/qcom/proprietary/adsprpc/src/mod_table.c:701: open_mod_table_open_from_static: reverse module apps_mem opened with handle 0x5b5f9ed8 (idx 0)
10-06 20:27:25.960  1660 27891 I vendor.samsung.hardware.camera.provider-service_64: vendor/qcom/proprietary/adsprpc/src/apps_std_imp.c:1122: Successfully opened file /vendor/dsp/cdsp/./libc++.so.1
10-06 20:27:25.960  1660  3009 I SS_3A   :  INFO: AEC: TsAec_process_get_aec_info: 2773: [F][5] algo_out Av=2.273 g=34.802 e_t=0.00831 LLS=0x0 Ev=6.031 Bv=-2.152 PEv=2.848 Cvgd=0 lux=367, lls=0x0, drc=1.000 wide=0 Vo=0.000
10-06 20:27:25.961  1660  3010 I SS_3A   :  INFO: AWB: TsAwb_process_preview: 3406: [       5][0]TsAwb_gain_front=1.790,1.00,1.819,  BV=-2.152, dEV=0.000, lux=367, CT=4749, CT2=4749, TG=0, Ch_g=1.060, I/V=0.000, LT=0, PsnIdx=0
10-06 20:27:25.961  1660  3006 E CamX    : [ERROR][IQMod  ] camxifelsc501.cpp:386 UpdateIFEInternalData() FastAECRealtime_IFE0_cam4 m_lensShadingMapMode: 0 m_shadingMode: 1
10-06 20:27:25.964  1660 27891 I vendor.samsung.hardware.camera.provider-service_64: vendor/qcom/proprietary/adsprpc/src/apps_std_imp.c:1122: Successfully opened file /vendor/dsp/cdsp/./libc++abi.so.1
10-06 20:27:25.969  1660  3008 I SS_3A   :  INFO: AWB: TsAwb_process_preview: 3406: [       6][0]TsAwb_gain_front=1.790,1.00,1.819,  BV=-2.152, dEV=0.000, lux=367, CT=4749, CT2=4749, TG=0, Ch_g=1.058, I/V=0.000, LT=0, PsnIdx=0
10-06 20:27:25.970  1660  3006 E CamX    : [ERROR][IQMod  ] camxifelsc501.cpp:899 CheckDependenceChange() FastAECRealtime_IFE0_cam4 m_lensShadingMapMode: 0
10-06 20:27:25.970  1660  3006 E CamX    : [ERROR][IQMod  ] camxifelsc501.cpp:386 UpdateIFEInternalData() FastAECRealtime_IFE0_cam4 m_lensShadingMapMode: 0 m_shadingMode: 1
10-06 20:27:25.977  1660  3010 I SS_3A   :  INFO: AWB: TsAwb_process_preview: 3406: [       7][1]TsAwb_gain_front=1.592,1.00,2.200,  BV=-2.152, dEV=0.000, lux=367, CT=3760, CT2=3760, TG=6, Ch_g=1.054, I/V=0.000, LT=0, PsnIdx=0
10-06 20:27:25.977  1660  3009 I SS_3A   :  INFO: AEC: TsAec_process_get_aec_info: 2773: [F][7] algo_out Av=2.273 g=61.954 e_t=0.00831 LLS=0x0 Ev=5.199 Bv=-0.629 PEv=4.371 Cvgd=0 lux=331, lls=0x0, drc=1.000 wide=0 Vo=0.000
10-06 20:27:25.978  1660  3006 E CamX    : [ERROR][IQMod  ] camxifelsc501.cpp:386 UpdateIFEInternalData() FastAECRealtime_IFE0_cam4 m_lensShadingMapMode: 0 m_shadingMode: 1
10-06 20:27:25.985  1660  3009 I SS_3A   :  INFO: AEC: TsAec_process_get_aec_info: 2773: [F][8] algo_out Av=2.273 g=112.400 e_t=0.00831 LLS=0x0 Ev=4.340 Bv=-0.691 PEv=4.309 Cvgd=0 lux=333, lls=0x0, drc=1.000 wide=0 Vo=0.000
10-06 20:27:25.985  1660 27843 I vendor.samsung.hardware.camera.provider-service_64: vendor/qcom/proprietary/adsprpc/src/fastrpc_apps_user.c:1684: remote_handle64_open: opened handle 0xb4000072bddf3110 (remote 0x1ecc1e0) for file:///libbitml_nsp_75na_skel.so?bitml_nsp_v2_domains_skel_handle_invoke&_modver=1.0&_dom=cdsp&_session=1 on domain 7 (spawn time 23845 us, load time 36937 us), num handles 1
10-06 20:27:25.986  1660  3007 I SS_3A   :  INFO: AWB: TsAwb_process_preview: 3406: [       8][0]TsAwb_gain_front=1.592,1.00,2.200,  BV=-0.629, dEV=0.000, lux=332, CT=3759, CT2=3684, TG=54, Ch_g=1.050, I/V=0.000, LT=0, PsnIdx=0
10-06 20:27:25.986  1660  3006 E CamX    : [ERROR][IQMod  ] camxifelsc501.cpp:899 CheckDependenceChange() FastAECRealtime_IFE0_cam4 m_lensShadingMapMode: 0
10-06 20:27:25.986  1660  3006 E CamX    : [ERROR][IQMod  ] camxifelsc501.cpp:386 UpdateIFEInternalData() FastAECRealtime_IFE0_cam4 m_lensShadingMapMode: 0 m_shadingMode: 1
10-06 20:27:25.987  1660 27843 I vendor.samsung.hardware.camera.provider-service_64: vendor/qcom/proprietary/adsprpc/src/fastrpc_apps_user.c:2313: remote_handle_control_domain: requested QOS 1, latency 200 for domain 7 handle 0xb4000072bddf3110
10-06 20:27:26.010  1660 27791 I CHI     : [SS_LOW ]: [CHI_FAST_AEC]: chxextensionmodule.cpp: ChxFastAecProcessRequest: 18490: [CAMKPI] ChxFastAecProcessRequest: X (ret:0)
10-06 20:27:26.010  1660 27791 I CHI     : [SS_LOW ]: [CHI_FAST_AEC]: chxextensionmodule.cpp: ChxFastAecRunUseCase: 18330: [CAMKPI] FastAecDestroy: E
10-06 20:27:26.015  1660  3014 I SS_3A   :  INFO: AEC: TsAECDestroy: 481: overrideCameraClose in AECDestroy Camera close mask 13 
10-06 20:27:26.015  1660  3012 I DATC-Core: [DeepAtc]TfLite deleted instance at 0xb40000719da23770
10-06 20:27:26.015  1660  3014 I SS_3A   :  INFO: AEC: TsAECDestroy: 487: pCameraInfo->cameraid in AECDestroy 4
10-06 20:27:26.015  1660  3014 I SS_3A   :  INFO: AEC: TsAECDestroy: 524: TsAECDestroy (refcnt:1 cameraId 4 isNeedDestroy 0(oCO:16,cCIC:0,iFS:0) lensFacing 0 pAECAlgorithm 0xb40000732dadc550 pAECSingleton 0xb40000732dadc550
10-06 20:27:26.015  1660  3014 I SS_3A   :  INFO: AEC: TsAECDestroy: 564: Not Actual Destroy 13
10-06 20:27:26.015  1660  3014 I SS_3A   :  INFO: AEC: TsAecFrontModeChange: 722: ModeChange! sa=0
10-06 20:27:26.015  1660  3011 I SS_3A   :  INFO: AWB: TsAwbDestroy: 449: overrideCameraClose in AWBDestroy 13
10-06 20:27:26.015  1660  3011 I SS_3A   :  INFO: AWB: TsAwbDestroy: 455: cameraId in AWBDestroy 4
10-06 20:27:26.015  1660  3011 I SS_3A   :  INFO: AWB: TsAwbDestroy: 477: TsAwbDestroy (refcnt:1 cameraId 4 overrideCameraClose 0 lensFacing 0 pAWBSingletonWrapper->pAWB 0xb40000732da78e30
10-06 20:27:26.015  1660  3011 I SS_3A   :  INFO: AWB: TsAwbDestroy: 514: Not Actual Destroy 0
10-06 20:27:26.017  1660  3014 I vendor.samsung.hardware.camera.provider-service_64: vendor/qcom/proprietary/adsprpc/src/fastrpc_pm.c:199: fastrpc_wake_lock_deinit done
10-06 20:27:26.017  1660  3014 I vendor.samsung.hardware.camera.provider-service_64: vendor/qcom/proprietary/adsprpc/src/fastrpc_apps_user.c:2178: update_kernel_wakelock_status: updated kernel wakelock control status to 0 for domain 0
10-06 20:27:26.017  1660  3014 I vendor.samsung.hardware.camera.provider-service_64: vendor/qcom/proprietary/adsprpc/src/fastrpc_apps_user.c:2205: wakelock_control: disable wakelock control for domain 0
10-06 20:27:26.018  1660 27791 I CHI     : [SS_LOW ]: [CHI         ]: chxextensionmodule.cpp: TeardownOverrideSession: 9435: [DUAL_MODE_DBG] m_isFrontCameraOpened=0
10-06 20:27:26.019  1660 27791 I CHI     : [SS_LOW ]: [CHI_FAST_AEC]: chxextensionmodule.cpp: ChxFastAecRunUseCase: 18332: [CAMKPI] FastAecDestroy: X
10-06 20:27:26.019  1660 27791 I CHI     : [SS_LOW ]: [CHI_FAST_AEC]: chxextensionmodule.cpp: ChxFastAecRunUseCase: 18338: [CAMKPI] FastAecThread: X
10-06 20:27:26.022  1660 27904 I SS_3A   :  INFO:  AF: CreatePDLib: 2734: CreatePDLib
10-06 20:27:26.022  1660 27904 I SS_3A   :  INFO:  AF: CreatePDLib: 2747: CreatePDLib i 0 paramCount 4
10-06 20:27:26.022  1660 27904 I SS_3A   :  INFO:  AF: CreatePDLib: 2755: CreatePDLib static create: overrideCameraOpen is 1
10-06 20:27:26.022  1660 27904 I SS_3A   :  INFO:  AF: CreatePDLib: 2747: CreatePDLib i 1 paramCount 4
10-06 20:27:26.022  1660 27904 I SS_3A   :  INFO:  AF: CreatePDLib: 2747: CreatePDLib i 2 paramCount 4
10-06 20:27:26.022  1660 27904 I SS_3A   :  INFO:  AF: CreatePDLib: 2763: CreatePDLib af_camera_info 4
10-06 20:27:26.022  1660 27904 I SS_3A   :  INFO:  AF: CreatePDLib: 2747: CreatePDLib i 3 paramCount 4
10-06 20:27:26.022  1660 27904 I SS_3A   :  INFO:  AF: CreatePDLib: 2789: Lens Facing(currentCam) = 1
10-06 20:27:26.022  1660 27904 I SS_3A   :  INFO:  AF: CreatePDLib: 2807: driverSensorId = 12
10-06 20:27:26.022  1660 27904 I SS_3A   :  INFO:  AF: TsCommonFillSensorIdMap: 26: Already filled, cameraId(4) driverSensorId(12)
10-06 20:27:26.022  1660 27904 I SS_3A   :  INFO:  AF: PDAf_init: 1638: [PD_cpu]PDAf_init E PDData 0xb4000072bdaafb90
10-06 20:27:26.022  1660 27904 I SS_3A   :  INFO:  AF: CreatePDLib: 2868: CreatePDLib X2
10-06 20:27:26.023  1660 27905 E GME     : [ERROR][ChiNode] camxchinodegme.cpp:13036 Check3rdPartyMode() RealTimeFeatureZSLPreviewRaw_com.qti.node.gme0_cam4 cameraClient(0), check3rdParty(0)
10-06 20:27:26.023  1660 27907 E GME     : [ERROR][ChiNode] camxchinodegme.cpp:13036 Check3rdPartyMode() RealTimeFeatureZSLPreviewRaw_com.qti.node.gme0_cam4 cameraClient(0), check3rdParty(0)
10-06 20:27:26.023  1660 27907 I vendor.samsung.hardware.camera.provider-service_64: vendor/qcom/proprietary/adsprpc/src/fastrpc_pm.c:161: fastrpc_wake_lock_init done for vendor.samsung.hardware.:1660
10-06 20:27:26.023  1660 27907 I vendor.samsung.hardware.camera.provider-service_64: vendor/qcom/proprietary/adsprpc/src/fastrpc_apps_user.c:2178: update_kernel_wakelock_status: updated kernel wakelock control status to 1 for domain 0
10-06 20:27:26.023  1660 27907 I vendor.samsung.hardware.camera.provider-service_64: vendor/qcom/proprietary/adsprpc/src/fastrpc_apps_user.c:2203: wakelock_control: enabled wakelock control for domain 0
10-06 20:27:26.028  1660 27907 I SS_3A   :  INFO:  AF: AFAlgoSetNodeInterface: 1399: AF vendorTagBase 0x80e60000
10-06 20:27:26.028  1660 27907 I SS_3A   :  INFO:  AF: AFAlgoSetNodeInterface: 1407: AWB vendorTagBase 0x80e70000
10-06 20:27:26.028  1660 27907 I SS_3A   :  INFO:  AF: AFAlgoSetNodeInterface: 1415: AEC vendorTagBase 0x80e50000
10-06 20:27:26.028  1660 27907 I SS_3A   :  INFO:  AF: PDLibDestroy: 1693: [PD_cpu]PDLibDestroy 0xb4000072bdaafb90
10-06 20:27:26.028  1660 27907 I SS_3A   :  INFO:  AF: PDLibDestroy: 1731: pCameraInfo->cameraid in AFDestroy 4
10-06 20:27:26.028  1660 27907 I SS_3A   :  INFO:  AF: PDLibDestroy: 1758: overrideCameraClose in overrideCameraClose 0, pPDAFSingleton(0xb4000072bdaafb90) referenceCount 0
10-06 20:27:26.028  1660 27907 I SS_3A   :  INFO:  AF: PDLibDestroy: 1762: StaticAF pPDAF in destroy is 0xb4000072bdaafb90
10-06 20:27:26.028  1660 27907 I SS_3A   :  INFO:  AF: PDAf_deinit: 1613: [PD_cpu]TsAf_wrap: 0xb4000070eb8ae8b0, E
10-06 20:27:26.028  1660 27907 I SS_3A   : 
10-06 20:27:26.028  1660 27907 I SS_3A   :  INFO:  AF: CreatePDLib: 2734: CreatePDLib
10-06 20:27:26.028  1660 27907 I SS_3A   :  INFO:  AF: CreatePDLib: 2747: CreatePDLib i 0 paramCount 4
10-06 20:27:26.028  1660 27907 I SS_3A   :  INFO:  AF: CreatePDLib: 2755: CreatePDLib static create: overrideCameraOpen is 1
10-06 20:27:26.028  1660 27907 I SS_3A   :  INFO:  AF: CreatePDLib: 2747: CreatePDLib i 1 paramCount 4
10-06 20:27:26.028  1660 27907 I SS_3A   :  INFO:  AF: CreatePDLib: 2747: CreatePDLib i 2 paramCount 4
10-06 20:27:26.028  1660 27907 I SS_3A   :  INFO:  AF: CreatePDLib: 2763: CreatePDLib af_camera_info 4
10-06 20:27:26.028  1660 27907 I SS_3A   :  INFO:  AF: CreatePDLib: 2747: CreatePDLib i 3 paramCount 4
10-06 20:27:26.028  1660 27907 I SS_3A   :  INFO:  AF: CreatePDLib: 2789: Lens Facing(currentCam) = 1
10-06 20:27:26.028  1660 27907 I SS_3A   :  INFO:  AF: CreatePDLib: 2807: driverSensorId = 12
10-06 20:27:26.028  1660 27907 I SS_3A   :  INFO:  AF: TsCommonFillSensorIdMap: 26: Already filled, cameraId(4) driverSensorId(12)
10-06 20:27:26.028  1660 27907 I SS_3A   :  INFO:  AF: PDAf_init: 1638: [PD_cpu]PDAf_init E PDData 0xb4000072bdb22cd0
10-06 20:27:26.030  1660 27907 I SS_3A   :  INFO:  AF: CreatePDLib: 2868: CreatePDLib X2
10-06 20:27:26.030  1660 27907 I SS_3A   :  INFO:  AF: getInstance: 30: [SWPD_IF] Not using swpd with this sensor 1
10-06 20:27:26.030  1660 27907 I SS_3A   :  INFO:  AF: PDLibInitialize: 2427: initParam [0xb4000072bdb22cd0 0x7129d2de08]
10-06 20:27:26.030  1660 27907 I SS_3A   :  INFO:  AF: PDLibInitialize: 2433: initParam CameraID 1 sensorType 4 sensor info [4000 2252] pd info 2pd [4000 562] sparsepd [4000 562] pdStride 8000
10-06 20:27:26.030  1660 27907 I SS_3A   :  INFO:  AF: PDLibDestroy: 1693: [PD_cpu]PDLibDestroy 0xb4000072bdb22cd0
10-06 20:27:26.030  1660 27907 I SS_3A   :  INFO:  AF: PDLibDestroy: 1731: pCameraInfo->cameraid in AFDestroy 4
10-06 20:27:26.030  1660 27907 I SS_3A   :  INFO:  AF: PDLibDestroy: 1758: overrideCameraClose in overrideCameraClose 0, pPDAFSingleton(0xb4000072bdb22cd0) referenceCount 0
10-06 20:27:26.030  1660 27907 I SS_3A   :  INFO:  AF: PDLibDestroy: 1762: StaticAF pPDAF in destroy is 0xb4000072bdb22cd0
10-06 20:27:26.030  1660 27907 I SS_3A   :  INFO:  AF: PDAf_deinit: 1613: [PD_cpu]TsAf_wrap: 0xb4000070eb8ae8b0, E
10-06 20:27:26.030  1660 27907 I SS_3A   : 
10-06 20:27:26.030  1660 27907 E CamX    : [ERROR][STATS_AF] pdlib_adaptive_k.cpp:1941 Save() Failed to open the adaptive k data file
10-06 20:27:26.030  1660 27907 I SS_3A   :  INFO:  AF: CreatePDLib: 2734: CreatePDLib
10-06 20:27:26.030  1660 27907 I SS_3A   :  INFO:  AF: CreatePDLib: 2747: CreatePDLib i 0 paramCount 4
10-06 20:27:26.030  1660 27907 I SS_3A   :  INFO:  AF: CreatePDLib: 2755: CreatePDLib static create: overrideCameraOpen is 1
10-06 20:27:26.030  1660 27907 I SS_3A   :  INFO:  AF: CreatePDLib: 2747: CreatePDLib i 1 paramCount 4
10-06 20:27:26.030  1660 27907 I SS_3A   :  INFO:  AF: CreatePDLib: 2747: CreatePDLib i 2 paramCount 4
10-06 20:27:26.030  1660 27907 I SS_3A   :  INFO:  AF: CreatePDLib: 2763: CreatePDLib af_camera_info 4
10-06 20:27:26.030  1660 27907 I SS_3A   :  INFO:  AF: CreatePDLib: 2747: CreatePDLib i 3 paramCount 4
10-06 20:27:26.030  1660 27907 I SS_3A   :  INFO:  AF: CreatePDLib: 2789: Lens Facing(currentCam) = 1
10-06 20:27:26.030  1660 27907 I SS_3A   :  INFO:  AF: CreatePDLib: 2807: driverSensorId = 12
10-06 20:27:26.030  1660 27907 I SS_3A   :  INFO:  AF: TsCommonFillSensorIdMap: 26: Already filled, cameraId(4) driverSensorId(12)
10-06 20:27:26.030  1660 27907 I SS_3A   :  INFO:  AF: PDAf_init: 1638: [PD_cpu]PDAf_init E PDData 0xb4000072bdb1ded0
10-06 20:27:26.030  1660 27907 I SS_3A   :  INFO:  AF: CreatePDLib: 2868: CreatePDLib X2
10-06 20:27:26.030  1660 27907 I SS_3A   :  INFO:  AF: getInstance: 30: [SWPD_IF] Not using swpd with this sensor 1
10-06 20:27:26.030  1660 27907 I SS_3A   :  INFO:  AF: PDLibInitialize: 2427: initParam [0xb4000072bdb1ded0 0x7129d2de08]
10-06 20:27:26.030  1660 27907 I SS_3A   :  INFO:  AF: PDLibInitialize: 2433: initParam CameraID 1 sensorType 4 sensor info [4000 2252] pd info 2pd [4000 562] sparsepd [4000 562] pdStride 8000
10-06 20:27:26.031  1660 27907 I SS_3A   :  INFO:  AF: CreateAFAlgorithm: 415: E
10-06 20:27:26.031  1660 27907 I SS_3A   :  INFO:  AF: CreateAFAlgorithm: 450: StaticAF algo sizeOfParam for CHISTATSHANDLE is 24
10-06 20:27:26.031  1660 27907 I SS_3A   :  INFO:  AF: CreateAFAlgorithm: 463: Lens Facing(currentCam) = 0
10-06 20:27:26.031  1660 27907 I SS_3A   :  INFO:  AF: CreateAFAlgorithm: 486: driverSensorId = 12
10-06 20:27:26.031  1660 27907 I SS_3A   :  INFO:  AF: CreateAFAlgorithm: 511: FactoryCamera : 0
10-06 20:27:26.031  1660 27907 I SS_3A   :  INFO:  AF: CreateAFAlgorithm: 527: SamsungCamera : 0
10-06 20:27:26.031  1660 27907 I SS_3A   :  INFO:  AF: CreateAFAlgorithm: 620: StaticAF algo create: overrideCameraOpen is 16
10-06 20:27:26.031  1660 27907 I SS_3A   :  INFO:  AF: CreateAFAlgorithm: 444: af_camera_info 4
10-06 20:27:26.031  1660 27907 I SS_3A   :  INFO:  AF: CreateAFAlgorithm: 638: SetCal Operation Mode = 0
10-06 20:27:26.031  1660 27907 I SS_3A   :  INFO:  AF: TsCommonFillSensorIdMap: 26: Already filled, cameraId(4) driverSensorId(12)
10-06 20:27:26.031  1660 27907 I SS_3A   :  INFO:  AF: CreateAFAlgorithm: 647: newly mapped af_camera_info(sensorId) 1
10-06 20:27:26.031  1660 27907 I SS_3A   :  INFO:  AF: CreateAFAlgorithm: 651: CreateAFAlgorithm (refcnt:0 cameraId 1 overrideCameraOpen 1 lensFacing 0 pAFSingletonWrapper->pAFSingleton 0x0
10-06 20:27:26.031  1660 27907 I SS_3A   :  INFO:  AF: CreateAFAlgorithm: 657: pAF before 0x0
10-06 20:27:26.031  1660 27907 I SS_3A   :  INFO:  AF: CreateAFAlgorithm: 666: SS_AF_LIB loading cam[0]
10-06 20:27:26.031  1660 27907 I SS_3A   :  INFO:  AF: LoadAlgorithmAndSymbols: 300: E
10-06 20:27:26.031  1660 27907 I SS_3A   :  INFO:  AF: LoadAlgorithmAndSymbols: 309: libPathName : libTsAf_E123Q.so!
10-06 20:27:26.031  1660 27907 I SS_3A   :  INFO:  AF: LoadAlgorithmAndSymbols: 365: [DBG_APEX] Loading AF lib: libTsAf_E123Q.so
10-06 20:27:26.031  1660 27907 I SS_3A   :  INFO:  AF: TsAf_init: 5432: TsAf_init FirstTsAf_wrapper_data_t addr 0xb4000070f16c6780 size 1828984
10-06 20:27:26.031  1660 27907 I SS_3A   :  INFO:  AF: TsAf_init_param: 5377: TsAf_init_param setting init param
10-06 20:27:26.031  1660 27907 I SS_3A   :  INFO:  AF: TsAf_init_param: 5393: TsAf_init_param: lens type 4 last_pos_rear 2148
10-06 20:27:26.031  1660 27907 I SS_3A   :  INFO:  AF: TsAf_init: 5510: TsAf_init camera id 1 0xb4000070f16c6780 TsAf [0xb4000070f182bac0] 0x70e3d02cb8
10-06 20:27:26.031  1660 27907 I SS_3A   :  INFO:  AF: TsAf_get_cal_data: 2875: cameraId 1 : VerOffset: 0x0030, CalOffset: 0x330c, PafCalOff: 0x2300, vPafCalOff: 0x0000
10-06 20:27:26.031  1660 27907 I SS_3A   :  INFO:  AF: TsAf_init: 5527: Set AF default lens_type_for_lib 4 pos 2192
10-06 20:27:26.031  1660 27907 E AF_DEBUG: AfLib_BootingInit(740) : [cam_id_4] AF_Lib Version = 0xE025 Chip Type = 1 (0:LSI, 1:QC) 
10-06 20:27:26.031  1660 27907 E AF_DEBUG: LinkAfCalData(171) : af_cal = ref_table_arr[0]->af_cal_data max_arr= 5
10-06 20:27:26.031  1660 27907 E AF_DEBUG: SetAfModuleInfo(485) : [cam_id_4] Module = Q12XLQE00AM, ModuleInfo = DM12_FRONT, ModuleType = 17, phaseType = 1
10-06 20:27:26.031  1660 27907 E AF_DEBUG: PrintAfCalData(602) : [cam_id_4] 12bit(9bit) | af cal data far: 2192(274), mid2: -1(-1), mid1: -1(-1), near: 2931(366), max: 4088(511), add_80: -1(-1), plus_offset: 65535(8191), minus_offset: 65535(8191) zoom_rate(x1000) 1000
10-06 20:27:26.032  1660 27907 E AF_DEBUG: AfLib_BootingInit(759) : [cam_id_4][factory_af_booting_init]  factory_af_flag = 0
10-06 20:27:26.032  1660 27907 E AF_DEBUG: CheckBootingInitDone(822) : [cam_id_4] Booting Init is not done!!
10-06 20:27:26.032  1660 27907 I SS_3A   :  INFO:  AF: LoadAlgorithmAndSymbols: 382: TsAf_init calls
10-06 20:27:26.032  1660 27907 I SS_3A   :  INFO:  AF: LoadAlgorithmAndSymbols: 403: X
10-06 20:27:26.032  1660 27907 I SS_3A   :  INFO:  AF: CreateAFAlgorithm: 683: pAF first time 0xb40000732dad21d0
10-06 20:27:26.032  1660 27907 I SS_3A   :  INFO:  AF: CreateAFAlgorithm: 716: X
10-06 20:27:26.032  1660 27907 E AF_DEBUG: AfLib_AlgorithmInit(1313) : [cam_id_4] paf_cal_data_info = 20220725 paf_cal_errcheck 0x00000000 vpd_cal 0 vpd_cal_data_info = 0 vpaf_cal_errcheck 0x00000000 
10-06 20:27:26.032  1660 27907 E AF_DEBUG: AfInit(7592) : [cam_id_4] Version(0xE025). mode(0). lens(2192). sensor(4000 x 2252). touch(0 x 0 ). pafstatvalid(1)
10-06 20:27:26.032  1660 27907 E AF_DEBUG: UpdateAfStatus(183) : [cam_id_4] AF status 0x0 -> 0x20, called from : AfInit(7628)  
10-06 20:27:26.033  1660 27907 I SS_3A   :  INFO: AWB: CreateAWBAlgorithm: 755: statsStreamInitConfig operationMode 0
10-06 20:27:26.033  1660 27907 I SS_3A   :  INFO: AWB: CreateAWBAlgorithm: 672: StaticAWB algo sizeOfParam for CHISTATSHANDLE is 24
10-06 20:27:26.033  1660 27907 I SS_3A   :  INFO: AWB: CreateAWBAlgorithm: 684: Lens Facing = 0
10-06 20:27:26.033  1660 27907 I SS_3A   :  INFO: AWB: CreateAWBAlgorithm: 736: StaticAWB algo create: overrideCameraOpen is 16
10-06 20:27:26.033  1660 27907 I SS_3A   :  INFO: AWB: CreateAWBAlgorithm: 746: cameraInfo algoRole 0, cameraId 4
10-06 20:27:26.033  1660 27907 I SS_3A   :  INFO: AWB: TsCommonFillSensorIdMap: 26: Already filled, cameraId(4) driverSensorId(12)
10-06 20:27:26.033  1660 27907 I SS_3A   :  INFO: AWB: CreateAWBAlgorithm: 773: CreateAWBAlgorithm (refcnt:0 cameraId 4 OverrideCameraOpen 1 lensFacing 0 pAWBSingletonWrapper->pAWB 0xb40000732da78e30
10-06 20:27:26.033  1660 27907 I SS_3A   :  INFO: AWB: CreateAWBAlgorithm: 839: ReCreate AWBAlgorithm, pAWB 0xb40000732da78e30
10-06 20:27:26.033  1660 27907 I SS_3A   :  INFO: AWB: TsAwb_get_cal_data_front: 125: module[0] 361 745 749 378
10-06 20:27:26.033  1660 27907 I SS_3A   :  INFO: AWB: TsAwb_get_cal_data_front: 127: module[0] RG 0.483266 , BG 0.506024
10-06 20:27:26.033  1660 27907 I SS_3A   :  INFO: AWB: TsAwb_init_with_mode: 166: TuningVersion 0xFD0A2828
10-06 20:27:26.033  1660 27907 I SS_3A   :  INFO: AWB: TsAwb_init_with_mode: 210: [eLensType 0] Adjust_gain = 0.990007, 1.006739
10-06 20:27:26.033  1660 27907 I SS_3A   :  INFO: AEC: AECAlgoSetNodeInterface: 1137: AEC vendorTagBase 0x80e50000
10-06 20:27:26.033  1660 27907 I SS_3A   :  INFO: AEC: AECAlgoSetNodeInterface: 1147: AWB vendorTagBase 0x80e70000
10-06 20:27:26.033  1660 27907 I SS_3A   :  INFO: AEC: AECAlgoSetNodeInterface: 1157: AF vendorTagBase 0x80e60000
10-06 20:27:26.033  1660 27907 I SS_3A   :  INFO: AEC: CreateAEC: 791: StaticAEC algo sizeOfParam for CHISTATSHANDLE is 24
10-06 20:27:26.033  1660 27907 I SS_3A   :  INFO: AEC: CreateAEC: 808: AEC_VendorTag:: Lens Facing = 0 chiSessionHandle = 0xb4000072ae1be8f0
10-06 20:27:26.033  1660 27907 I SS_3A   :  INFO: AEC: CreateAEC: 887: StaticAEC algo create: camera open mask 16 
10-06 20:27:26.033  1660 27907 I SS_3A   :  INFO: AEC: CreateAEC: 785: aec_camera_info 0 4
10-06 20:27:26.033  1660 27907 I SS_3A   :  INFO: AEC: CreateAEC: 894: flicker CSC:60 
10-06 20:27:26.033  1660 27907 I SS_3A   :  INFO: AEC: TsCommonFillSensorIdMap: 26: Already filled, cameraId(4) driverSensorId(12)
10-06 20:27:26.033  1660 27907 I SS_3A   :  INFO: AEC: CreateAEC: 912: CreateAECAlgorithm (refcnt:0 cameraId 4 OverrideCameraOpen 1 lensFacing 0 pAECSingletonWrapper->pAECSingleton 0xb40000732dadc550 [sensor:S5K3LU]
10-06 20:27:26.033  1660 27907 I SS_3A   :  INFO: AEC: CreateAEC: 1024: ReCreate AECAlgorithm 0xb40000732dadc550
10-06 20:27:26.039  1660 27908 W IS_ALGO : IS1026: V3: is_valid_init_input_internal(8756): Invalid Selfie init data. selfie.face_detection_enable is true for at least on sensor but is_face_detection_enabled is false. Face detection data will not be used for selfie distortion prevention
10-06 20:27:26.039  1660 27908 W IS_ALGO : IS1026: V3: is_valid_init_input_internal(8914): Input structs for algorithm initialization are sub-optimal (# errors, # warnings # info) : (0, 0, 1)
10-06 20:27:26.039  1660 27908 W IS_ALGO : IS1027: V3: eis_context(5449): 64553 : SM8650_Lanai_PostCS4_KOR_Official_1201_2023_v1
10-06 20:27:26.041  1660 27908 I CV      : File: vendor/qcom/proprietary/cv-noship/eva/4.0/src/cpu/platform/android/evaSession.cpp Line: 490 Function: evaGetDebugSettings() Msg: EVA Debug Logs Disabled
10-06 20:27:26.041  1660 27908 I CV      : File: vendor/qcom/proprietary/cv-noship/eva/4.0/src/cpu/platform/android/evaSession.cpp Line: 536 Function: evaGetPresilSettings() Msg: EVA Sync default timeout used. Timeout = 2500 ms
10-06 20:27:26.042  1660 14163 I CHI     : [SS_LOW ]: [CHI         ]: chxextensionmodule.cpp: InitializeOverrideSession: 8769: MemAvailable: 1867936 kB
10-06 20:27:26.042  1660 14163 I CHI     : [SS_LOW ]: [CHI         ]: chxextensionmodule.cpp: InitializeOverrideSession: 8792: [DUAL_MODE_DBG] m_isFrontCameraOpened=1
10-06 20:27:26.043  1660 14163 I Unihal  : CameraDevice.cpp: ConfigureStreams: 96: [UNIKPI][1] VndHAL->configure_streams: X
10-06 20:27:26.043  1660 14163 I Unihal  : ScenarioManager.cpp: PostConfigureStreams: 3219: Update stream(0xb40000720db0e2f8) max_buffers 8 -> 16
10-06 20:27:26.043  1660 14163 E Unihal  : CameraMetadata.cpp: SetData: 992: Failed to set data. : parameterTag=PARAMETER_SAMSUNG_EXTRA_UNIHAL_PREVIEW_DATASPACE(0xe000007e), tag=0x00000000, tagName=.PARAMETER_SAMSUNG_EXTRA_UNIHAL_PREVIEW_DATASPACE, count=1
10-06 20:27:26.043  1660 14163 W Unihal  : CameraHalUnit.cpp: SetGlobalDataSpace: 645: reset of PARAMETER_SAMSUNG_EXTRA_UNIHAL_PREVIEW_DATASPACE failed
10-06 20:27:26.043  1660 14163 E Unihal  : CameraMetadata.cpp: SetData: 992: Failed to set data. : parameterTag=PARAMETER_SAMSUNG_EXTRA_UNIHAL_RECORD_DATASPACE(0xe000007f), tag=0x00000000, tagName=.PARAMETER_SAMSUNG_EXTRA_UNIHAL_RECORD_DATASPACE, count=1
10-06 20:27:26.043  1660 14163 W Unihal  : CameraHalUnit.cpp: SetGlobalDataSpace: 650: reset of PARAMETER_SAMSUNG_EXTRA_UNIHAL_RECORD_DATASPACE failed
10-06 20:27:26.043  1660 14163 E Unihal  : CameraMetadata.cpp: SetData: 992: Failed to set data. : parameterTag=PARAMETER_SAMSUNG_EXTRA_UNIHAL_YUV_CAPTURE_DATASPACE(0xe0000080), tag=0x00000000, tagName=.PARAMETER_SAMSUNG_EXTRA_UNIHAL_YUV_CAPTURE_DATASPACE, count=1
10-06 20:27:26.043  1660 14163 W Unihal  : CameraHalUnit.cpp: SetGlobalDataSpace: 655: reset of PARAMETER_SAMSUNG_EXTRA_UNIHAL_YUV_CAPTURE_DATASPACE failed
10-06 20:27:26.043  1660 14163 I Unihal  : CameraHalUnit.cpp: SetGlobalDataSpace: 668: Preview dataspace set to 0x8c20000
10-06 20:27:26.043  1660 14163 I Unihal  : CameraHalUnit.cpp: PrintConfigureStreams: 714: Configured : HAL number of streams(1)
10-06 20:27:26.043  1660 27921 I Unihal  : ScenarioManager.cpp: AsyncAllocateBuffers: 3591: JPEG BLOB Size: android Max = 4000x3000, samsung Max = 4000x3000. Use bigger one.
10-06 20:27:26.043  1660 14163 I Unihal  : CameraHalUnit.cpp: PrintConfigureStreams: 729: Configured HAL stream[0] stream(0xb40000720db0e2f8) : streamId(0x0), scenarioType(PREVIEW), format(0x22), grallocUsage(0x20100), size(1920x1080), streamType(0), option(0x0), maxBuffers(16), priv(0x0), dataspace(146931712), rotation(0), fps(0, 0), physCamId(), groupId(-1), sensorPixelModes(0), multi_resolution_input_image(0), stream_use_case(0), dynamic_range_profile(1), stream_timestamp(0), reserved Ptr(0x0, 0x0), HalStream(override_format(0x22), usage(0x0, 0x0))
10-06 20:27:26.043  1660 27921 I Unihal  : ScenarioManager.cpp: AsyncAllocateBuffers: 3611: JPEG Buffer Info 4000x3000, size 18175490
10-06 20:27:26.043  1660 14163 I Unihal  : CameraHalUnit.cpp: PrintConfigureStreams: 747: Configured : FW number of streams(1)
10-06 20:27:26.043  1660 27921 I Unihal  : UniBufferSupplier.cpp: CreateBufferManager: 73: Request Stream Buffer Manager.
10-06 20:27:26.043  1660 14163 I Unihal  : CameraHalUnit.cpp: PrintConfigureStreams: 774: Configured FW streams are same with HAL's.
10-06 20:27:26.043  1660 27921 I Unihal  : UniBufferSupplier.cpp: CreateBufferManager: 89: [EXT_BUF_MGR(stream 0xb40000720db0e2f8)] 0xb40000738dae2d00 Created. # of subStream 11
10-06 20:27:26.043  1660 14163 I Unihal  : UniState.cpp: transitState: 102: Transiting to state 4
10-06 20:27:26.043  1660 14163 I Unihal  : UniHalPlusMediator.cpp: ConfigureStreams: 368: Device(0xb40000719db95e60): X
10-06 20:27:26.043  1660 14163 I Unihal  : UniHal3InterfaceEntry.cpp: uni_configure_streams: 290: [UNIKPI][1] UniHAL->configure_streams: X
10-06 20:27:26.043  1660 27922 I Unihal  : GlobalMonitor.cpp: MonitoringTask: 270: Monitoring is started
10-06 20:27:26.043  1660 14163 I Samsung_CameraDeviceSession_impl: [CAMKPI] camera3->configure_streams : X
10-06 20:27:26.043  2194 14144 I AidlCamera3-Device: configureStreams : stream[0] : format = 0x22(IMPL_DEF), data_space = 146931712, color_space = -1, usage flag = 0x20100, max_buffers = 16, physical_camera_id = null
10-06 20:27:26.043  2194 14144 I Camera3-Status: addComponent: Adding new component 2 - BufferRequestSM
10-06 20:27:26.043  2194 14144 D Camera3-Device: CameraPerf: Connect Streams E
10-06 20:27:26.043  2194 14144 I Camera3-Status: addComponent: Adding new component 3 - streamId = 0, format = 0x22(IMPL_DEF), width = 1920, height = 1080, option = 0x0, type = OUTPUT
10-06 20:27:26.044  2194 14144 D Camera3-OutputStream: configureConsumerQueueLocked: Consumer wants 2 buffers, HAL wants 16
10-06 20:27:26.044  2194 14144 I Camera3-OutputStream: configureConsumerQueueLocked: [VSYNC] allowPreviewRespace : true, mSyncToDisplay : false, mPreviewFrameSpacer : true
10-06 20:27:26.044  2194 14144 D Camera3-Device: CameraPerf: Connect Streams X (0ms)
10-06 20:27:26.044  2194 14144 D Camera3-Device: Set real time priority for request queue thread (tid 27788)
10-06 20:27:26.044  2194 14144 D Camera3-Device: CameraPerf: configureStreamsLocked: Camera 1: Stream configuration X (253ms)
10-06 20:27:26.044  2194 14144 D Camera3-Utils: Set regular priority for thread (tid 14144)
10-06 20:27:26.044  4095  4204 V WindowManagerShell: Transition animation finished (aborted=false), notifying core (#11374) android.os.BinderProxy@e714e8e@0
10-06 20:27:26.044  4095  4204 I SurfaceControlRegistry: apply, t=FinishTransaction_SyncId<11374>, caller=android.view.SurfaceControl$Transaction.apply:3459 android.view.SurfaceControl$Transaction.apply:3447 android.view.SurfaceControl$Transaction.apply:3397 com.android.wm.shell.transition.Transitions.onFinish:315 com.android.wm.shell.transition.Transitions$$ExternalSyntheticLambda7.onTransitionFinished:12 com.android.wm.shell.transition.DefaultTransitionHandler$$ExternalSyntheticLambda2.run:36 
10-06 20:27:26.045 27585 27777 I org.webrtc.Logging: Camera2Session: Camera capture session configured.
10-06 20:27:26.045 27585 27794 W mple.threevchat: Long monitor contention with owner CaptureThread (27777) at void android.hardware.camera2.impl.CameraDeviceImpl.waitUntilIdle()(CameraDeviceImpl.java:1762) waiters=0 in void android.hardware.camera2.impl.CameraDeviceImpl$6.run() for 259ms
10-06 20:27:26.045  1660 27908 I CV      : File: vendor/qcom/proprietary/cv-noship/eva/4.0/src/cpu/evaDmm.cpp Line: 1167 Function: evaInitDmm() Msg: evaDmmDumpLevel = 0x00000000
10-06 20:27:26.045  1660 27908 I CV      : File: vendor/qcom/proprietary/cv-noship/eva/4.0/src/cpu/evaDmm.cpp Line: 1170 Function: evaInitDmm() Msg: evaSetEvaHang = 0x00000000
10-06 20:27:26.045  1660 27908 I CV      : File: vendor/qcom/proprietary/cv-noship/eva/4.0/src/cpu/evaDmm.cpp Line: 1238 Function: evaInitDmm() Msg: pDmm->pSession->nHangdumpReplayFreq = 0
10-06 20:27:26.045  1660 27908 I DMABUFHEAPS: Using DMA-BUF heap named: qcom,system
10-06 20:27:26.045  2140  6325 V WindowManager: Finish Transition: TransitionRecord{a9cc42 id=11374 type=OPEN flags=0x0 c=[
10-06 20:27:26.045  2140  6325 V WindowManager:    ChangeInfo{38c6a8e container=ActivityRecord{26494035 u0 com.example.threevchat/.ui.CallActivity t9190} flags=0x0}
10-06 20:27:26.045  2140  6325 V WindowManager:    ChangeInfo{314d2af container=Task{51e3d0b #9190 type=standard A=10883:com.example.threevchat} flags=0x0}
10-06 20:27:26.045  2140  6325 V WindowManager:    ChangeInfo{ed3cb25 container=ActivityRecord{174183642 u0 com.example.threevchat/.MainActivity t9190} flags=0x0}
10-06 20:27:26.045  2140  6325 V WindowManager:    ChangeInfo{a6936bc container=Display{#0 state=ON size=1080x2340 ROTATION_0} flags=0x0}
10-06 20:27:26.045  2140  6325 V WindowManager:    ChangeInfo{ee1c645 container=DefaultTaskDisplayArea_d0@254574274 flags=0x0}
10-06 20:27:26.045  2140  6325 V WindowManager: ]
10-06 20:27:26.045  2140  6325 V WindowManager: }, caller=com.android.server.wm.WindowOrganizerController.finishTransitionInner:31 com.android.server.wm.WindowOrganizerController.finishAllTransitions:60 android.window.IWindowOrganizerController$Stub.onTransact:283 
10-06 20:27:26.045  1660 27908 I DMABUFHEAPS: Using DMA-BUF heap named: qcom,system
10-06 20:27:26.045  2194 14144 D AidlCamera3-Device: CameraPerf: constructDefaultRequestSettings templateId: 3 E
10-06 20:27:26.045  1660 27908 I DMABUFHEAPS: Using DMA-BUF heap named: qcom,system
10-06 20:27:26.045  1660 27908 I DMABUFHEAPS: Using DMA-BUF heap named: qcom,system
10-06 20:27:26.045  1660 27908 I DMABUFHEAPS: Using DMA-BUF heap named: qcom,system
10-06 20:27:26.046  2140  6325 V WindowManager: Setting visibility of Window{25f168 u0 com.example.threevchat/com.example.threevchat.MainActivity}: false, caller=com.android.server.wm.WindowContainer.sendAppVisibilityToClients:19 com.android.server.wm.WindowToken.setClientVisible:48 com.android.server.wm.ActivityRecord.commitVisibility:186 com.android.server.wm.TransitionController.finishTransition:846 com.android.server.wm.WindowOrganizerController.finishTransitionInner:31 
10-06 20:27:26.046  2140  6325 D ChangeTransitionController: onTransitionFinished: TransitionRecord{a9cc42 id=11374 type=OPEN flags=0x0 c=[
10-06 20:27:26.046  2140  6325 D ChangeTransitionController:    ChangeInfo{38c6a8e container=ActivityRecord{26494035 u0 com.example.threevchat/.ui.CallActivity t9190} flags=0x0}
10-06 20:27:26.046  2140  6325 D ChangeTransitionController:    ChangeInfo{314d2af container=Task{51e3d0b #9190 type=standard A=10883:com.example.threevchat} flags=0x0}
10-06 20:27:26.046  2140  6325 D ChangeTransitionController:    ChangeInfo{ed3cb25 container=ActivityRecord{174183642 u0 com.example.threevchat/.MainActivity t9190} flags=0x0}
10-06 20:27:26.046  2140  6325 D ChangeTransitionController:    ChangeInfo{a6936bc container=Display{#0 state=ON size=1080x2340 ROTATION_0} flags=0x0}
10-06 20:27:26.046  2140  6325 D ChangeTransitionController:    ChangeInfo{ee1c645 container=DefaultTaskDisplayArea_d0@254574274 flags=0x0}
10-06 20:27:26.046  2140  6325 D ChangeTransitionController: ]
10-06 20:27:26.046  2140  6325 D ChangeTransitionController: }
10-06 20:27:26.046  1660 27908 I DMABUFHEAPS: Using DMA-BUF heap named: qcom,system
10-06 20:27:26.046  4095  4204 V WindowManagerShell: Track 0 became idle
10-06 20:27:26.046  4095  4204 V WindowManagerShell: All active transition animations finished
10-06 20:27:26.047 27585 27585 I VRI[MainActivity]@a1a71e0: handleAppVisibility mAppVisible = true visible = false
10-06 20:27:26.047 27585 27585 D VRI[MainActivity]@a1a71e0: visibilityChanged oldVisibility=true newVisibility=false
10-06 20:27:26.047  2140  2175 V WindowManager: Finish Transition (#11374): created at 10-06 20:27:25.572 collect-started=0.345ms request-sent=5.728ms started=8.568ms ready=50.755ms sent=224.787ms commit=14.607ms finished=473.681ms
10-06 20:27:26.048  1660 14163 I Unihal  : UniHalPlusMediator.cpp: ConstructDefaultRequestSettings: 552: Device(0xb40000719db95e60), type=3: E
10-06 20:27:26.048  1660 14163 I Unihal  : UniHalPlusMediator.cpp: ConstructDefaultRequestSettings: 552: Device(0xb40000719db95e60), type=3: X
10-06 20:27:26.048  2194 14144 D AidlCamera3-Device: CameraPerf: constructDefaultRequestSettings X (2ms)
10-06 20:27:26.048  1660 27908 I DMABUFHEAPS: Using DMA-BUF heap named: qcom,system
10-06 20:27:26.049 27585 27777 I org.webrtc.Logging: Camera2Session: Stabilization not available.
10-06 20:27:26.049 27585 27777 I org.webrtc.Logging: Camera2Session: Using continuous video auto-focus.
10-06 20:27:26.050  2194 14144 D Camera3-Device: setStreamingRequestList: Enter: calling submitRequestsHelper: repeating = true
10-06 20:27:26.050  2194 14144 D Camera3-Device: submitRequestsHelper: mInterfaceLock.lock()
10-06 20:27:26.050  2194 14144 I Camera3-Device: Submit request type: 0x1, repeating(true), burst(false)
10-06 20:27:26.050  2194 14144 D Camera3-Device: setRepeatingRequests: lastFrameNumber 0.
10-06 20:27:26.050  2194 14144 I Camera3-Status: markComponent: Component 1 is now active - RequestThread
10-06 20:27:26.050  2194 27788 E Camera3-Device: updateSessionParameters: Session parameter tag id samsung.android.control.shootingMode(0x811c000d) changed
10-06 20:27:26.050  2194 27788 E Camera3-Device: updateSessionParameters: Session parameter tag id samsung.android.control.recordingExtraMode(0x811c007d) changed
10-06 20:27:26.050  2194 27788 E Camera3-Device: updateSessionParameters: Session parameter tag id samsung.android.sensor.pixelMode(0x8122000c) changed
10-06 20:27:26.050  2194 27788 E Camera3-Device: updateSessionParameters: Session parameter tag id android.control.videoStabilizationMode(0x10011) changed
10-06 20:27:26.050  2194 27788 E Camera3-Device: updateSessionParameters: Session parameter tag id samsung.android.control.colorSpaceMode(0x811c00a0) changed
10-06 20:27:26.050  2194 27787 I CameraService: startCameraStreamingOps: Start camera streaming ops, package name = com.example.threevchat, client UID = 10883
10-06 20:27:26.050  2194 27787 D CameraService: startCameraStreamingOps: Start data delivery for uid 10883
10-06 20:27:26.050  2140  6325 I EDMNativeHelperService: isCameraEnabled
10-06 20:27:26.050  2140  6325 D EDMNativeHelper: isCameraEnabled
10-06 20:27:26.050  2140  6325 D EDMNativeHelper: checking for camera in EnterpriseDeviceManagerService
10-06 20:27:26.050  2194 14144 D Camera3-Device: submitRequestsHelper: mInterfaceLock.unlock()
10-06 20:27:26.050  2140  6325 D EnterpriseDeviceManagerService: isCameraEnabledNative
10-06 20:27:26.050  2140  6325 D EnterpriseDeviceManagerService: checking for camera in restriction policy
10-06 20:27:26.050  2140  6325 D RestrictionPolicy: isCameraEnabled ret(true) userId(0) cxtInfo.mCallerUid(10883) cxtInfo.mContainerId(0)
10-06 20:27:26.051 27585 27777 I org.webrtc.Logging: Camera2Session: Camera device successfully started.
10-06 20:27:26.051 27585 27777 I org.webrtc.Logging: CameraCapturer: Create session done. Switch state: IDLE
10-06 20:27:26.051 27585 27777 I org.webrtc.Logging: SurfaceTextureHelper: Setting listener to org.webrtc.Camera2Session$CaptureSessionCallback$$ExternalSyntheticLambda0@7bafa02
10-06 20:27:26.051  2194 27787 I CameraServiceProxyWrapper: updateProxyDeviceState: notifyCameraState for Camera ID 1, newState 1, facing 1, clientName com.example.threevchat, apiLevel 2
10-06 20:27:26.051  2140  4236 I CameraService_proxy: wmi.addRefreshRateRangeForPackage minFPS = 60.0, maxFPS = 60.0, clientName = com.example.threevchat
10-06 20:27:26.051  2140  2261 D SensorPrivacyService: onOpNoted  com.example.threevchat  code=26  uid=10883
10-06 20:27:26.052  2140  6325 I CameraManagerGlobal: Camera 1 facing CAMERA_FACING_FRONT state now CAMERA_STATE_ACTIVE for client com.example.threevchat API Level 2 User Id 0Device Id 0
10-06 20:27:26.052  6526  6622 I CameraManagerGlobal: Camera 1 facing CAMERA_FACING_FRONT state now CAMERA_STATE_ACTIVE for client com.example.threevchat API Level 2 User Id 0Device Id 0
10-06 20:27:26.052  4095  4951 I CameraManagerGlobal: Camera 1 facing CAMERA_FACING_FRONT state now CAMERA_STATE_ACTIVE for client com.example.threevchat API Level 2 User Id 0Device Id 0
10-06 20:27:26.052  4095  4951 I CameraManagerGlobal: onCameraDeviceStateChangedLocked: post device state update
10-06 20:27:26.052  2140  2179 W PhoneWindowManager: lockNow pending, ignore updating lockscreen timeout
10-06 20:27:26.052  4095  4951 I CameraManagerGlobal: onCameraDeviceStateChangedLocked: post device state update
10-06 20:27:26.052  2140  3677 D SemWifiCoexManager: onCameraDeviceStateChanged:  cameraId=1 facing=1 newCameraState=1 clientName=com.example.threevchat
10-06 20:27:26.052  6526  7407 I EadCameraController: onCameraDeviceStateChanged:  cameraId=1 facing=1 newCameraState=1 clientName=com.example.threevchat
10-06 20:27:26.052  2140  6325 I CameraManagerGlobal: onCameraDeviceStateChangedLocked: post device state update
10-06 20:27:26.052  2140  6325 I CameraManagerGlobal: onCameraDeviceStateChangedLocked: post device state update
10-06 20:27:26.052  2140  2179 D SurfaceComposerClient: setCornerRadius ## 19f3d66 com.example.threevchat/com.example.threevchat.ui.CallActivity#147270 cornerRadius=0.000000
10-06 20:27:26.052  2194 27788 D Camera3-Device: reconfigureCamera E
10-06 20:27:26.052  6645 13820 I CameraManagerGlobal: Camera 1 facing CAMERA_FACING_FRONT state now CAMERA_STATE_ACTIVE for client com.example.threevchat API Level 2 User Id 0Device Id 0
10-06 20:27:26.052  6645 13820 I CameraManagerGlobal: onCameraDeviceStateChangedLocked: post device state update
10-06 20:27:26.052  7637  2755 I CameraManagerGlobal: Camera 1 facing CAMERA_FACING_FRONT state now CAMERA_STATE_ACTIVE for client com.example.threevchat API Level 2 User Id 0Device Id 0
10-06 20:27:26.052  6645 13820 I CameraManagerGlobal: onCameraDeviceStateChangedLocked: post device state update
10-06 20:27:26.052   847   847 I lmkd    : CameraMode: check camkillboostmode : 11 , ionheap: 291356, pid : 27585, index : 7 , camprocall/provider/server size : (108873, 39261, 3347), available : 434510, heap_pool : 1329, kreclaimable : 87933, init_cam : 0
10-06 20:27:26.052   847   847 I lmkd    : CameraMode: check finished camerakillboostmode
10-06 20:27:26.052  6723 25454 I CameraManagerGlobal: Camera 1 facing CAMERA_FACING_FRONT state now CAMERA_STATE_ACTIVE for client com.example.threevchat API Level 2 User Id 0Device Id 0
10-06 20:27:26.052  2140  2178 I RefreshRateModeManager: Schedule to change allowedModes=baseModeId=10 allowGroupSwitching=false primary=physical: (60.0 60.0) render:  (60.0 60.0) appRequest=physical: (60.0 60.0) render:  (60.0 60.0) idleScreenRefreshRateConfig=null, mDisplayToken=android.os.BinderProxy@8b1ed88
10-06 20:27:26.052  2140  2178 I RefreshRateModeManager:     -1:
10-06 20:27:26.052  2140  2178 I RefreshRateModeManager:       PRIORITY_LOW_POWER_MODE_RENDER_RATE -> CombinedVote{ mVotes=[PhysicalVote{ RefreshRateVote{  mMinRefreshRate=0.0, mMaxRefreshRate=60.0 } }, DisableRefreshRateSwitchingVote{ mDisableRefreshRateSwitching=false }] }
10-06 20:27:26.052  2140  2178 I RefreshRateModeManager:       PRIORITY_REFRESH_RATE_MODE -> CombinedVote{ mVotes=[PhysicalVote{ RefreshRateVote{  mMinRefreshRate=10.0, mMaxRefreshRate=60.0 } }, DisableRefreshRateSwitchingVote{ mDisableRefreshRateSwitching=false }] }
10-06 20:27:26.052  2140  2178 I RefreshRateModeManager:     0:
10-06 20:27:26.052  2140  2178 I RefreshRateModeManager:       PRIORITY_USER_SETTING_PEAK_RENDER_FRAME_RATE -> RenderVote{ RefreshRateVote{  mMinRefreshRate=0.0, mMaxRefreshRate=120.0 } }
10-06 20:27:26.052  2140  2178 I RefreshRateModeManager:       PRIORITY_RESOLUTION -> SizeVote{ mWidth=1080, mHeight=2340, mMinWidth=1080, mMinHeight=2340 }
10-06 20:27:26.052  2140  2178 I RefreshRateModeManager:       PRIORITY_USER_SETTING_PEAK_REFRESH_RATE -> CombinedVote{ mVotes=[PhysicalVote{ RefreshRateVote{  mMinRefreshRate=0.0, mMaxRefreshRate=120.0 } }, DisableRefreshRateSwitchingVote{ mDisableRefreshRateSwitching=false }] }
10-06 20:27:26.052  2140  2178 I RefreshRateModeManager:       PRIORITY_APP_REQUEST_RENDER_FRAME_RATE_RANGE -> RenderVote{ RefreshRateVote{  mMinRefreshRate=60.0, mMaxRefreshRate=60.0 } }
10-06 20:27:26.052  2140  2178 I RefreshRateModeManager:       PRIORITY_USER_SETTING_DISPLAY_PREFERRED_SIZE -> SizeVote{ mWidth=1080, mHeight=2340, mMinWidth=1080, mMinHeight=2340 }
10-06 20:27:26.052  2140  2178 I RefreshRateModeManager:       PRIORITY_USER_SETTING_MIN_RENDER_FRAME_RATE -> RenderVote{ RefreshRateVote{  mMinRefreshRate=0.0, mMaxRefreshRate=Infinity } }
10-06 20:27:26.052  2140  2178 I RefreshRateModeManager: 
10-06 20:27:26.052  2140  2178 I RefreshRateModeManager:  mModeSwitchingType: SWITCHING_TYPE_WITHIN_GROUPS mAlwaysRespectAppRequest: false
10-06 20:27:26.052  2140  2178 I RefreshRateModeManager:  Current Mode mReportedRefreshRateMode(toSurfaceFlinger)=REFRESH_RATE_MODE_SEAMLESS, mRefreshRateMode(fromSettings)=REFRESH_RATE_MODE_NORMAL
10-06 20:27:26.052  2140  2178 I RefreshRateModeManager:  BrightnessState mPassive=false, PassiveModeToken=false, mLfd=0, mBrightness=296, mAmbientLux=68.985, mIsWirelessCharing=false
10-06 20:27:26.053  3936 12339 I CameraManagerGlobal: Camera 1 facing CAMERA_FACING_FRONT state now CAMERA_STATE_ACTIVE for client com.example.threevchat API Level 2 User Id 0Device Id 0
10-06 20:27:26.053 14811 12664 I CameraManagerGlobal: Camera 1 facing CAMERA_FACING_FRONT state now CAMERA_STATE_ACTIVE for client com.example.threevchat API Level 2 User Id 0Device Id 0
10-06 20:27:26.053   836 18974 I AiPrivacy::SaSensorRepository: Active op +  op : android:camera uid : 10883 PackageName : com.example.threevchat Active : true
10-06 20:27:26.053 12958 22590 I CameraManagerGlobal: Camera 1 facing CAMERA_FACING_FRONT state now CAMERA_STATE_ACTIVE for client com.example.threevchat API Level 2 User Id 0Device Id 0
10-06 20:27:26.053 12958 22590 I CameraManagerGlobal: onCameraDeviceStateChangedLocked: post device state update
10-06 20:27:26.053  2194 27788 I Camera3-Status: markComponent: Component 1 is now idle - RequestThread
10-06 20:27:26.053 14552 16507 I CameraManagerGlobal: Camera 1 facing CAMERA_FACING_FRONT state now CAMERA_STATE_ACTIVE for client com.example.threevchat API Level 2 User Id 0Device Id 0
10-06 20:27:26.053  2194 27788 D Camera3-Utils: Set real time priority for thread (tid 27788)
10-06 20:27:26.053  2194 27788 D Camera3-Device: CameraPerf: configureStreamsLocked: Camera 1: Stream configuration E
10-06 20:27:26.053  2194 27788 I Camera3-Status: removeComponent: Removing component 3 - streamId = 0, format = 0x22(IMPL_DEF), width = 1920, height = 1080, option = 0x0, type = OUTPUT
10-06 20:27:26.053 10613 27889 I CameraManagerGlobal: Camera 1 facing CAMERA_FACING_FRONT state now CAMERA_STATE_ACTIVE for client com.example.threevchat API Level 2 User Id 0Device Id 0
10-06 20:27:26.053  2194 27788 I AidlCamera3-Device: configureStreams : Before configuration Stream[0] : [1920 x 1080], format = 0x22(IMPL_DEF), data_space = 0, color_space = -1, usage flag = 0x100, physical_camera_id = null
10-06 20:27:26.054  1660 27908 I CV      : File: vendor/qcom/proprietary/cv-noship/eva/4.0/src/cpu/evaDmm.cpp Line: 1775 Function: evaInitDmm() Msg: DMM Config for session: mode 4, nonWSrcWid 480, nonWSrcHgt 270, nonWFormat 16388, WSrcWid 480, WSrcHgt 270, WFormat 32785, IntMaxWid 488, IntMaxHgt 272, SGMWid 244, SGMHei 136, AlignTyp 0, DisAliCtl 0, StreamId 0
