10-06 20:27:25.384  4321  5363 I ScanController: onScanResult to scannerId: 4- eventType=0x1b, addressType=1, address=XX:XX:XX:XX:CA:EB, primaryPhy=1, secondaryPhy=0, advertisingSid=0xff, txPower=127, rssi=-96, periodicAdvInt=0x0
10-06 20:27:25.420  1612  5232 I vendor.qti.bluetooth@1.1-ibs_handler: ProcessIbsCmd: Received IBS_SLEEP_IND: 0xFE
10-06 20:27:25.421  1612  5232 D vendor.qti.bluetooth@1.1-ibs_handler: SerialClockVote: vote for UART CLK OFF
10-06 20:27:25.473  2140  3467 D InputReader: Btn_touch(4): value=1 when=389839.405856
10-06 20:27:25.473  2140  3467 I InputReader: Touch event's action is 0x0 (id=6, t=0) [pCnt=1, s=0.8670 ] when=389839.405856
10-06 20:27:25.476  2140  2140 D PowerManagerService: [api] userActivity : other (uid: 1000 pid: 2140) <- onInputEvent() in com.android.server.accessibility.AccessibilityInputFilter:427 displayId=0 eventTime=389839405
10-06 20:27:25.477  2140  2140 D InputDispatcher: Inject motion (0/0): action=0x0, time=389839405856000, f=0x0, d=0 dsdx=1.000000 dtdx=0.000000
10-06 20:27:25.478  2140  3466 I InputDispatcher: Delivering touch to (4095): action: 0x4, f=0x0, d=0, '4050935', t=1 
10-06 20:27:25.478  2140  3466 I InputDispatcher: Delivering touch to (27585): action: 0x0, f=0x0, d=0, '25f168 ', t=1 
10-06 20:27:25.479  2140  3466 D PowerManagerService: [api] userActivityFromNative : touch displayId=0 eventTime=389839405
10-06 20:27:25.479  2140  3466 D PowerManagerService: UserActivityStateListenerState: 1
10-06 20:27:25.480 27585 27585 I VRI[MainActivity]@a1a71e0: ViewPostIme pointer 0
10-06 20:27:25.481  2140  2176 I GestureDetector: obtain mCurrentDownEvent. id: 549592469 caller: com.android.server.wm.SystemGesturesPointerEventListener.onPointerEvent:17 com.android.server.wm.PointerEventDispatcher.onInputEvent:51 android.view.InputEventReceiver.dispatchInputEvent:392 
10-06 20:27:25.482  2140  2176 I GestureDetector: obtain mCurrentDownEvent. id: 549592469 caller: com.android.server.wm.SystemPerformancePointerEventListener.onPointerEvent:13 com.android.server.wm.PointerEventDispatcher.onInputEvent:51 android.view.InputEventReceiver.dispatchInputEvent:392 
10-06 20:27:25.484  2140  2176 I GestureDetector: obtain mCurrentMotionEventRaw. action: 2 id: 70444744
10-06 20:27:25.484  2140  2176 I GestureDetector: obtain mCurrentMotionEventRaw. action: 2 id: 70444744
10-06 20:27:25.491 27585 27585 I VRI[MainActivity]@a1a71e0: call setFrameRateCategory for touch hint category=high hint, reason=touch, vri=VRI[MainActivity]@a1a71e0
10-06 20:27:25.492 27585 27585 D Choreographer: BBA2 receive callback when in bg : 0
10-06 20:27:25.493  1725  4360 I VSyncReactor: Current= 60, Period= 60, Distance= 1
10-06 20:27:25.507  1725  1725 I SurfaceFlinger: SFWD update time=389839440640141
10-06 20:27:25.508  1725  1725 I SurfaceFlinger: [com.example.threevchat/com.example.threevchat.MainActivity$_27585#147263] setFrameRateCategory: HighHint
10-06 20:27:25.510  1725  1908 I VSyncReactor: Current= 60, Period= 60, Distance= 60
10-06 20:27:25.513  2140  3467 D InputReader: Btn_touch(4): value=0 when=389839.446331
10-06 20:27:25.515  2140  3467 I InputReader: Touch event's action is 0x1 (id=6, t=0) [pCnt=1, s=] when=389839.446331
10-06 20:27:25.515  2140  2140 D InputDispatcher: Inject motion (0/0): action=0x1, time=389839446331000, f=0x0, d=0 dsdx=1.000000 dtdx=0.000000
10-06 20:27:25.515  2140  3466 I InputDispatcher: Delivering touch to (27585): action: 0x1, f=0x0, d=0, '25f168 ', t=1 
10-06 20:27:25.516 27585 27585 I VRI[MainActivity]@a1a71e0: ViewPostIme pointer 1
10-06 20:27:25.517  1718  1731 E HeatmapThread: ECT Thread time in milliseconds: 1759796845
10-06 20:27:25.520  1718  1731 D HeatmapThread: !@ batteryplugType : 2
10-06 20:27:25.520  1612  5232 I vendor.qti.bluetooth@1.1-ibs_handler: ProcessIbsCmd: Received IBS_WAKE_IND: 0xFD
10-06 20:27:25.520  1612  5232 D vendor.qti.bluetooth@1.1-ibs_handler: SerialClockVote: vote for UART CLK ON
10-06 20:27:25.520  1612  5232 I vendor.qti.bluetooth@1.1-ibs_handler: ProcessIbsCmd: Writing IBS_WAKE_ACK
10-06 20:27:25.520  1718  1731 D HeatmapThread: !@ batteryLevel : 97  batteryTemperature : 295 
10-06 20:27:25.520  1718  1731 D HeatmapThread: !@ Heatmap currtime: 29329947
10-06 20:27:25.520  1718  1731 D HeatmapThread: !@ Heatmap prevtime: 29329926
10-06 20:27:25.521  1718  1731 D HeatmapThread: !@ Heatmap plugstarttime: 29329934
10-06 20:27:25.521  1718  1731 D HeatmapThread: !@ Heatmap prevv_dsoh_update_time: 29329829
10-06 20:27:25.521  1718  1731 E HeatmapThread: !@ CAM New BSOH: 100
10-06 20:27:25.522  4321  5363 I ScanController: onScanResult to scannerId: 8- eventType=0x10, addressType=1, address=XX:XX:XX:XX:31:C6, primaryPhy=1, secondaryPhy=0, advertisingSid=0xff, txPower=127, rssi=-95, periodicAdvInt=0x0
10-06 20:27:25.535 27585 27585 W WindowOnBackDispatcher: OnBackInvokedCallback is not enabled for the application.
10-06 20:27:25.535 27585 27585 W WindowOnBackDispatcher: Set 'android:enableOnBackInvokedCallback="true"' in the application manifest.
10-06 20:27:25.561  1612  5232 I vendor.qti.bluetooth@1.1-ibs_handler: ProcessIbsCmd: Received IBS_SLEEP_IND: 0xFE
10-06 20:27:25.561  1612  5232 D vendor.qti.bluetooth@1.1-ibs_handler: SerialClockVote: vote for UART CLK OFF
10-06 20:27:25.570  2140  6325 D ActivityTaskManager: startActivityAsUser: callingPid=27585, callingUid=10883, caller=com.android.server.wm.ActivityTaskManagerService.startActivity:123 android.app.IActivityTaskManager$Stub.onTransact:1493 com.android.server.wm.ActivityTaskManagerService.onTransact:1 android.os.Binder.execTransactInternal:1457 android.os.Binder.execTransact:1401 <bottom of call stack> <bottom of call stack> 
10-06 20:27:25.571  2140  6325 D ActivityTaskManager: DesktopModeLaunchParamsModifier: task=null activity=null task null, skipping
10-06 20:27:25.571  2140  6325 D ActivityTaskManager: TaskLaunchParamsModifier:task=null activity=null display-area-from-source=DefaultTaskDisplayArea_d0@254574274 display-id=0 task-display-area-windowing-mode=1 suggested-display-area=DefaultTaskDisplayArea_d0@254574274
10-06 20:27:25.571  2140  6325 W OptProp : Cannot read opt property android.window.PROPERTY_COMPAT_ALLOW_RESIZEABLE_ACTIVITY_OVERRIDES
10-06 20:27:25.571  2140  6325 W OptProp : Cannot read opt property android.window.PROPERTY_COMPAT_ALLOW_MIN_ASPECT_RATIO_OVERRIDE
10-06 20:27:25.572  2140  6325 D WindowManager: Transition is created, t=TransitionRecord{a9cc42 id=-1 type=OPEN flags=0x0}, caller=com.android.server.wm.Transition.<init>:182 com.android.server.wm.TransitionController.createAndStartCollecting:106 com.android.server.wm.ActivityStarter.executeRequest:3606 com.android.server.wm.ActivityStarter.execute:1752 com.android.server.wm.ActivityTaskManagerService.startActivityAsUser:95 
10-06 20:27:25.572  2140  6325 D BLASTSyncEngine: SyncGroup is created, id=11374, name=Transition-OPEN, caller=com.android.server.wm.BLASTSyncEngine$SyncGroup.<init>:52 com.android.server.wm.TransitionController.moveToCollecting:79 com.android.server.wm.TransitionController.createAndStartCollecting:109 com.android.server.wm.ActivityStarter.executeRequest:3606 com.android.server.wm.ActivityStarter.execute:1752 com.android.server.wm.ActivityTaskManagerService.startActivityAsUser:95 com.android.server.wm.ActivityTaskManagerService.startActivity:123 
10-06 20:27:25.572  2140  6325 W BLASTSyncEngine: setSyncMethod, id=11374, method=0, caller=com.android.server.wm.TransitionController.moveToCollecting:91 com.android.server.wm.TransitionController.createAndStartCollecting:109 com.android.server.wm.ActivityStarter.executeRequest:3606 
10-06 20:27:25.572  2140  6325 V WindowManager: Start collecting in Transition: TransitionRecord{a9cc42 id=11374 type=OPEN flags=0x0}, caller=com.android.server.wm.TransitionController.createAndStartCollecting:109 com.android.server.wm.ActivityStarter.executeRequest:3606 com.android.server.wm.ActivityStarter.execute:1752 com.android.server.wm.ActivityTaskManagerService.startActivityAsUser:95 com.android.server.wm.ActivityTaskManagerService.startActivity:123 
10-06 20:27:25.572  2140  6325 V WindowManager: Collecting in transition 11374: ActivityRecord{26494035 u0 com.example.threevchat/.ui.CallActivity, caller=com.android.server.wm.TransitionController.collect:7 com.android.server.wm.ActivityStarter.startActivityUnchecked:98 com.android.server.wm.ActivityStarter.executeRequest:3651 com.android.server.wm.ActivityStarter.execute:1752 com.android.server.wm.ActivityTaskManagerService.startActivityAsUser:95 
10-06 20:27:25.572  2140  6325 D ActivityTaskManager: DesktopModeLaunchParamsModifier: task=null activity=ActivityRecord{26494035 u0 com.example.threevchat/.ui.CallActivity t-1} task null, skipping
10-06 20:27:25.572  2140  6325 D ActivityTaskManager: TaskLaunchParamsModifier:task=null activity=ActivityRecord{26494035 u0 com.example.threevchat/.ui.CallActivity t-1} display-area-from-source=DefaultTaskDisplayArea_d0@254574274 display-id=0 task-display-area-windowing-mode=1 suggested-display-area=DefaultTaskDisplayArea_d0@254574274
10-06 20:27:25.572  2140  6325 D ActivityTaskManager: DesktopModeLaunchParamsModifier: task=Task{51e3d0b #9190 type=standard A=10883:com.example.threevchat} activity=ActivityRecord{26494035 u0 com.example.threevchat/.ui.CallActivity t-1} non-desktop, skipping
10-06 20:27:25.572  2140  6325 D ActivityTaskManager: TaskLaunchParamsModifier:task=Task{51e3d0b #9190 type=standard A=10883:com.example.threevchat} activity=ActivityRecord{26494035 u0 com.example.threevchat/.ui.CallActivity t-1} display-area-from-source=DefaultTaskDisplayArea_d0@254574274 display-id=0 task-display-area-windowing-mode=1 suggested-display-area=DefaultTaskDisplayArea_d0@254574274 inherit-from-source=fullscreen non-freeform-task-display-area display-area=DefaultTaskDisplayArea_d0@254574274 default-portrait freeform-size-mismatch=Rect(81, 559 - 999, 1729)
10-06 20:27:25.573  2140  6325 I SemDvfsHyPerManager: acquire hyper - AMS_ACT_START/2140@17, type = -999
10-06 20:27:25.573  2140  6325 D ActivityManagerPerformance: AMP_acquire() ACT_START
10-06 20:27:25.573  2140  6325 D ActivityTaskManager: DesktopModeLaunchParamsModifier: task=Task{51e3d0b #9190 type=standard A=10883:com.example.threevchat} activity=ActivityRecord{26494035 u0 com.example.threevchat/.ui.CallActivity t-1} non-desktop, skipping
10-06 20:27:25.573  2140  6325 D ActivityTaskManager: TaskLaunchParamsModifier:task=Task{51e3d0b #9190 type=standard A=10883:com.example.threevchat} activity=ActivityRecord{26494035 u0 com.example.threevchat/.ui.CallActivity t-1} display-area-from-source=DefaultTaskDisplayArea_d0@254574274 display-id=0 task-display-area-windowing-mode=1 suggested-display-area=DefaultTaskDisplayArea_d0@254574274 inherit-from-source=fullscreen non-freeform-task-display-area display-area=DefaultTaskDisplayArea_d0@254574274 default-portrait freeform-size-mismatch=Rect(81, 559 - 999, 1729)
10-06 20:27:25.573  1623  1657 I HYPER-HAL: [RequestManager.cpp]acquire(): Acquired ID : 2327420  [2140 / 17]    HINT : AMS_ACT_START    list : 
10-06 20:27:25.573  2140  6325 W OptProp : Cannot read opt property android.window.PROPERTY_COMPAT_ALLOW_ORIENTATION_OVERRIDE
10-06 20:27:25.574  1725  1908 I SurfaceFlinger: id=147269 createSurf, flag=84004, ActivityRecord{26494035 u0 com.example.threevchat/.ui.CallActivity t9190}#147269
10-06 20:27:25.576  2140  6325 V WindowManager: Checking theme of starting window: 0x7f0f0114
10-06 20:27:25.576  2140  6325 V WindowManager: Translucent=false Floating=false ShowWallpaper=false Disable=false
10-06 20:27:25.576  2140  6325 D ActivityTaskManager: addStartingWindow: type=0 typeParameter=2c
10-06 20:27:25.576  2140  6325 D ActivityTaskManager: scheduleTopResumedActivityChanged, onTop=false, r=ActivityRecord{174183642 u0 com.example.threevchat/.MainActivity t9190}, caller=com.android.server.wm.ActivityTaskSupervisor.scheduleTopResumedActivityStateLossIfNeeded:19 com.android.server.wm.ActivityTaskSupervisor.updateTopResumedActivityIfNeeded:20 com.android.server.wm.TaskFragment.setResumedActivity:30 com.android.server.wm.ActivityRecord.setState:91 com.android.server.wm.TaskFragment.startPausing$1:209 com.android.server.wm.TaskFragment.resumeTopActivity:699 
10-06 20:27:25.576  1725  1725 I SurfaceFlinger: [ActivityRecord{26494035 u0 com.example.threevchat/.ui.CallActivity t9190}#147269] attach to parent LayerHierarchy{RequestedLayerState{Task=9190#147230 parentId=10 z=73} 2 children}
10-06 20:27:25.577  2140  6325 D DeviceReportingSecurityChecker: getStatus
10-06 20:27:25.577  2140  6325 D DeviceReportingSecurityChecker: mIsICDStatus is true
10-06 20:27:25.577  2140  6325 D DeviceReportingSecurityChecker: mIsSim is true
10-06 20:27:25.577  2140  6325 D DeviceReportingSecurityChecker: mIsEchoAppSignature is true
10-06 20:27:25.577  2140  6325 D DeviceReportingSecurityChecker: security check passed
10-06 20:27:25.577  2140  6325 D DeviceReportingSecurityChecker: mIsICDStatus === true mIsSim == true mIsMyAccountSignature== false mIsEchoAppSignature== true mIsSprintHubSignature== false
10-06 20:27:25.577  2140  6325 V WindowManager: Collecting in transition 11374: ActivityRecord{26494035 u0 com.example.threevchat/.ui.CallActivity t9190}, caller=com.android.server.wm.Transition.collectExistenceChange:40 com.android.server.wm.ActivityStarter.handleStartResult:761 com.android.server.wm.ActivityStarter.startActivityUnchecked:124 com.android.server.wm.ActivityStarter.executeRequest:3651 com.android.server.wm.ActivityStarter.execute:1752 
10-06 20:27:25.577  2140  6325 V WindowManager: Requesting StartTransition: TransitionRecord{a9cc42 id=11374 type=OPEN flags=0x0 c=[
10-06 20:27:25.577  2140  6325 V WindowManager:    ChangeInfo{38c6a8e container=ActivityRecord{26494035 u0 com.example.threevchat/.ui.CallActivity t9190} flags=0x0}
10-06 20:27:25.577  2140  6325 V WindowManager:    ChangeInfo{314d2af container=Task{51e3d0b #9190 type=standard A=10883:com.example.threevchat} flags=0x0}
10-06 20:27:25.577  2140  6325 V WindowManager:    ChangeInfo{a6936bc container=Display{#0 state=ON size=1080x2340 ROTATION_0} flags=0x0}
10-06 20:27:25.577  2140  6325 V WindowManager:    ChangeInfo{ee1c645 container=DefaultTaskDisplayArea_d0@254574274 flags=0x0}
10-06 20:27:25.577  2140  6325 V WindowManager: ]
10-06 20:27:25.577  2140  6325 V WindowManager: }, caller=com.android.server.wm.ActivityStarter.handleStartResult:982 com.android.server.wm.ActivityStarter.startActivityUnchecked:124 com.android.server.wm.ActivityStarter.executeRequest:3651 com.android.server.wm.ActivityStarter.execute:1752 com.android.server.wm.ActivityTaskManagerService.startActivityAsUser:95 
10-06 20:27:25.578  4095  4204 V WindowManagerShell: Transition requested (#11374): android.os.BinderProxy@e714e8e TransitionRequestInfo { type = OPEN, triggerTask = TaskInfo{userId=0 taskId=9190 effectiveUid=10883 displayId=0 isRunning=true baseIntent=Intent { act=android.intent.action.MAIN cat=[android.intent.category.LAUNCHER] flg=0x10200000 cmp=com.example.threevchat/.MainActivity } baseActivity=ComponentInfo{com.example.threevchat/com.example.threevchat.MainActivity} topActivity=ComponentInfo{com.example.threevchat/com.example.threevchat.ui.CallActivity} origActivity=null realActivity=ComponentInfo{com.example.threevchat/com.example.threevchat.MainActivity} numActivities=2 lastActiveTime=518669736 supportsMultiWindow=true resizeMode=1 isResizeable=true minWidth=-1 minHeight=-1 maxWidth=-1 maxHeight=-1 defaultMinSize=220 desktopDefaultMinSize=304 token=WCT{android.window.IWindowContainerToken$Stub$Proxy@c01e6af} topActivityType=1 pictureInPictureParams=null shouldDockBigOverlays=false launchIntoPipHostTaskId=-1 lastParentTaskIdBeforePip=-1 displayCutoutSafeInsets=Rect(0, 0 - 0, 0) topActivityInfo=ActivityInfo{b72babc com.example.threevchat.ui.CallActivity} launchCookies=[] positionInParent=Point(0, 0) parentTaskId=-1 isFocused=true isVisible=true isVisibleRequested=true isTopActivityNoDisplay=false isSleeping=false locusId=null displayAreaFeatureId=1 isTopActivityTransparent=false isActivityStackTransparent=false lastNonFullscreenBounds=Rect(81, 559 - 999, 1729) capturedLink=null capturedLinkTimestamp=0 requestedVisibleTypes=-9 topActivityRequestOpenInBrowserEducationTimestamp=0 appCompatTaskInfo=AppCompatTaskInfo { topActivityInSizeCompat=false eligibleForLetterboxEducation= false isLetterboxEducationEnabled= false isLetterboxDoubleTapEnabled= false eligibleForUserAspectRatioButton= false topActivityBoundsLetterboxed= false isFromLetterboxDoubleTap= false topActivityLetterboxVerticalPosition= -1 topActivityLetterboxHorizontalPosition= -1 topActivityLetterboxWidth=-1 topActivityLetterboxHeight=-1 topActivityAppBounds=Rect(0, 0 - 1080, 2340) isUserFullscreenOverrideEnabled=false isSystemFullscreenOverrideEnabled=false hasMinAspectRatioOverride=false topActivityLetterboxBounds=null cameraCompatTaskInfo=CameraCompatTaskInfo { freeformCameraCompatMode=inactive} topActivityBounds=null topActivityInDisplayCompat=false singleTapFromLetterbox=false} topActivityMainWindowFrame=null originallySupportedMultiWindow=true hasWallpaper=false rootAffinity=10883:com.example.threevchat isTopTaskInStage=false CoverLauncherWidgetTask=false LaunchedFromAppsCoverLauncherTask=false LaunchedFromMultistarCoverLauncherTask=false isAllowedSeamlessRotation=false isTopTransparentActivity=false isAliasManaged=false hasConfigChanged=false snappingGuideBounds=null isAiKeyRemoveAppTask=false lastDesktopWindowingBounds=null lastExternalDesktopWindowingBounds=null safeCutoutInsets=null}, pipChange = null, remoteTransition = null, displayChange = null, flags = 0, debugId = 11374 }
10-06 20:27:25.578  4095  4204 V ShellDesktopMode: DesktopTasksController: isDesktopModeShowing: hasVisibleTasks=false hasTopTransparentFullscreenTask=false
10-06 20:27:25.578  4095  4204 V ShellDesktopMode: DesktopTasksController: isDesktopModeShowing: hasVisibleTasks=false hasTopTransparentFullscreenTask=false
10-06 20:27:25.578  4095  4204 D ShellSplitScreen: logExit: no-op, mLoggerSessionId is null
10-06 20:27:25.578  4095  4204 D ShellDesktopMode: handleRequest: TransitionRequestInfo {type=1, tid=9190, debugId=11374}
10-06 20:27:25.578  2140  6325 I Pageboost: stop alp
10-06 20:27:25.578  2140  6325 I ActivityTaskManager: START u0 {xflg=0x4 cmp=com.example.threevchat/.ui.CallActivity (has extras)} with LAUNCH_MULTIPLE from uid 10883 (sr=174183642) (BAL_ALLOW_VISIBLE_WINDOW) result code=0
10-06 20:27:25.579  5053  5053 E pageboostd: Received HALT command code 2
10-06 20:27:25.579  4095  4204 V ShellDesktopMode: DesktopTasksController: handleFullscreenTaskLaunch
10-06 20:27:25.579  4095  4204 V ShellDesktopMode: DesktopTasksController: isDesktopModeShowing: hasVisibleTasks=false hasTopTransparentFullscreenTask=false
10-06 20:27:25.579  4095  4204 V ShellDesktopMode: DesktopTasksController: handleRequest result=null
10-06 20:27:25.580  2140  4236 V WindowManager: Starting Transition 11374, caller=com.android.server.wm.WindowOrganizerController.startTransition:47 com.android.server.wm.WindowOrganizerController.startTransition:1 android.window.IWindowOrganizerController$Stub.onTransact:259 
10-06 20:27:25.593  1725  1725 I SurfaceFlinger: [Display 0 name="Built-in Screen"#49] setFrameRateCategory: High
10-06 20:27:25.594  2140  2178 I DisplayDeviceRepository: Display device changed render timings: "Built-in Screen", renderFrameRate=60.000004, presentationDeadlineNanos=17666666, appVsyncOffsetNanos=16666666, frameRateOverrides=[{uid=10049 frameRateHz=60.000004}, {uid=10477 frameRateHz=60.000004}, {uid=10883 frameRateHz=60.000004}]
10-06 20:27:25.595  4095  4095 D DisplayLifecycle: updateDisplay id = 0
10-06 20:27:25.595  4095  4316 D StackScroller: onDisplayChanged for predraw skip to 2
10-06 20:27:25.595  2140  4236 D WifiDisplayAdapter: isFitToActiveDisplayLocked : false
10-06 20:27:25.596  2140  2179 W PhoneWindowManager: lockNow pending, ignore updating lockscreen timeout
10-06 20:27:25.596  2140  2179 D SurfaceComposerClient: setCornerRadius ## 25f168 com.example.threevchat/com.example.threevchat.MainActivity#147242 cornerRadius=0.000000
10-06 20:27:25.620  2140  2178 D SGM:FgCheckThread: notePauseComponent(), received pkgName: com.example.threevchat, userId: 0
10-06 20:27:25.620  2140  3620 I CocktailBarManagerServiceContainer: handleMessage: entry what = 6
10-06 20:27:25.620  2140  3620 I CocktailBarManagerServiceImpl: notePauseComponent : no active host
10-06 20:27:25.620  2140  6625 V WindowManager: Collecting in transition 11374: ActivityRecord{26494035 u0 com.example.threevchat/.ui.CallActivity t9190}, caller=com.android.server.wm.TransitionController.collect:7 com.android.server.wm.ActivityRecord.setVisibility:132 com.android.server.wm.ActivityRecord.makeVisibleIfNeeded:36 com.android.server.wm.EnsureActivitiesVisibleHelper.process:538 com.android.server.wm.TaskFragment.updateActivityVisibilities:12 
10-06 20:27:25.621  2140  6625 V WindowManager: Collecting in transition 11374: ActivityRecord{174183642 u0 com.example.threevchat/.MainActivity t9190}, caller=com.android.server.wm.TransitionController.collect:7 com.android.server.wm.ActivityRecord.setVisibility:132 com.android.server.wm.ActivityRecord.makeInvisible:32 com.android.server.wm.EnsureActivitiesVisibleHelper.process:542 com.android.server.wm.TaskFragment.updateActivityVisibilities:12 
10-06 20:27:25.621  2140  6625 D WindowManager: prepareSync <SYNC_STATE_WAITING_FOR_DRAW>, mPrepareSyncSeqId=0, win=Window{25f168 u0 com.example.threevchat/com.example.threevchat.MainActivity}
10-06 20:27:25.621  2140  6625 V WindowManager: rotationForOrientation(orient=SCREEN_ORIENTATION_PORTRAIT (1), last=ROTATION_0 (0)); user=ROTATION_0 (0) 
10-06 20:27:25.621  2140  6625 D WindowManager: rotationForOrientation, orientationSource=ActivityRecord{26494035 u0 com.example.threevchat/.ui.CallActivity t9190}
10-06 20:27:25.621  2140  6625 V WindowManager: Computed rotation=ROTATION_0 (0) for display id=0 based on lastOrientation=SCREEN_ORIENTATION_PORTRAIT (1) and oldRotation=ROTATION_0 (0), caller=com.android.server.wm.DisplayRotation.updateOrientation:79 com.android.server.wm.DisplayContent.updateOrientation:41 com.android.server.wm.DisplayContent.updateOrientationAndComputeConfig:48 com.android.server.wm.RootWindowContainer.ensureVisibilityAndConfig:7 com.android.server.wm.ActivityTaskSupervisor.realStartActivityLocked:182 com.android.server.wm.ActivityTaskSupervisor.startSpecificActivity:27 
10-06 20:27:25.621  2140  3630 D BackgroundInstallControlService: Package event received: 0
10-06 20:27:25.621  2140  6625 V WindowManager: Collecting in transition 11374: ActivityRecord{26494035 u0 com.example.threevchat/.ui.CallActivity t9190}, caller=com.android.server.wm.TransitionController.collect:7 com.android.server.wm.ActivityRecord.setVisibility:132 com.android.server.wm.ActivityTaskSupervisor.realStartActivityLocked:203 com.android.server.wm.ActivityTaskSupervisor.startSpecificActivity:27 com.android.server.wm.TaskFragment.resumeTopActivity:2089 
10-06 20:27:25.621  2140  6625 D SGM:FgCheckThread: notifyAppCreated(), packageName: com.example.threevchat, userId: 0, sendRet: true
10-06 20:27:25.622  2140  6625 D InputDispatcher: Focused application(0): ActivityRecord{26494035 u0 com.example.threevchat/.ui.CallActivity t9190}
10-06 20:27:25.622  2140  3496 D SGM:FgCheckThread: onLooperPrepared(), msg: MSG_APP_CREATE, pkgName: com.example.threevchat, userId: 0
10-06 20:27:25.622  2140  6625 D WindowManager: Changing focus from Window{25f168 u0 com.example.threevchat/com.example.threevchat.MainActivity} to null displayId=0 Callers=com.android.server.wm.ActivityTaskManagerService.setLastResumedActivityUncheckLocked:264 com.android.server.wm.ActivityTaskSupervisor.updateTopResumedActivityIfNeeded:51 com.android.server.wm.TaskFragment.setResumedActivity:30 com.android.server.wm.ActivityRecord.setState:100 
10-06 20:27:25.622  2140  6625 V SystemKeyManager: updateFocusedWindow() is called, 
10-06 20:27:25.622  2140  6625 D ActivityTaskManager: scheduleTopResumedActivityChanged, onTop=true, r=ActivityRecord{26494035 u0 com.example.threevchat/.ui.CallActivity t9190}, caller=com.android.server.wm.ActivityTaskSupervisor.scheduleTopResumedActivityStateIfNeeded:18 com.android.server.wm.ActivityTaskSupervisor.updateTopResumedActivityIfNeeded:54 com.android.server.wm.TaskFragment.setResumedActivity:30 com.android.server.wm.ActivityRecord.setState:100 com.android.server.wm.ActivityTaskSupervisor.realStartActivityLocked:477 com.android.server.wm.ActivityTaskSupervisor.startSpecificActivity:27 
10-06 20:27:25.622  2140  6625 D BLASTSyncEngine: SyncGroup 11374: Set ready true, caller=com.android.server.wm.BLASTSyncEngine.setReady:32 com.android.server.wm.Transition.applyReady:54 com.android.server.wm.Transition.setReady:72 com.android.server.wm.TransitionController.setReady:6 com.android.server.wm.DisplayContent.executeAppTransition:4 com.android.server.wm.ActivityRecord.completeResumeLocked:115 
10-06 20:27:25.622  2140  6625 D WindowManagerServiceExt: updateTaskbarTargetIfNeeded: cn=ComponentInfo{com.example.threevchat/com.example.threevchat.ui.CallActivity} occludesParent=true isInSplitScreenMode=false
10-06 20:27:25.623  2140  6625 D DeviceReportingSecurityChecker: getStatus
10-06 20:27:25.623  2140  6625 D DeviceReportingSecurityChecker: mIsICDStatus is true
10-06 20:27:25.623  2140  6625 D DeviceReportingSecurityChecker: mIsSim is true
10-06 20:27:25.623  2140  6625 D DeviceReportingSecurityChecker: mIsEchoAppSignature is true
10-06 20:27:25.623  2140  6625 D DeviceReportingSecurityChecker: security check passed
10-06 20:27:25.623  2140  6625 D DeviceReportingSecurityChecker: mIsICDStatus === true mIsSim == true mIsMyAccountSignature== false mIsEchoAppSignature== true mIsSprintHubSignature== false
10-06 20:27:25.623  2140  6625 W PhoneWindowManager: lockNow pending, ignore updating lockscreen timeout
10-06 20:27:25.623  2140  6625 D BLASTSyncEngine: SyncGroup 11374:  Unfinished container: ActivityRecord{26494035 u0 com.example.threevchat/.ui.CallActivity t9190} mSyncState=2
10-06 20:27:25.624  2140  6625 D GraphicsStatsService: requestRenderEngineFor(com.example.threevchat)
10-06 20:27:25.624 27585 27585 D ActivityThread: com.example.threevchat will use render engine as VK
10-06 20:27:25.626  2140  3630 D BackgroundInstallControlService: Package event received: 0
10-06 20:27:25.626  2140  3620 I CocktailBarManagerServiceContainer: handleMessage: entry what = 5
10-06 20:27:25.627  2140  3620 I CocktailBarManagerServiceImpl: noteResumeComponent : no active host
10-06 20:27:25.628  2140  2178 D SGM:FgCheckThread: noteResumeComponent(), received pkgName: com.example.threevchat, userId: 0
10-06 20:27:25.628  2140  3496 D SGM:FgCheckThread: onLooperPrepared(), msg: MSG_APP_RESUME, pkgName: com.example.threevchat, userid: 0
10-06 20:27:25.628  2140  3496 D SGM:FgCheckThread: handleResume().
10-06 20:27:25.628  2140  3496 D SGM:FgCheckThread:   handleResume(). same package with Prev KILL_YOURSELF. ignore
10-06 20:27:25.629  6645  6854 I SDHMS:k : handleResumeComponent : put = com.example.threevchat, userid = 0 instanceid =69505424
10-06 20:27:25.630 27585 27585 I DecorView: setWindowBackground: isPopOver=false color=fffafafa d=android.graphics.drawable.ColorDrawable@92959e1
10-06 20:27:25.631  2140  3630 D BackgroundInstallControlService: Package event received: 0
10-06 20:27:25.633 27585 27585 D CompatChangeReporter: Compat change id reported: 63938206; UID 10883; state: ENABLED
10-06 20:27:25.639  2140  3630 D BackgroundInstallControlService: Package event received: 0
10-06 20:27:25.640  2140  6625 I ActivityManager: Changes in 99311 19 to 3, 0 to 184
10-06 20:27:25.640  2140  6625 I ActivityManager: Changes in 10117 19 to 3, 0 to 184
10-06 20:27:25.642  5646  5679 V OsAgent : broadcastSystemEvent - 7
10-06 20:27:25.642  5646  5679 V OsAgent : broadcastSystemEvent - 7
10-06 20:27:25.642  2140  3630 D BackgroundInstallControlService: Package event received: 0
10-06 20:27:25.642  2140  3630 D BackgroundInstallControlService: Package event received: 0
10-06 20:27:25.642  2140  3630 D BackgroundInstallControlService: Package event received: 0
10-06 20:27:25.642  2140  3630 D BackgroundInstallControlService: Package event received: 0
10-06 20:27:25.642  2140  3630 D BackgroundInstallControlService: Package event received: 0
10-06 20:27:25.642 25089 25089 D BoundBrokerSvc: onBind: Intent { act=com.google.android.gms.measurement.START xflg=0x4 pkg=com.google.android.gms }
10-06 20:27:25.642 25089 25089 D BoundBrokerSvc: Loading bound service for intent: Intent { act=com.google.android.gms.measurement.START xflg=0x4 pkg=com.google.android.gms }
10-06 20:27:25.643  1725  1725 I SurfaceFlinger: [LayerHierarchy{RequestedLayerState{ImeContainer#15 parentId=147231 relativeParentId=147231 z=1} 1 children}] RelativeParent to null
10-06 20:27:25.646  1725  2082 D SurfaceFlinger: [input] setFocusedWindow: <null>
10-06 20:27:25.646  2140  6325 D InputDispatcher: Once focus requested (0): <null>
10-06 20:27:25.646  2140  6325 D InputDispatcher: Focus request (0): <null> but waiting because NO_WINDOW
10-06 20:27:25.646  2140  6325 D InputDispatcher: Focus left window (0): 25f168 com.example.threevchat/com.example.threevchat.MainActivity
10-06 20:27:25.652 27585 27585 D Init    : onCreate: role=caller sessionId.len=36 useMesh=true selfId.len=12
10-06 20:27:25.653 27585 27585 D Start   : Creating WebRtcRepository
10-06 20:27:25.677 27585 27585 I AdrenoGLES-0: QUALCOMM build                   : c81b28e1a5, I5a61fcf667
10-06 20:27:25.677 27585 27585 I AdrenoGLES-0: Build Date                       : 06/20/25
10-06 20:27:25.677 27585 27585 I AdrenoGLES-0: OpenGL ES Shader Compiler Version: E031.45.02.26
10-06 20:27:25.677 27585 27585 I AdrenoGLES-0: Local Branch                     : 
10-06 20:27:25.677 27585 27585 I AdrenoGLES-0: Remote Branch                    : refs/tags/AU_LINUX_ANDROID_LA.VENDOR.14.3.0.11.00.00.973.948
10-06 20:27:25.677 27585 27585 I AdrenoGLES-0: Remote Branch                    : NONE
10-06 20:27:25.677 27585 27585 I AdrenoGLES-0: Reconstruct Branch               : NOTHING
10-06 20:27:25.677 27585 27585 I AdrenoGLES-0: Build Config                     : S P 16.1.2 AArch64
10-06 20:27:25.677 27585 27585 I AdrenoGLES-0: Driver Path                      : /vendor/lib64/egl/libGLESv2_adreno.so
10-06 20:27:25.677 27585 27585 I AdrenoGLES-0: Driver Version                   : 0762.39
10-06 20:27:25.677 27585 27585 I AdrenoGLES-0: Process Name                     : com.example.threevchat
10-06 20:27:25.679 27585 27585 I AdrenoGLES-0: PFP: 0x01520181, ME: 0x01520023
10-06 20:27:25.681 27585 27585 E Adreno-AppProfiles: QSPM AIDL service doesn't exist
10-06 20:27:25.683 27585 27585 I org.webrtc.Logging: EglBase14Impl: Using OpenGL ES version 2
10-06 20:27:25.685 27585 27585 I org.webrtc.Logging: NativeLibrary: Loading native library: jingle_peerconnection_so
10-06 20:27:25.685 27585 27585 I org.webrtc.Logging: NativeLibrary: Loading library: jingle_peerconnection_so
10-06 20:27:25.686 27585 27585 D nativeloader: Load /data/app/~~n3bxey5g34cyJ4GDscQMLA==/com.example.threevchat-tLaZEa2aA1MHl_1bzrWN8Q==/base.apk!/lib/arm64-v8a/libjingle_peerconnection_so.so using class loader ns clns-9 (caller=/data/app/~~n3bxey5g34cyJ4GDscQMLA==/com.example.threevchat-tLaZEa2aA1MHl_1bzrWN8Q==/base.apk!classes12.dex): ok
10-06 20:27:25.687 27585 27585 I org.webrtc.Logging: PeerConnectionFactory: PeerConnectionFactory was initialized without an injected Loggable. Any existing Loggable will be deleted.
10-06 20:27:25.689 27585 27585 D AudioSystem: onNewServiceWithAdapter: media.audio_flinger service obtained 0xb4000070d5140c30
10-06 20:27:25.689 27585 27585 D AudioSystem: getService: checking for service media.audio_flinger: 0xb400006fa517a4c0
10-06 20:27:25.692 27585 27585 I org.webrtc.Logging: WebRtcAudioManagerExternal: Sample rate is set to 48000 Hz
10-06 20:27:25.692 27585 27585 I org.webrtc.Logging: WebRtcAudioManagerExternal: Sample rate is set to 48000 Hz
10-06 20:27:25.693 27585 27585 I org.webrtc.Logging: JavaAudioDeviceModule: createAudioDeviceModule
10-06 20:27:25.693 27585 27585 I org.webrtc.Logging: JavaAudioDeviceModule: HW NS will be used.
10-06 20:27:25.693 27585 27585 I org.webrtc.Logging: JavaAudioDeviceModule: HW AEC will be used.
10-06 20:27:25.693 27585 27585 I org.webrtc.Logging: WebRtcAudioEffectsExternal: ctor@[name=main, id=2]
10-06 20:27:25.693 27585 27585 I org.webrtc.Logging: WebRtcAudioRecordExternal: ctor@[name=main, id=2]
10-06 20:27:25.693 27585 27585 I org.webrtc.Logging: WebRtcAudioTrackExternal: ctor@[name=main, id=2]
10-06 20:27:25.695 27585 27585 W AudioCapabilities: Unsupported mediaType audio/x-ape
10-06 20:27:25.695 27585 27585 W AudioCapabilities: Unsupported mediaType audio/evrc
10-06 20:27:25.695 27585 27585 W AudioCapabilities: Unsupported mediaType audio/evrc
10-06 20:27:25.696 27585 27585 W AudioCapabilities: Unsupported mediaType audio/x-ima
10-06 20:27:25.696 27585 27585 W AudioCapabilities: Unsupported mediaType audio/mpeg-L1
10-06 20:27:25.696 27585 27585 W AudioCapabilities: Unsupported mediaType audio/mpeg-L2
10-06 20:27:25.696 27585 27585 W AudioCapabilities: Unsupported mediaType audio/qcelp
10-06 20:27:25.696 27585 27585 W AudioCapabilities: Unsupported mediaType audio/qcelp
10-06 20:27:25.696 27585 27585 W VideoCapabilities: Unsupported mime video/wvc1
10-06 20:27:25.696 27585 27585 W VideoCapabilities: Unsupported mime video/x-ms-wmv
10-06 20:27:25.697 27585 27585 W AudioCapabilities: Unsupported mediaType audio/iamf
10-06 20:27:25.701 27585 27585 W VideoCapabilities: Unsupported mime image/vnd.android.heic
10-06 20:27:25.701 27585 27585 W VideoCapabilities: Unrecognized profile/level 32768/256 for video/mp4v-es
10-06 20:27:25.705 27585 27585 W AudioCapabilities: Unsupported mime audio/x-ape
10-06 20:27:25.705 27585 27585 W AudioCapabilities: Unsupported mime audio/evrc
10-06 20:27:25.705 27585 27585 W AudioCapabilities: Unsupported mime audio/evrc
10-06 20:27:25.706 27585 27585 W AudioCapabilities: Unsupported mime audio/x-ima
10-06 20:27:25.706 27585 27585 W AudioCapabilities: Unsupported mime audio/mpeg-L1
10-06 20:27:25.706 27585 27585 W AudioCapabilities: Unsupported mime audio/mpeg-L2
10-06 20:27:25.706 27585 27585 W AudioCapabilities: Unsupported mime audio/qcelp
10-06 20:27:25.707 27585 27585 W AudioCapabilities: Unsupported mime audio/qcelp
10-06 20:27:25.707 27585 27585 W VideoCapabilities: Unsupported mime video/wvc1
10-06 20:27:25.707 27585 27585 W VideoCapabilities: Unsupported mime video/wvc1
10-06 20:27:25.707 27585 27585 W VideoCapabilities: Unsupported mime video/x-ms-wmv
10-06 20:27:25.711 27585 27585 W AudioCapabilities: Unsupported mime audio/iamf
10-06 20:27:25.714  1612  4637 D vendor.qti.bluetooth@1.1-wake_lock: Release wakelock is released 
10-06 20:27:25.721 27585 27585 W VideoCapabilities: Unsupported mime image/vnd.android.heic
10-06 20:27:25.721 27585 27585 W VideoCapabilities: Unsupported mime image/vnd.android.heic
10-06 20:27:25.721 27585 27585 W VideoCapabilities: Unrecognized profile/level 32768/256 for video/mp4v-es
10-06 20:27:25.723  6645 30986 I SDHMS:k : onTaskStackChanged
10-06 20:27:25.724 30453 14444 I HoneySpace.RecentTasks: onRecentTasksChanged
10-06 20:27:25.726  2140  6625 W ParceledListSlice: Element #8 is 21552 bytes.
10-06 20:27:25.726 27585 27771 I org.webrtc.Logging: WebRtcAudioRecordExternal: enableBuiltInAEC(false)
10-06 20:27:25.726 27585 27771 I org.webrtc.Logging: WebRtcAudioEffectsExternal: setAEC(false)
10-06 20:27:25.726 27585 27771 I org.webrtc.Logging: WebRtcAudioRecordExternal: enableBuiltInNS(false)
10-06 20:27:25.726 27585 27771 I org.webrtc.Logging: WebRtcAudioEffectsExternal: setNS(false)
10-06 20:27:25.727  2140  6325 W ParceledListSlice: Element #20 is 23160 bytes.
10-06 20:27:25.728 27585 27585 D Start   : Mesh path: init remoteView renderer
10-06 20:27:25.728 27585 27771 I org.webrtc.Logging: PeerConnectionFactory: onWorkerThreadReady
10-06 20:27:25.728 27585 27772 I org.webrtc.Logging: PeerConnectionFactory: onSignalingThreadReady
10-06 20:27:25.728 27585 27770 I org.webrtc.Logging: PeerConnectionFactory: onNetworkThreadReady
10-06 20:27:25.728  2140  6325 W ParceledListSlice: Element #38 is 22740 bytes.
10-06 20:27:25.729  2140  6325 W ParceledListSlice: Element #41 is 23592 bytes.
10-06 20:27:25.730 27585 27775 I org.webrtc.Logging: EglBase14Impl: Using OpenGL ES version 2
10-06 20:27:25.730  4095  4363 W ndroid.systemui: Large reply transaction of 409260 bytes, interface descriptor com.android.wm.shell.recents.IRecentTasks, code 4
10-06 20:27:25.731 27585 27585 I org.webrtc.Logging: EglRenderer: remoteViewInitializing EglRenderer
10-06 20:27:25.731 27585 27585 D Start   : Init local texture renderer and start local media
10-06 20:27:25.731 27585 27585 I CameraManagerGlobal: Connecting to camera service
10-06 20:27:25.732 27585 27585 D VendorTagDescriptor: addVendorDescriptor: vendor tag id 15622750491770684145 added
10-06 20:27:25.733 27585 27585 D VendorTagDescriptor: addVendorDescriptor: vendor tag id 8932615658386372252 added
10-06 20:27:25.733  2194  2516 D CameraService: addListenerHelper: Add listener 0xb40000701a2b72e0, uid: 10883, pid: 27585
10-06 20:27:25.734  2194  2516 I AttributionAndPermissionUtils: checkPermission (forDataDelivery 0 startDataDelivery 0): Permission hard denied for client attribution [uid 10883, pid 27585, packageName "<unknown>"]
10-06 20:27:25.734  2194  2516 I CameraService: getUidProcessState uid(10883) = (2)
10-06 20:27:25.734  2194  2516 D CameraService: addListenerHelper: CameraDeviceState for CameraManager
10-06 20:27:25.734 27585 27605 I CameraManagerGlobal: Camera 0 facing CAMERA_FACING_BACK state now CAMERA_STATE_CLOSED for client com.google.android.apps.messaging API Level 2 User Id 0Device Id 0
10-06 20:27:25.735 27585 27605 I CameraManagerGlobal: Camera 1 facing CAMERA_FACING_FRONT state now CAMERA_STATE_CLOSED for client com.example.threevchat API Level 2 User Id 0Device Id 0
10-06 20:27:25.735 27585 27605 I CameraManagerGlobal: Camera 2 facing CAMERA_FACING_BACK state now CAMERA_STATE_CLOSED for client com.example.threevchat API Level 2 User Id 0Device Id 0
10-06 20:27:25.735 27585 27605 I CameraManagerGlobal: Camera 20 facing CAMERA_FACING_BACK state now CAMERA_STATE_CLOSED for client com.sec.android.app.camera API Level 2 User Id 0Device Id 0
10-06 20:27:25.735 27585 27605 I CameraManagerGlobal: Camera 21 facing CAMERA_FACING_BACK state now CAMERA_STATE_CLOSED for client com.sec.android.app.camera API Level 2 User Id 0Device Id 0
10-06 20:27:25.735 27585 27605 I CameraManagerGlobal: Camera 23 facing CAMERA_FACING_BACK state now CAMERA_STATE_CLOSED for client com.sec.android.app.camera API Level 2 User Id 0Device Id 0
10-06 20:27:25.735 27585 27605 I CameraManagerGlobal: Camera 3 facing CAMERA_FACING_FRONT state now CAMERA_STATE_CLOSED for client com.example.threevchat API Level 2 User Id 0Device Id 0
10-06 20:27:25.735 27585 27605 I CameraManagerGlobal: Camera 4 facing CAMERA_FACING_FRONT state now CAMERA_STATE_CLOSED for client android.system API Level 2 User Id 0Device Id 0
10-06 20:27:25.735 27585 27605 I CameraManagerGlobal: Camera 52 facing CAMERA_FACING_BACK state now CAMERA_STATE_CLOSED for client android.system API Level 2 User Id 0Device Id 0
10-06 20:27:25.735 27585 27605 I CameraManagerGlobal: Camera 56 facing CAMERA_FACING_BACK state now CAMERA_STATE_CLOSED for client android.system API Level 2 User Id 0Device Id 0
10-06 20:27:25.735 27585 27605 I CameraManagerGlobal: Camera 58 facing CAMERA_FACING_BACK state now CAMERA_STATE_CLOSED for client android.system API Level 2 User Id 0Device Id 0
10-06 20:27:25.735 27585 27605 I CameraManagerGlobal: Camera 90 facing CAMERA_FACING_FRONT state now CAMERA_STATE_CLOSED for client android.system API Level 2 User Id 0Device Id 0
10-06 20:27:25.738 27585 27777 I org.webrtc.Logging: EglBase14Impl: Using OpenGL ES version 2
10-06 20:27:25.739 27585 27777 W libc    : Access denied finding property "vendor.display.enable_optimal_refresh_rate"
10-06 20:27:25.740 27585 27585 I org.webrtc.Logging: CameraCapturer: startCapture: 1920x1080@30
10-06 20:27:25.740 27585 27585 D Start   : Starting mesh flow
10-06 20:27:25.740 27585 27777 I org.webrtc.Logging: Camera2Session: Create new camera2 session on camera 1
10-06 20:27:25.741 27585 27777 I org.webrtc.Logging: Camera2Session: start
10-06 20:27:25.745 27585 27777 I org.webrtc.Logging: Camera2Session: Available preview sizes: [4000x3000, 3648x2736, 4000x2252, 3840x2160, 2736x2736, 3648x2048, 3648x1640, 2560x1440, 1920x1440, 2400x1080, 2336x1080, 1920x1080, 1920x824, 1440x1080, 1232x1008, 1088x1088, 1280x720, 960x720, 720x480, 640x480, 640x360, 352x288, 320x240, 176x144]
10-06 20:27:25.745 27585 27777 I org.webrtc.Logging: Camera2Session: Available fps ranges: [[15.0:15.0], [24.0:24.0], [15.0:30.0], [30.0:30.0], [15.0:60.0], [60.0:60.0]]
10-06 20:27:25.745 27585 27777 I org.webrtc.Logging: Camera2Session: Using capture format: 1920x1080@[15.0:30.0]
10-06 20:27:25.745 27585 27777 I org.webrtc.Logging: Camera2Session: Opening camera 1
10-06 20:27:25.746 27585 27585 D ViewRootImpl: desktopMode is false
10-06 20:27:25.746 27585 27585 I ViewRootImpl: dVRR is disabled
10-06 20:27:25.746 27585 27621 D NativeCustomFrequencyManager: [NativeCFMS] BpCustomFrequencyManager::BpCustomFrequencyManager()
10-06 20:27:25.746  2194  2516 D Camera3-Utils: Set real time priority for thread (tid 2516)
10-06 20:27:25.746  2194  2516 I CameraService: CameraService::connect call (PID 27585 UID 10883 "com.example.threevchat", camera ID 1) and Camera API version 2
10-06 20:27:25.747  2194  2516 I CameraService: isUidActiveLocked E: uid 10883, callingPackage com.example.threevchat, isRegistered true
10-06 20:27:25.747  2194  2516 I CameraService: isUidActiveLocked: start to wait until com.example.threevchat gets into active.
10-06 20:27:25.747  2194  2516 I CameraService: isUidActiveLocked X: uid 10883, callingPackage com.example.threevchat, isActive true.
10-06 20:27:25.747  2140  4863 I EDMNativeHelperService: isCameraEnabled
10-06 20:27:25.747  2140  4863 D EDMNativeHelper: isCameraEnabled
10-06 20:27:25.747  2140  4863 D EDMNativeHelper: checking for camera in EnterpriseDeviceManagerService
10-06 20:27:25.747  2140  4863 D EnterpriseDeviceManagerService: isCameraEnabledNative
10-06 20:27:25.747  2140  4863 D EnterpriseDeviceManagerService: checking for camera in restriction policy
10-06 20:27:25.747  2140  4863 D RestrictionPolicy: isCameraEnabled ret(true) userId(0) cxtInfo.mCallerUid(10883) cxtInfo.mContainerId(0)
10-06 20:27:25.747  2194  2516 I CameraService: CameraService::validateClientPermissionsLocked is ok : calling pid 27585, calling uid 10883, client com.example.threevchat , cameraservice pid=2194, device user 0, currently allowed device users: 0
10-06 20:27:25.747  2194  2516 I CameraService: CameraService::handleEvictionsLocked
10-06 20:27:25.748  2140  6620 D InputTransport: Input channel constructed: '19f3d66', fd=1377
10-06 20:27:25.748  2140  6620 D InputTransport: Input channel constructed: '19f3d66', fd=1390
10-06 20:27:25.748  2194  2516 I CameraService: wouldEvictLocked: [incoming client] owner = 27585, priority-score=0, cost=51, returnIncompatibleClients=false
10-06 20:27:25.748  2140  6620 D InputTransport: Input channel constructed: '19f3d66', fd=1531
10-06 20:27:25.748  2140  6620 D InputTransport: Input channel destroyed: '19f3d66', fd=1390
10-06 20:27:25.748  2194  2516 I CameraService: wouldEvictLocked: [cost info] current cost=0, adding cost=51, total cost=51, max cost=100
10-06 20:27:25.748  2194  2516 I CameraService: wouldEvictLocked: [highestPriority] owner=27585, score=0
10-06 20:27:25.748  2194  2516 I CameraFlashlight: prepareDeviceOpen: prepare for device open(cameraId=1)
10-06 20:27:25.748  2194  2516 I Camera2ClientBase: Camera 1: Opened. Client: com.example.threevchat (PID 27585, UID 10883)
10-06 20:27:25.748  2194  2516 I CameraDeviceClient: CameraDeviceClient 1: Opened
10-06 20:27:25.748  2140  6620 D WindowManager: prepareSync <SYNC_STATE_WAITING_FOR_DRAW>, mPrepareSyncSeqId=0, win=Window{19f3d66 u0 com.example.threevchat/com.example.threevchat.ui.CallActivity}
10-06 20:27:25.748  2194  2516 I CameraService: makeClient: Camera2 API, rotationOverride 0
10-06 20:27:25.748  2194  2516 I CameraService: service.camera.client set to com.example.threevchat
10-06 20:27:25.748  1725  1908 I SurfaceFlinger: id=147270 createSurf, flag=84004, 19f3d66 com.example.threevchat/com.example.threevchat.ui.CallActivity#147270
10-06 20:27:25.748  2140  6625 I CameraManagerGlobal: Camera 1 facing CAMERA_FACING_FRONT state now CAMERA_STATE_OPENING for client com.example.threevchat API Level 2 User Id 0Device Id 0
10-06 20:27:25.748  2140  6620 D RestrictionPolicy: isScreenCaptureEnabled : ret=true userId=0
10-06 20:27:25.748  2140  6620 D RestrictionPolicy: isScreenCaptureEnabled : ret=true userId=0
10-06 20:27:25.748  2140  6625 I CameraManagerGlobal: onCameraDeviceStateChangedLocked: post device state update
10-06 20:27:25.748  2140  6625 I CameraManagerGlobal: onCameraDeviceStateChangedLocked: post device state update
10-06 20:27:25.749  3936 12339 I CameraManagerGlobal: Camera 1 facing CAMERA_FACING_FRONT state now CAMERA_STATE_OPENING for client com.example.threevchat API Level 2 User Id 0Device Id 0
10-06 20:27:25.749  2140  6620 D InputTransport: Input channel destroyed: '19f3d66', fd=1531
10-06 20:27:25.749  6645 30986 I CameraManagerGlobal: Camera 1 facing CAMERA_FACING_FRONT state now CAMERA_STATE_OPENING for client com.example.threevchat API Level 2 User Id 0Device Id 0
10-06 20:27:25.749  6645 30986 I CameraManagerGlobal: onCameraDeviceStateChangedLocked: post device state update
10-06 20:27:25.749  2194  2516 I Camera2ClientBase: initializeImpl: Initializing client for camera 1
10-06 20:27:25.749 27585 27585 D InputTransport: Input channel constructed: '19f3d66', fd=208
10-06 20:27:25.749  2194  2516 D ijt/Camera3-RequestInjector: RequestInjector[1] Mapper created
10-06 20:27:25.749  6645 30986 I CameraManagerGlobal: onCameraDeviceStateChangedLocked: post device state update
10-06 20:27:25.749  2194  2516 I Camera3-Device: Camera3Device: Created device for camera 1
10-06 20:27:25.749  2194  2516 I AidlCamera3-Device: new AidlCamera3Device E
10-06 20:27:25.749  2194  2516 I AidlCamera3-Device: SEH CameraDeviceCallback extension configure E
10-06 20:27:25.749   528   631 I CameraManagerGlobal: Camera 1 facing CAMERA_FACING_FRONT state now CAMERA_STATE_OPENING for client com.example.threevchat API Level 2 User Id 0Device Id 0
10-06 20:27:25.749 14811 12664 I CameraManagerGlobal: Camera 1 facing CAMERA_FACING_FRONT state now CAMERA_STATE_OPENING for client com.example.threevchat API Level 2 User Id 0Device Id 0
10-06 20:27:25.749  2194  2516 I AidlCamera3-Device: SEH CameraDeviceCallback extension configured X
10-06 20:27:25.749  2194  2516 I AidlCamera3-Device: new AidlCamera3Device X
10-06 20:27:25.749 25089 25570 I CameraManagerGlobal: Camera 1 facing CAMERA_FACING_FRONT state now CAMERA_STATE_OPENING for client com.example.threevchat API Level 2 User Id 0Device Id 0
10-06 20:27:25.749 12958 13011 I CameraManagerGlobal: Camera 1 facing CAMERA_FACING_FRONT state now CAMERA_STATE_OPENING for client com.example.threevchat API Level 2 User Id 0Device Id 0
