10-06 20:27:26.054   528   631 I CameraManagerGlobal: Camera 1 facing CAMERA_FACING_FRONT state now CAMERA_STATE_ACTIVE for client com.example.threevchat API Level 2 User Id 0Device Id 0
10-06 20:27:26.054  1660 27908 I CV      : File: vendor/qcom/proprietary/cv-noship/eva/4.0/src/cpu/evaSessionStartStop.cpp Line: 1804 Function: evaStartSession() Msg: hSession: 0xb4000073cddb6bd0, nSessionID: 0xa038e608
10-06 20:27:26.054 11853 12093 I CameraManagerGlobal: Camera 1 facing CAMERA_FACING_FRONT state now CAMERA_STATE_ACTIVE for client com.example.threevchat API Level 2 User Id 0Device Id 0
10-06 20:27:26.054  1660 14163 I Samsung_CameraDeviceSession_impl: [CAMKPI] camera3->configure_streams : E
10-06 20:27:26.054  1660 14163 I Unihal  : UniHal3InterfaceEntry.cpp: uni_configure_streams: 290: [UNIKPI][1] UniHAL->configure_streams: E
10-06 20:27:26.054  1660 14163 I Unihal  : UniHal3InterfaceEntry.cpp: uni_configure_streams: 300: operation_mode: 0, num_streams: 1, session_param: 0xb4000072edb209d0
10-06 20:27:26.054  1660 14163 I Unihal  : UniHal3InterfaceEntry.cpp: uni_configure_streams: 307: stream[0]: stream(0xb40000720db0e2f8) : streamId(0x0), scenarioType(PREVIEW), format(0x22), grallocUsage(0x100), size(1920x1080), streamType(0), option(0x0), maxBuffers(0), priv(0x0), dataspace(0), rotation(0), fps(0, 0), physCamId(), groupId(-1), sensorPixelModes(0), multi_resolution_input_image(0), stream_use_case(0), dynamic_range_profile(1), stream_timestamp(0), reserved Ptr(0x0, 0x0)
10-06 20:27:26.054  1660 14163 I Unihal  : UniHalPlusMediator.cpp: ConfigureStreams: 368: Device(0xb40000719db95e60): E
10-06 20:27:26.054  1660 14163 I Unihal  : UniHalPlusMediator.h: PrintOpenDeviceInfo: 181: Configurestreams
10-06 20:27:26.054  1660 14163 I Unihal  : UniHalPlusMediator.h: operator(): 190: HwDevice=0xb40000719db95e60, FWK ID=1, OpenMgr(0)=0xb40000735dbc8a70, state=2, newDev=0x0
10-06 20:27:26.054  1660 14163 I Unihal  : UniState.cpp: transitState: 102: Transiting to state 3
10-06 20:27:26.054  4978 18325 I CameraManagerGlobal: Camera 1 facing CAMERA_FACING_FRONT state now CAMERA_STATE_ACTIVE for client com.example.threevchat API Level 2 User Id 0Device Id 0
10-06 20:27:26.054  1660 14163 I Unihal  : CameraHalUnit.cpp: ConfigureStreams: 264: cameraId=1, GetIsAlreadyCreated=0 m_isSetParamNull=0
10-06 20:27:26.054  1660 14163 I Unihal  : UniHalPlusExtension.cpp: IsAllowedUniHalPlus: 618: Unable to get PARAMETER_SAMSUNG_ANDROID_CONTROL_CAMERA_CLIENT
10-06 20:27:26.054  1660 14163 I Unihal  : UniHalPlusExtension.cpp: IsAllowedUniHalPlus: 634: UniHalPlus is not applied to this application. (invalid app)
10-06 20:27:26.054  1660 14163 I Unihal  : ScenarioManager.cpp: IsAllowed3rdParty: 2072: VDIS is supported by HAL
10-06 20:27:26.054  1660 14163 I Unihal  : ScenarioManager.cpp: IsSupported3rdPartyApp: 1524: SAMSUNG_ANDROID_CONTROL_UNIHAL_ENABLE_MODE doesn't exist.
10-06 20:27:26.054  1660 14163 I Unihal  : ScenarioManager.cpp: IsSupported3rdPartyVideoHdr: 1129: SAMSUNG_ANDROID_UNIHAL_VIDEO_MODE doesn't exist.
10-06 20:27:26.054  1660 14163 I Unihal  : ScenarioManager.cpp: IsSupported3rdPartyPersonalImprinting: 1293: 3rdParty Personal Imprinting supported: FALSE
10-06 20:27:26.054  1660 14163 I Unihal  : ScenarioManager.cpp: IsSupported3rdPartyMoire: 1267: 3rdParty Moire supported: FALSE
10-06 20:27:26.054  1660 14163 I Unihal  : ScenarioManager.cpp: IsSupported3rdPartyAutoFraming: 1910: SAMSUNG_ANDROID_UNIHAL_VIDEO_MODE doesn't exist.
10-06 20:27:26.054  1660 14163 I Unihal  : ScenarioManager.cpp: IsSupported3rdPartyVDIS: 949: VDIS is not supported, since VDIS modes are not available.
10-06 20:27:26.054  1660 14163 I Unihal  : ScenarioManager.cpp: IsSupported3rdPartyVideoHdr: 1129: SAMSUNG_ANDROID_UNIHAL_VIDEO_MODE doesn't exist.
10-06 20:27:26.054  1660 14163 I Unihal  : ScenarioManager.cpp: IsSupported3rdPartySdkVdis: 1221: SAMSUNG_ANDROID_UNIHAL_VIDEO_MODE doesn't exist.
10-06 20:27:26.054  1660 14163 I Unihal  : ScenarioManager.cpp: IsSupported3rdPartyAutoFramingLite: 2022: PARAMETER_SAMSUNG_EXTRA_UNIHAL_ENABLE_MODE doesn't exist
10-06 20:27:26.054  1660 14163 I Unihal  : ScenarioManager.cpp: IsAllowed3rdParty: 2310: Android Auto Framing is supported
10-06 20:27:26.054  8075  8088 I CameraManagerGlobal: Camera 1 facing CAMERA_FACING_FRONT state now CAMERA_STATE_ACTIVE for client com.example.threevchat API Level 2 User Id 0Device Id 0
10-06 20:27:26.054  1660 14163 I Unihal  : ScenarioManager.cpp: FindScenarioInfo: 2418: Scenario Lib Path : /vendor/lib64/unihal_scenario.so
10-06 20:27:26.054  1660 14163 I Unihal  : ScenarioManager.cpp: FindScenarioInfo: 2432: Current shootingMode=0x00010019(UNI_SHOOTING_MODE_3RD_PARTY_DEFAULT), cameraId=1(FRONT_FULL)
10-06 20:27:26.054  1660 14163 I Unihal  : ScenarioManager.cpp: CheckEnableCondition: 2681: Unihal is enabled. : isSamsungCamera=false, isFactoryTest=false, isGalaxyRaw = false, isAllowedUniHalPlus=false, isAllowed3rdParty=true, foundScenario=true, isValidStreamConfiguration=true, isSamsungVdisEnabled=false, isSamsungSelfieToneTo3rdParty=true, shootingMode=UNI_SHOOTING_MODE_3RD_PARTY_DEFAULT
10-06 20:27:26.054  1660 14163 I Unihal  : Camera3Util.h: PrintCurrentStatus: 638: [HAL-WaitDrained_E] ReqStreamBuf(0): 
10-06 20:27:26.054  1660 14163 I Unihal  : Camera3Util.h: PrintCurrentStatus: 638: [HAL-WaitDrained_X] ReqStreamBuf(0): 
10-06 20:27:26.054  1660 14163 I Unihal  : Camera3Util.h: PrintCurrentStatus: 638: [FWK-WaitDrained_E] ReqStreamBuf(0): 
10-06 20:27:26.054  1660 14163 I Unihal  : Camera3Util.h: PrintCurrentStatus: 638: [FWK-WaitDrained_X] ReqStreamBuf(0): 
10-06 20:27:26.054  1660 14163 I Unihal  : ScenarioManager.cpp: ConfigureStreams: 3008: New session_parameters!
10-06 20:27:26.054  1660 14163 I Unihal  : ScenarioManager.cpp: FindScenarioInfo: 2418: Scenario Lib Path : /vendor/lib64/unihal_scenario.so
10-06 20:27:26.054  1660 14163 I Unihal  : ScenarioManager.cpp: FindScenarioInfo: 2432: Current shootingMode=0x00010019(UNI_SHOOTING_MODE_3RD_PARTY_DEFAULT), cameraId=1(FRONT_FULL)
10-06 20:27:26.054 21866 27779 I CameraManagerGlobal: Camera 1 facing CAMERA_FACING_FRONT state now CAMERA_STATE_ACTIVE for client com.example.threevchat API Level 2 User Id 0Device Id 0
10-06 20:27:26.054  1660 14163 I Unihal  : UniRequestBufferManager.cpp: Destroy: 715: [EXT_BUF_MGR(stream 0xb40000720db0e2f8)] destroying.
10-06 20:27:26.054  1660 14163 I Unihal  : UniRequestBufferManager.cpp: Flush: 702: Flush 0!!
10-06 20:27:26.053  2140  2179 W PhoneWindowManager: lockNow pending, ignore updating lockscreen timeout
10-06 20:27:26.053  4095  4316 D AppOpsPrivacyItemMonitor: showLocationSystemApps  AppOpItem(Op code=1, UID=10596, AttributionTag=null, Package name=com.doordash.driverapp, Paused=false)false)false)false)false)false)false)false)false)false)false)false)false)false)false)false)false)false)false)false)false)false)false)false)false)false)false)false)false)false)false)false)false)false)false)false)false)false)false)false)false)false)false)false)false)false)false)false)false)false)false)false)false)false)false)false)false)false)false)false)false)false)false)false)false)false)false)false)false)false)false)false)false)false)false)false)false)false)false)false)false)false)false)false)false)
10-06 20:27:26.054  2140  2179 D SurfaceComposerClient: setCornerRadius ## 19f3d66 com.example.threevchat/com.example.threevchat.ui.CallActivity#147270 cornerRadius=0.000000
10-06 20:27:26.054  4095  4095 D AiAgentEffect: onPrivacyItemsChanged privacyItems.size = 2
10-06 20:27:26.054  4095  4095 D AiAgentEffect: onPrivacyItemsChanged privacyItems isEmpty or found item is null
10-06 20:27:26.055  2140  2178 D LocalDisplayAdapter: setDesiredDisplayModeSpecsAsync(4630946662957460867) : defaultMode=9 allowGroupSwitching=false primaryRanges=physical: (60.0 60.0) render:  (60.0 60.0) appRequestRanges=physical: (60.0 60.0) render:  (60.0 60.0) idleScreenRefreshRate=null
10-06 20:27:26.055  2140  2178 I SurfaceComposerClient: setDesiredDisplayModeSpecs DisplayModeSpecs{defaultMode: 9, allowGroupSwitching: false, primaryRanges: RefreshRateRanges{physical: RefreshRateRange{min: 60.000000, max: 60.000000}, render: RefreshRateRange{min: 60.000000, max: 60.000000}}, appRequestRanges: RefreshRateRanges{physical: RefreshRateRange{min: 60.000000, max: 60.000000}, render: RefreshRateRange{min: 60.000000, max: 60.000000}}, idleScreenRefreshRateConfig: (null)}
10-06 20:27:26.055  1725  1725 I RefreshRateSelector: Display 4630946662957460867 policy changed
10-06 20:27:26.055  1725  1725 I RefreshRateSelector: Previous: {defaultModeId=9, allowGroupSwitching=false, primaryRanges={physical=[10.00 Hz, 60.00 Hz], render=[0.00 Hz, 60.00 Hz]}, appRequestRanges={physical=[10.00 Hz, 60.00 Hz], render=[0.00 Hz, 60.00 Hz]} idleScreenConfig=nullptr}
10-06 20:27:26.055  1725  1725 I RefreshRateSelector: Current:  DisplayManagerPolicy{defaultModeId=9, allowGroupSwitching=false, primaryRanges={physical=[60.00 Hz, 60.00 Hz], render=[60.00 Hz, 60.00 Hz]}, appRequestRanges={physical=[60.00 Hz, 60.00 Hz], render=[60.00 Hz, 60.00 Hz]} idleScreenConfig=nullptr}
10-06 20:27:26.055  1725  1725 I RefreshRateSelector: 0 mode changes were performed under the previous policy
10-06 20:27:26.055  1725  1725 I SurfaceFlinger: [4630946662957460867] Setting desired display mode specs: {defaultModeId=9, allowGroupSwitching=false, primaryRanges={physical=[60.00 Hz, 60.00 Hz], render=[60.00 Hz, 60.00 Hz]}, appRequestRanges={physical=[60.00 Hz, 60.00 Hz], render=[60.00 Hz, 60.00 Hz]} idleScreenConfig=nullptr}
10-06 20:27:26.055  1725  1725 D DisplayModeController: setDesiredMode 4630946662957460867 {mode={fps=60.00 Hz, modePtr={id=9, vsyncRate=60.00 Hz, peakRefreshRate=60.00 Hz}}, emitEvent=true, force=false}
10-06 20:27:26.056 25089 25570 I CameraManagerGlobal: Camera 1 facing CAMERA_FACING_FRONT state now CAMERA_STATE_ACTIVE for client com.example.threevchat API Level 2 User Id 0Device Id 0
10-06 20:27:26.056  2140  2178 I DisplayDeviceRepository: Display device changed render timings: "Built-in Screen", renderFrameRate=60.000004, presentationDeadlineNanos=17666666, appVsyncOffsetNanos=16666666, frameRateOverrides=[]
10-06 20:27:26.056  1660 14163 I Unihal  : BaseFilter.cpp: Destroy: 62: [AUTO_FRAMING_LITE_VIDEO,0xb40000738db25710] Destroying.
10-06 20:27:26.056  1660 14163 I Unihal  : UniPluginUnit.cpp: Deinitialize: 111: UniPluginUnit is not initialized. : name=AutoFramingLitePlugin
10-06 20:27:26.056  1660 14163 I Unihal  : BaseFilter.cpp: Destroy: 71: [AUTO_FRAMING_LITE_VIDEO,0xb40000738db25710] Destroyed.
10-06 20:27:26.056  2140  2179 W PhoneWindowManager: lockNow pending, ignore updating lockscreen timeout
10-06 20:27:26.056  2140  2179 D SurfaceComposerClient: setCornerRadius ## 19f3d66 com.example.threevchat/com.example.threevchat.ui.CallActivity#147270 cornerRadius=0.000000
10-06 20:27:26.056  1660 14163 I Unihal  : BaseFilter.cpp: Destroy: 62: [FUNC_UNIVERSAL_SCALER_SUB_2,0xb40000738dae0360] Destroying.
10-06 20:27:26.056  1660 14163 I Unihal  : BaseFilter.cpp: Destroy: 71: [FUNC_UNIVERSAL_SCALER_SUB_2,0xb40000738dae0360] Destroyed.
10-06 20:27:26.057  1660 14163 I Unihal  : BaseFilter.cpp: Destroy: 62: [FUNC_UNIVERSAL_SCALER,0xb40000738dc11e50] Destroying.
10-06 20:27:26.057  1660 14163 I Unihal  : BaseFilter.cpp: Destroy: 71: [FUNC_UNIVERSAL_SCALER,0xb40000738dc11e50] Destroyed.
10-06 20:27:26.057  2140  4236 D WifiDisplayAdapter: isFitToActiveDisplayLocked : false
10-06 20:27:26.057  4095  4316 D StackScroller: onDisplayChanged for predraw skip to 2
10-06 20:27:26.058  1660 14163 I Unihal  : BaseFilter.cpp: Destroy: 62: [FUNC_CROP_SCALER,0xb40000738db1fa90] Destroying.
10-06 20:27:26.058  1660 14163 I Unihal  : BaseFilter.cpp: Destroy: 71: [FUNC_CROP_SCALER,0xb40000738db1fa90] Destroyed.
10-06 20:27:26.059 30453 30607 I HoneySpace.StatusIconTracker: invokeEvent() called with: event = PrivacyInfo(visible=true)
10-06 20:27:26.059 27585 27661 I CameraManagerGlobal: Camera 1 facing CAMERA_FACING_FRONT state now CAMERA_STATE_ACTIVE for client com.example.threevchat API Level 2 User Id 0Device Id 0
10-06 20:27:26.060  1660 14163 I Unihal  : BaseFilter.cpp: Destroy: 62: [AUTO_FRAMING_ARC_VIDEO,0xb40000738dbc46d0] Destroying.
10-06 20:27:26.060  1660 14163 I Unihal  : UniPluginUnit.cpp: Deinitialize: 111: UniPluginUnit is not initialized. : name=AutoFramingPlugin
10-06 20:27:26.060  1660 14163 I Unihal  : BaseFilter.cpp: Destroy: 71: [AUTO_FRAMING_ARC_VIDEO,0xb40000738dbc46d0] Destroyed.
10-06 20:27:26.060  1725  1725 I SurfaceFlinger: RequestedLayer [ActivityRecord{174183642 u0 com.exam[...]reevchat/.MainActivity t9190}#147231] hidden!! flag  from(0) --> to(1)
10-06 20:27:26.060  1725  1725 I SurfaceFlinger: [Display 0 name="Built-in Screen"#49] setFrameRateCategory: Default
10-06 20:27:26.060  1725  1725 I SurfaceFlinger: [LayerHierarchy{RequestedLayerState{app-background-layer#147280 z=-1} no children}] reparent to OffscreenRoot
10-06 20:27:26.060  1725  1725 I SurfaceFlinger: [LayerHierarchy{RequestedLayerState{app-background-layer#147280 z=-1} no children}] RelativeParent to null
10-06 20:27:26.060  1725  1725 I SurfaceFlinger: [LayerHierarchy{RequestedLayerState{ActivityRecord{174183642 u0 com.example.threevchat/.MainActivity t9190}#147231 parentId=147230} 2 children}] reparent to LayerHierarchy{RequestedLayerState{Task=9190#147230 parentId=10 z=73} 2 children}
10-06 20:27:26.060  1725  1725 I SurfaceFlinger: [LayerHierarchy{RequestedLayerState{ActivityRecord{26494035 u0 com.example.threevchat/.ui.CallActivity t9190}#147269 parentId=147230 z=1} 4 children}] reparent to LayerHierarchy{RequestedLayerState{Task=9190#147230 parentId=10 z=73} 3 children}
10-06 20:27:26.060  1725  1725 I SurfaceFlinger: [LayerHierarchy{RequestedLayerState{Transition Root: ActivityRecord{26494035 u0 com.example.threevchat/.ui.CallActivity t9190}#147278 z=1} 1 children}] reparent to OffscreenRoot
10-06 20:27:26.060  1725  1725 I SurfaceFlinger: [LayerHierarchy{RequestedLayerState{Transition Root: ActivityRecord{26494035 u0 com.example.threevchat/.ui.CallActivity t9190}#147278 z=1} 1 children}] RelativeParent to null
10-06 20:27:26.060  1725  1725 I SurfaceFlinger: [LayerHierarchy{RequestedLayerState{DimTransitionLayer for Surface(name=ActivityRecord{26494035 u0 com.example.threevchat/.ui.CallActivity t9190})/@0xe26fa45#147279 z=-1} no children}] reparent to OffscreenRoot
10-06 20:27:26.060  1725  1725 I SurfaceFlinger: [LayerHierarchy{RequestedLayerState{DimTransitionLayer for Surface(name=ActivityRecord{26494035 u0 com.example.threevchat/.ui.CallActivity t9190})/@0xe26fa45#147279 z=-1} no children}] RelativeParent to null
10-06 20:27:26.061  1660 14163 I Unihal  : BaseFilter.cpp: Destroy: 62: [SEGMENTATION_EFFECT,0xb40000738dbda8a0] Destroying.
10-06 20:27:26.061  1660 14163 I Unihal  : UniPluginUnit.cpp: Deinitialize: 111: UniPluginUnit is not initialized. : name=SegmentationEffectPlugin
10-06 20:27:26.061  1660 14163 I Unihal  : BaseFilter.cpp: Destroy: 71: [SEGMENTATION_EFFECT,0xb40000738dbda8a0] Destroyed.
10-06 20:27:26.061  2140  4236 I WindowManager: Relayout Window{25f168 u0 com.example.threevchat/com.example.threevchat.MainActivity}: viewVisibility=8 req=1080x2340 ty=1 d0
10-06 20:27:26.061  1725  1725 I SurfaceFlinger: id=147280 Removed app-background-layer#147280 (454)
10-06 20:27:26.062  1725  1725 I SurfaceFlinger: id=147279 Removed DimTransitionLayer for Surface(name=ActivityRecord{26494035 u0 com.example.threevchat/.ui.CallActivity t9190})/@0xe26fa45#147279 (454)
10-06 20:27:26.062  1725  1725 I SurfaceFlinger: id=147278 Removed Transition Root: ActivityRecord{26494035 u0 com.example.threevchat/.ui.CallActivity t9190}#147278 (454)
10-06 20:27:26.062  2140  4236 D SurfaceComposerClient: setCornerRadius ## 19f3d66 com.example.threevchat/com.example.threevchat.ui.CallActivity#147270 cornerRadius=0.000000
10-06 20:27:26.062  2140  4236 W PhoneWindowManager: lockNow pending, ignore updating lockscreen timeout
10-06 20:27:26.062  2140  4236 D SurfaceComposerClient: setCornerRadius ## 19f3d66 com.example.threevchat/com.example.threevchat.ui.CallActivity#147270 cornerRadius=0.000000
10-06 20:27:26.062  2140  4236 I WindowManager: Relayout hash=25f168, pid=27585, syncId=-1: mAttrs={(0,0)(fillxfill) sim={adjust=pan forwardNavigation} layoutInDisplayCutoutMode=always ty=BASE_APPLICATION wanim=0x1030317
10-06 20:27:26.062  2140  4236 I WindowManager:   fl=81810100
10-06 20:27:26.062  2140  4236 I WindowManager:   pfl=100088c0
10-06 20:27:26.062  2140  4236 I WindowManager:   apr=210
10-06 20:27:26.062  2140  4236 I WindowManager:   bhv=1
10-06 20:27:26.062  2140  4236 I WindowManager:   fitSides=0
10-06 20:27:26.062  2140  4236 I WindowManager:   frameRateBoostOnTouch=true
10-06 20:27:26.062  2140  4236 I WindowManager:   dvrrWindowFrameRateHint=true naviIconColor=0}
10-06 20:27:26.062  1660 14163 I Unihal  : BaseFilter.cpp: Destroy: 62: [BEAUTY_VIDEO,0xb40000738db31950] Destroying.
10-06 20:27:26.062  1660 14163 I Unihal  : UniPluginUnit.cpp: Deinitialize: 111: UniPluginUnit is not initialized. : name=BeautyVideoPlugin
10-06 20:27:26.062  1660 14163 I Unihal  : BaseFilter.cpp: Destroy: 71: [BEAUTY_VIDEO,0xb40000738db31950] Destroyed.
10-06 20:27:26.063 27585 27585 I VRI[MainActivity]@a1a71e0: Relayout returned: old=(0,0,1080,2340) new=(0,0,1080,2340) relayoutAsync=false req=(1080,2340)8 dur=2 res=0x2 s={false 0x0} ch=true seqId=0
10-06 20:27:26.063 27585 27585 D VRI[MainActivity]@a1a71e0: Not drawing due to not visible. Reason=!mAppVisible && !mForceDecorViewVisibility
10-06 20:27:26.063  1660 14163 I Unihal  : BaseFilter.cpp: Destroy: 62: [LOCALTM_PREVIEW,0xb40000738db107c0] Destroying.
10-06 20:27:26.063  1660 14163 I Unihal  : UniPluginUnit.cpp: Deinitialize: 111: UniPluginUnit is not initialized. : name=LocalTMPreviewplugin
10-06 20:27:26.063  1660 14163 I Unihal  : BaseFilter.cpp: Destroy: 71: [LOCALTM_PREVIEW,0xb40000738db107c0] Destroyed.
10-06 20:27:26.064  1725  1725 D SurfaceFlinger: Display 4630946662957460867 HWC layers:
10-06 20:27:26.064  1725  1725 D SurfaceFlinger:   SOLID_COLOR |                        0 | 00000002 | N/A          |    0.0    0.0    0.0    0.0 |    0    0 1080 2340 | Background for f4d4992 SurfaceView[c[...]threevchat.ui.CallActivity]@0#147277 (0)
10-06 20:27:26.064  1725  1725 D SurfaceFlinger:        DEVICE |          118476672860168 | 00002100 | RGBA_8888    |    0.0   23.0 1080.0 2340.0 |    0   23 1080 2340 | com.example.threevchat/com.example.threevchat.ui.CallActivity$_27585#147271 (1)
10-06 20:27:26.064  1725  1725 D SurfaceFlinger:        DEVICE |           17587891125836 | 00002100 | RGBA_8888    |    0.0    0.0 1080.0   84.0 |    0    0 1080   84 | StatusBar$_4095#105 (178599)
10-06 20:27:26.064  1725  1725 D SurfaceFlinger:        DEVICE |           17587891125840 | 00002100 | RGBA_8888    |    0.0    0.0 1080.0  135.0 |    0 2205 1080 2340 | NavigationBar0$_4095#101 (126898)
10-06 20:27:26.064  1725  1725 D SurfaceFlinger:        DEVICE |           33698313404539 | 00002100 | RGBA_8888    |    0.0    0.0  111.0  114.0 |  485    0  596  114 | $_7846#139 (121)
10-06 20:27:26.064  1725  1725 D SurfaceFlinger: 
10-06 20:27:26.064 27585 27585 I VRI[MainActivity]@a1a71e0: stopped(true) old = false
10-06 20:27:26.064 27585 27585 D VRI[MainActivity]@a1a71e0: WindowStopped on com.example.threevchat/com.example.threevchat.MainActivity set to true
10-06 20:27:26.065  1660 14163 I Unihal  : BaseFilter.cpp: Destroy: 62: [PERSONAL_IMPRINTING,0xb40000738db667b0] Destroying.
10-06 20:27:26.065  1660 14163 I Unihal  : UniPluginUnit.cpp: Deinitialize: 111: UniPluginUnit is not initialized. : name=PersonalPlugin
10-06 20:27:26.065  1660 14163 I Unihal  : BaseFilter.cpp: Destroy: 71: [PERSONAL_IMPRINTING,0xb40000738db667b0] Destroyed.
10-06 20:27:26.065  4095  4095 W View    : requestLayout() improperly called by com.android.systemui.qs.SecQSGradationDrawableView{d9111a7 V.E...... ......ID 0,0-1080,332 #7f0a0a16 app:id/qs_gradation_view} during layout: running second layout pass
10-06 20:27:26.065  4095  4095 W View    : requestLayout() improperly called by android.widget.FrameLayout{84f9654 V.E...... ......I. 0,0-1080,2340 #2} during layout: running second layout pass
10-06 20:27:26.065  4095  4095 W View    : requestLayout() improperly called by android.widget.FrameLayout{2a8c9fd V.E...... ......ID 0,152-1080,2205 #7f0a0a14 app:id/qs_frame} during layout: running second layout pass
10-06 20:27:26.065  4095  4095 W RefactorFlag: New code path expects SceneContainerFlag to be enabled.
10-06 20:27:26.066  4095  4095 D SystemUIService: SYSUI_RAM_OPTIMIZATION onTrimMemory=20
10-06 20:27:26.066  4095  4095 D CentralSurfaces: SYSUI_RAM_OPTIMIZATION onTrimMemory=20
10-06 20:27:26.066  4095  4349 D HWUI    : CacheManager::trimMemory(20)
10-06 20:27:26.066  4095  4095 D DisplayLifecycle: updateDisplay id = 0
10-06 20:27:26.066  1660 14163 I Unihal  : BaseFilter.cpp: Destroy: 62: [FUNC_UNIVERSAL_SCALER_SUB_1,0xb40000738db07d00] Destroying.
10-06 20:27:26.066  1660 14163 I Unihal  : BaseFilter.cpp: Destroy: 71: [FUNC_UNIVERSAL_SCALER_SUB_1,0xb40000738db07d00] Destroyed.
10-06 20:27:26.068  1660 14163 I Unihal  : BaseFilter.cpp: Destroy: 62: [FUNC_UNIVERSAL_SCALER_SUB,0xb40000738db168e0] Destroying.
10-06 20:27:26.068  1660 14163 I Unihal  : BaseFilter.cpp: Destroy: 71: [FUNC_UNIVERSAL_SCALER_SUB,0xb40000738db168e0] Destroyed.
10-06 20:27:26.069  1660 14163 I Unihal  : ScenarioFactory3rdParty.cpp: CreateScenarioUnit: 71: Third Party Combination Front for 1(0xb4000071cdb14d10), supportScenarioType(3):PREVIEW,PREVIEWCB,RECORD, FnUpdateCaptureRequestNum(3), NumOfPipelines(1024)
10-06 20:27:26.069  1660 14163 E Unihal  : BeautyVideoUnit.cpp: BeautyVideoUnit: 36: Failed to Fetch Samsung Camera Value
10-06 20:27:26.073  1660 14163 I Unihal  : ScenarioFactory3rdParty.cpp: CreateScenarioUnit: 71: Third Party Combination Front for 2(0xb4000071cdae6a90), supportScenarioType(3):PREVIEW,PREVIEWCB,RECORD, FnUpdateCaptureRequestNum(3), NumOfPipelines(513)
10-06 20:27:26.076  1660 14163 I Unihal  : ScenarioFactory3rdParty.cpp: CreateScenarioUnit: 71: Third Party Combination Front for 3(0xb4000071cdad6090), supportScenarioType(3):PREVIEW,PREVIEWCB,RECORD, FnUpdateCaptureRequestNum(3), NumOfPipelines(513)
10-06 20:27:26.077  1725  1725 I SurfaceFlinger: RequestedLayer [com.example.threevchat/com.example.threevchat.MainActivity$_27585#147263] hidden!! flag  from(0) --> to(1)
10-06 20:27:26.077  1725  1725 I SurfaceFlinger: destroyed app-background-layer#147280 form LifecycleManager
10-06 20:27:26.077  1725  1725 I SurfaceFlinger: destroyed DimTransitionLayer for Surface(name=ActivityRecord{26494035 u0 com.example.threevchat/.ui.CallActivity t9190})/@0xe26fa45#147279 form LifecycleManager
10-06 20:27:26.077  1725  1725 I SurfaceFlinger: destroyed Transition Root: ActivityRecord{26494035 u0 com.example.threevchat/.ui.CallActivity t9190}#147278 form LifecycleManager
10-06 20:27:26.077  1725  1725 I SurfaceFlinger: id=147280 onLayerDestroyed from LayerHierarchyBuilder(RequestedLayerState{app-background-layer#147280 !handle z=-1})
10-06 20:27:26.077  1725  1725 I SurfaceFlinger: id=147279 onLayerDestroyed from LayerHierarchyBuilder(RequestedLayerState{DimTransitionLayer for Surface(name=ActivityRecord{26494035 u0 com.example.threevchat/.ui.CallActivity t9190})/@0xe26fa45#147279 !handle z=-1})
10-06 20:27:26.077  1725  1725 I SurfaceFlinger: id=147278 onLayerDestroyed from LayerHierarchyBuilder(RequestedLayerState{Transition Root: ActivityRecord{26494035 u0 com.example.threevchat/.ui.CallActivity t9190}#147278 !handle z=1})
10-06 20:27:26.077  2140  4236 E WindowManager: win=Window{25f168 u0 com.example.threevchat/com.example.threevchat.MainActivity} destroySurfaces: appStopped=true cleanupOnResume=false win.mWindowRemovalAllowed=false win.mRemoveOnExit=false win.mViewVisibility=8 caller=com.android.server.wm.ActivityRecord.destroySurfaces:25 com.android.server.wm.ActivityRecord.activityStopped:192 com.android.server.wm.ActivityClientController.activityStopped:97 android.app.IActivityClientController$Stub.onTransact:740 com.android.server.wm.ActivityClientController.onTransact:1 android.os.Binder.execTransactInternal:1462 android.os.Binder.execTransact:1401 
10-06 20:27:26.077  1725  1725 I Layer   : id=147280 Destroyed app-background-layer#147280
10-06 20:27:26.077  1725  1725 I Layer   : id=147279 Destroyed DimTransitionLayer for Surface(name=ActivityRecord{26494035 u0 com.example.threevchat/.ui.CallActivity t9190})/@0xe26fa45#147279
10-06 20:27:26.077  1725  1725 I Layer   : id=147278 Destroyed Transition Root: ActivityRecord{26494035 u0 com.example.threevchat/.ui.CallActivity t9190}#147278
10-06 20:27:26.077  2140  2178 D SGM:FgCheckThread: getForegroundApp(), foregroundPkgName=com.example.threevchat
10-06 20:27:26.078  2140  2178 D SGM:FgCheckThread: pkgName: com.example.threevchat is in foreground
10-06 20:27:26.079  1660 14163 I Unihal  : ScenarioFactory3rdParty.cpp: CreateScenarioUnit: 71: BYPASS(0xb4000071cdaff450), supportScenarioType(1):BYPASS_STREAM, FnUpdateCaptureRequestNum(0), NumOfPipelines(1)
10-06 20:27:26.079  2140  3630 D BackgroundInstallControlService: Package event received: 0
10-06 20:27:26.086  1660 14163 I Unihal  : ScenarioUnit3rdParty.cpp: GenerateUniStreams: 549: [Third Party Combination Front for 1] delayed meta setting: UNI_DELAYED_META_SETTING_DEFAULT, apply reducing filter: FALSE, use metadata cache: FALSE
10-06 20:27:26.086  1660 14163 I Unihal  : ScenarioSelector3rdParty.cpp: operator(): 406: Reg Main Stream 0xb40000732dad2410(0xb40000720db0e2f8,0xb40000732dad2410) PREVIEW
10-06 20:27:26.088  1660 14163 I Unihal  : ScenarioUnit3rdParty.cpp: GenerateUniStreams: 549: [Third Party Combination Front for 2] delayed meta setting: UNI_DELAYED_META_SETTING_DEFAULT, apply reducing filter: FALSE, use metadata cache: FALSE
10-06 20:27:26.091  1660 14163 I Unihal  : ScenarioUnit3rdParty.cpp: GenerateUniStreams: 549: [Third Party Combination Front for 3] delayed meta setting: UNI_DELAYED_META_SETTING_DEFAULT, apply reducing filter: FALSE, use metadata cache: FALSE
10-06 20:27:26.091  1660 14163 I Unihal  : ScenarioUnit3rdParty.cpp: GenerateUniStreams: 549: [BYPASS] delayed meta setting: UNI_DELAYED_META_SETTING_DEFAULT, apply reducing filter: FALSE, use metadata cache: FALSE
10-06 20:27:26.091  1660 14163 I Unihal  : CameraHalUnit.cpp: ConfigureStreams: 291: Handle delayed meta frame : FALSE, Use metadata cache : FALSE 
10-06 20:27:26.091  1660 14163 I Unihal  : CameraDevice.cpp: ConfigureStreams: 96: [UNIKPI][1] VndHAL->configure_streams: E
10-06 20:27:26.093  1660  3011 I SS_3A   :  INFO: AEC: TsAECDestroy: 481: overrideCameraClose in AECDestroy Camera close mask 13 
10-06 20:27:26.093  1660  3011 I SS_3A   :  INFO: AEC: TsAECDestroy: 487: pCameraInfo->cameraid in AECDestroy 4
10-06 20:27:26.093  1660  3011 I SS_3A   :  INFO: AEC: TsAECDestroy: 524: TsAECDestroy (refcnt:1 cameraId 4 isNeedDestroy 0(oCO:16,cCIC:0,iFS:0) lensFacing 0 pAECAlgorithm 0xb40000732dadc550 pAECSingleton 0xb40000732dadc550
10-06 20:27:26.093  1660  3011 I SS_3A   :  INFO: AEC: TsAECDestroy: 564: Not Actual Destroy 13
10-06 20:27:26.093  1660  3011 I SS_3A   :  INFO: AEC: TsAecFrontModeChange: 722: ModeChange! sa=0
10-06 20:27:26.093  1660  3011 I SS_3A   :  INFO:  AF: TsAFDestroy: 207: [TSAF DESTROY] TsAFDestroy Enter
10-06 20:27:26.093  1660  3011 I SS_3A   :  INFO:  AF: TsAFDestroy: 252: Destroy (refcnt:1 cameraId 4 overrideCameraClose 0 lensFacing 0 pAFAlgorithm 0xb40000732dad21d0 pAFSingletonWrapper->pAFSingleton 0xb40000732dad21d0
10-06 20:27:26.093  1660  3011 I SS_3A   :  INFO:  AF: TsAFDestroy: 289: overrideCameraClose in  AFDestroy 0
10-06 20:27:26.093  1660  3011 I SS_3A   :  INFO:  AF: TsAFDestroy: 292: [TSAF DESTROY] TsAFDestroy Exit
10-06 20:27:26.094  1660  3015 I DATC-Core: [DeepAtc]TfLite deleted instance at 0xb40000719db55e00
10-06 20:27:26.094  1660  3013 I SS_3A   :  INFO: AWB: TsAwbDestroy: 449: overrideCameraClose in AWBDestroy 13
10-06 20:27:26.094  1660  3013 I SS_3A   :  INFO: AWB: TsAwbDestroy: 455: cameraId in AWBDestroy 4
10-06 20:27:26.094  1660  3013 I SS_3A   :  INFO: AWB: TsAwbDestroy: 477: TsAwbDestroy (refcnt:1 cameraId 4 overrideCameraClose 0 lensFacing 0 pAWBSingletonWrapper->pAWB 0xb40000732da78e30
10-06 20:27:26.094  1660  3013 I SS_3A   :  INFO: AWB: TsAwbDestroy: 514: Not Actual Destroy 0
10-06 20:27:26.094  1725  1725 I SurfaceFlinger: [LayerHierarchy{RequestedLayerState{com.example.threevchat/com.example.threevchat.MainActivity$_27585#147263} no children}] reparent to OffscreenRoot
10-06 20:27:26.094  1725  1725 I SurfaceFlinger: [LayerHierarchy{RequestedLayerState{com.example.threevchat/com.example.threevchat.MainActivity$_27585#147263} no children}] RelativeParent to null
10-06 20:27:26.095  1617  1617 I sensors-hal: set_config:60, sample_period_ns is adjusted to 200000000 based on min/max delay_ns
10-06 20:27:26.095  1617  1617 I sensors-hal: batch:363, com.samsung.sensor.light_cct/1511, period=200000000, max_latency=0 request completed
10-06 20:27:26.096  1617  1617 I sensors-hal: activate:300, com.samsung.sensor.light_cct/1511 en=1
10-06 20:27:26.096  1617  1617 I sensors-hal: acquire_qsh_interface:139, acquire_qsh_interface with sensor_id 12 , conn_type 3 
10-06 20:27:26.096  1617  1617 I sensors-hal: worker:51, worker(0xb40000735e10d290) is created with tid= 27932
10-06 20:27:26.096  1588  1778 I minksocket: MinkIPC MESSAGE: ( 1588:1778 ) MinkIPC_QRTR_Service:351 minkipc = 0xb400007868418cb0 sock = 19, client with node 1 port 4e81 went down
10-06 20:27:26.097  1588  1788 I minksocket: MinkIPC MESSAGE: ( 1588:1788 ) MinkIPC_QRTR_Service:351 minkipc = 0xb400007868419bd0 sock = 34, client with node 1 port 4e81 went down
10-06 20:27:26.097  1588  1778 I minksocket: MinkIPC MESSAGE: ( 1588:1778 ) MinkIPC_QRTR_Service:351 minkipc = 0xb400007868418cb0 sock = 19, client with node 1 port 4e82 went down
10-06 20:27:26.097  1588  1788 I minksocket: MinkIPC MESSAGE: ( 1588:1788 ) MinkIPC_QRTR_Service:351 minkipc = 0xb400007868419bd0 sock = 34, client with node 1 port 4e82 went down
10-06 20:27:26.097  1588  1788 I minksocket: MinkIPC MESSAGE: ( 1588:1788 ) MinkIPC_QRTR_Service:351 minkipc = 0xb400007868419bd0 sock = 34, client with node 1 port 4e83 went down
10-06 20:27:26.097  1660  3011 I vendor.samsung.hardware.camera.provider-service_64: vendor/qcom/proprietary/adsprpc/src/fastrpc_pm.c:199: fastrpc_wake_lock_deinit done
10-06 20:27:26.097  1660  3011 I vendor.samsung.hardware.camera.provider-service_64: vendor/qcom/proprietary/adsprpc/src/fastrpc_apps_user.c:2178: update_kernel_wakelock_status: updated kernel wakelock control status to 0 for domain 0
10-06 20:27:26.097  1660  3011 I vendor.samsung.hardware.camera.provider-service_64: vendor/qcom/proprietary/adsprpc/src/fastrpc_apps_user.c:2205: wakelock_control: disable wakelock control for domain 0
10-06 20:27:26.097  1660  3011 I SS_3A   :  INFO:  AF: PDLibDestroy: 1693: [PD_cpu]PDLibDestroy 0xb4000072bdb1ded0
10-06 20:27:26.097  1660  3011 I SS_3A   :  INFO:  AF: PDLibDestroy: 1731: pCameraInfo->cameraid in AFDestroy 4
10-06 20:27:26.097  1660  3011 I SS_3A   :  INFO:  AF: PDLibDestroy: 1758: overrideCameraClose in overrideCameraClose 0, pPDAFSingleton(0xb4000072bdb1ded0) referenceCount 0
10-06 20:27:26.097  1660  3011 I SS_3A   :  INFO:  AF: PDLibDestroy: 1762: StaticAF pPDAF in destroy is 0xb4000072bdb1ded0
10-06 20:27:26.097  1660  3011 I SS_3A   :  INFO:  AF: PDAf_deinit: 1613: [PD_cpu]TsAf_wrap: 0xb4000070eb8ae8b0, E
10-06 20:27:26.097  1660  3011 I SS_3A   : 
10-06 20:27:26.097  1660  3011 E CamX    : [ERROR][STATS_AF] pdlib_adaptive_k.cpp:1941 Save() Failed to open the adaptive k data file
10-06 20:27:26.097  1588  1778 I minksocket: MinkIPC MESSAGE: ( 1588:1778 ) MinkIPC_QRTR_Service:351 minkipc = 0xb400007868418cb0 sock = 19, client with node 1 port 4e83 went down
10-06 20:27:26.098  1617  1617 I sensors-hal: qsh_qmi:31, qsh_qmi
10-06 20:27:26.098  1617  1617 I sensors-hal: register_cb:304, suid(low=3046173514946711665,high=5084824469409589910) is new. register callbacks
10-06 20:27:26.098  1588  1778 I minksocket: MinkIPC MESSAGE: ( 1588:1778 ) MinkIPC_QRTR_Service:351 minkipc = 0xb400007868418cb0 sock = 19, client with node 1 port 4e84 went down
10-06 20:27:26.098  1623 27800 I HYPER-HAL: [RequestManager.cpp]releaseLocked(): Released ID : 2331739
10-06 20:27:26.098  1588  1788 I minksocket: MinkIPC MESSAGE: ( 1588:1788 ) MinkIPC_QRTR_Service:351 minkipc = 0xb400007868419bd0 sock = 34, client with node 1 port 4e84 went down
10-06 20:27:26.098  1617  1617 I sensors-hal: send_sync_sensor_request:508, send sync request
10-06 20:27:26.098  1617  1617 I sensors-hal: send_sync_sensor_request:518, send_sync_sensor_request before send_request for light_cct with SUID low=3046173514946711665 high=5084824469409589910
10-06 20:27:26.098  1617  1617 I sensors-hal: send_sync_sensor_request:537, wait for notification of response
10-06 20:27:26.098  1725  1725 I SurfaceFlinger: id=147263 Removed com.example.threevchat/com.example.threevchat.MainActivity$_27585#147263 (451)
10-06 20:27:26.098  1617 27933 I sensors-hal: qsh_conn_resp_cb:930, resp_value = 0 for light_cct 
10-06 20:27:26.098  1617  1617 I sensors-hal: send_sync_sensor_request:543, takes 0 ms to receive the response with 0
10-06 20:27:26.098  1617  1617 I sensors-hal: activate:330, com.samsung.sensor.light_cct/1511 en=1 completed
10-06 20:27:26.099  2140  3577 D SensorManager: registerListener :: 1511, STK33F11 Light Strm  Non-wakeup, 200000, 0, com.samsung.android.displaysolution.EyeComfortSolutionService$1@55f1571
10-06 20:27:26.106  1660 14163 I CHI     : [SS_LOW ]: [CHI         ]: chxsecperf.cpp: ReleasePerfLock: 1293:  2 [COMMON] Released
10-06 20:27:26.106  1660 14163 I CHI     : [SS_LOW ]: [CHI         ]: chxsecperf.cpp: ReleasePerfLock: 1293: 43 [VT_CALL] Released
10-06 20:27:26.108  1660 14163 I vendor.samsung.hardware.camera.provider-service_64: vendor/qcom/proprietary/adsprpc/src/fastrpc_apps_user.c:1854: manage_poll_qos: poll mode updated to 0 for domain 7, handle 0xb4000072bddf3110 for timeout 1000
10-06 20:27:26.109  1660 14163 I vendor.samsung.hardware.camera.provider-service_64: vendor/qcom/proprietary/adsprpc/src/fastrpc_apps_user.c:2313: remote_handle_control_domain: requested QOS 0, latency 1000 for domain 7 handle 0xb4000072bddf3110
10-06 20:27:26.110  1725  1725 I SurfaceFlinger: destroyed com.example.threevchat/com.example.threevchat.MainActivity$_27585#147263 form LifecycleManager
10-06 20:27:26.110  1725  1725 I SurfaceFlinger: id=147263 onLayerDestroyed from LayerHierarchyBuilder(RequestedLayerState{com.example.threevchat/com.example.threevchat.MainActivity$_27585#147263 !handle})
10-06 20:27:26.111  1725  1725 I Layer   : id=147263 Destroyed com.example.threevchat/com.example.threevchat.MainActivity$_27585#147263
10-06 20:27:26.115  1660 14163 I vendor.samsung.hardware.camera.provider-service_64: vendor/qcom/proprietary/adsprpc/src/fastrpc_apps_user.c:1713: remote_handle_close: closed handle 0x1ecc1e0 (skel unload time 5682 us)
10-06 20:27:26.115  1660 14163 I vendor.samsung.hardware.camera.provider-service_64: vendor/qcom/proprietary/adsprpc/src/fastrpc_apps_user.c:3194: domain_deinit for domain 7: dev 137
10-06 20:27:26.115  1660 27893 I vendor.samsung.hardware.camera.provider-service_64: vendor/qcom/proprietary/adsprpc/src/fastrpc_apps_user.c:2020: get_remote_notif_response: received status notification 1 for domain 3, session 1
10-06 20:27:26.115  1660 27893 I vendor.samsung.hardware.camera.provider-service_64: vendor/qcom/proprietary/adsprpc/src/dspqueue/dspqueue_cpu.c:2184: dspqueue_notif_callback for domain 3, session 1, status 1
10-06 20:27:26.115  1660 27893 E vendor.samsung.hardware.camera.provider-service_64: vendor/qcom/proprietary/adsprpc/src/fastrpc_notif.c:57:Error 0xc: notif_fastrpc_thread FastRPC notification worker thread exited for domain 7 (errno Success), notif_domain_deinit started 0
10-06 20:27:26.115  1660 14163 I vendor.samsung.hardware.camera.provider-service_64: vendor/qcom/proprietary/adsprpc/src/dspsignal.c:122: dspsignal_domain_deinit done for domain 7
10-06 20:27:26.118  1660 27892 W vendor.samsung.hardware.camera.provider-service_64: vendor/qcom/proprietary/adsprpc/src/log_config.c:396:Warning: file_watcher_thread received exit for domain 7, file vendor.samsung.hardware.camera.provider-service_64.farf
10-06 20:27:26.118  1660 27892 I vendor.samsung.hardware.camera.provider-service_64: vendor/qcom/proprietary/adsprpc/src/log_config.c:448: file_watcher_thread exiting for domain 7
10-06 20:27:26.118  1660 14163 I vendor.samsung.hardware.camera.provider-service_64: vendor/qcom/proprietary/adsprpc/src/fastrpc_notif.c:73: fastrpc_notif_domain_deinit: Waiting for FastRPC notification worker thread to join
10-06 20:27:26.118  1660 14163 I vendor.samsung.hardware.camera.provider-service_64: vendor/qcom/proprietary/adsprpc/src/fastrpc_notif.c:81: fastrpc_notif_domain_deinit: Fastrpc notification worker thread joined
10-06 20:27:26.123  1660 14163 I vendor.samsung.hardware.camera.provider-service_64: vendor/qcom/proprietary/adsprpc/src/fastrpc_apps_user.c:3408: close_device_node: closed dev 137 on domain 7
10-06 20:27:26.123  1660 14163 I vendor.samsung.hardware.camera.provider-service_64: vendor/qcom/proprietary/adsprpc/src/fastrpc_apps_user.c:3237: domain_deinit: closed device 137 on domain 7 (kill time 5019 us)
10-06 20:27:26.123  1660 14163 I vendor.samsung.hardware.camera.provider-service_64: vendor/qcom/proprietary/adsprpc/src/fastrpc_apps_user.c:1758: remote_handle64_close: closed handle 0xb4000072bddf3110 remote handle 0x1ecc1e0, num of open handles: 0
10-06 20:27:26.123  1660 14163 I CHI     : [SS_LOW ]: [CHI         ]: chxextensionmodule.cpp: TeardownOverrideSession: 9435: [DUAL_MODE_DBG] m_isFrontCameraOpened=0
10-06 20:27:26.123  1660 14163 I CHI     : [SS_INFO]: [SS_LOG_LEVEL]: 1, [DEVELOPER_LOG_LEVEL]: 0
10-06 20:27:26.124  1660 14163 I vendor.samsung.hardware.camera.provider-service_64: vendor/qcom/proprietary/adsprpc/src/fastrpc_apps_user.c:2661: remote_session_control Unsigned PD enable 1 request for domain 7
10-06 20:27:26.124  1660 27935 I vendor.samsung.hardware.camera.provider-service_64: vendor/qcom/proprietary/adsprpc/src/fastrpc_apps_user.c:3559: Successfully opened /vendor/dsp/cdsp/fastrpc_shell_unsigned_3, domain 3
10-06 20:27:26.124  1660 14163 I CHI     : [SS_LOW ]: [CHI         ]: chxextensionmodule.cpp: ReleaseInactiveCameras: 4297: Returned activeCameraIds size: 1
10-06 20:27:26.124  1660 14163 I CHI     : [SS_LOW ]: [CHI         ]: chxextensionmodule.cpp: ReleaseInactiveCameras: 4326: Could not get active camera list, skip release inactive cameras
10-06 20:27:26.133  1660 14163 E CamX    : [ERROR][META   ] camxmetabuffer.cpp:3353 SetTag() Cannot set org.quic.camera2.streamconfigs.HDRVideoMode(80150000) size 4 max 1
10-06 20:27:26.137  1660 14163 E ChiX    : [ERROR][CORE   ] chxextensionmodule.h:4849 UseContextMeta() LogicalCamerId:4294967295 is greater than MaxNumImageSensors:16
10-06 20:27:26.138  1660 14163 E GME     : [ERROR][ChiNode] camxchinodegme.cpp:13036 Check3rdPartyMode() RealTimeFeatureZSLPreviewRaw_com.qti.node.gme0_cam4 cameraClient(0), check3rdParty(0)
10-06 20:27:26.139  1660 14163 I DATC-Core: [DeepAtc]TfLite new instance at 0xb40000719db3c700
10-06 20:27:26.140  1660 14163 I DATC-Core: [DeepAtc]tflite scene detect data addr 0x712b67fc70 : size 143176
10-06 20:27:26.140  1660 14163 I DATC-Core: [DeepAtc]tflite direct tone data addr 0x712b6a2bb8 : size 25988
10-06 20:27:26.140  1660 14163 I DATC-Core: make TfDeepAtc<float>
10-06 20:27:26.141  1660 27935 I vendor.samsung.hardware.camera.provider-service_64: vendor/qcom/proprietary/adsprpc/src/fastrpc_apps_user.c:3662: Created user PD on domain 7, dbg_trace 0x0, enabled attr=> RPC timeout:0, Dbg Mode:N, CRC:N, Unsigned:Y, Signed:N, Adapt QOS:N, PD dump: (Config:N, Dbg:N), Perf: (Kernel:N, DSP:N), Iregion:N, QTF:N, UAF:N userPD initmem len:0x500000, Log pkt: N
10-06 20:27:26.143  1660 27992 I SS_3A   :  INFO:  AF: CreatePDLib: 2734: CreatePDLib
10-06 20:27:26.143  1660 27992 I SS_3A   :  INFO:  AF: CreatePDLib: 2747: CreatePDLib i 0 paramCount 4
10-06 20:27:26.143  1660 27992 I SS_3A   :  INFO:  AF: CreatePDLib: 2755: CreatePDLib static create: overrideCameraOpen is 1
10-06 20:27:26.143  1660 27992 I SS_3A   :  INFO:  AF: CreatePDLib: 2747: CreatePDLib i 1 paramCount 4
10-06 20:27:26.143  1660 27992 I SS_3A   :  INFO:  AF: CreatePDLib: 2747: CreatePDLib i 2 paramCount 4
10-06 20:27:26.143  1660 27992 I SS_3A   :  INFO:  AF: CreatePDLib: 2763: CreatePDLib af_camera_info 4
10-06 20:27:26.143  1660 27992 I SS_3A   :  INFO:  AF: CreatePDLib: 2747: CreatePDLib i 3 paramCount 4
10-06 20:27:26.143  1660 27992 I SS_3A   :  INFO:  AF: CreatePDLib: 2789: Lens Facing(currentCam) = 1
10-06 20:27:26.143  1660 27992 I SS_3A   :  INFO:  AF: CreatePDLib: 2807: driverSensorId = 12
10-06 20:27:26.143  1660 27992 I SS_3A   :  INFO:  AF: TsCommonFillSensorIdMap: 26: Already filled, cameraId(4) driverSensorId(12)
10-06 20:27:26.143  1660 27992 I SS_3A   :  INFO:  AF: PDAf_init: 1638: [PD_cpu]PDAf_init E PDData 0xb4000072bddb0490
10-06 20:27:26.143  1660 27992 I SS_3A   :  INFO:  AF: CreatePDLib: 2868: CreatePDLib X2
10-06 20:27:26.144  1660 27993 E GME     : [ERROR][ChiNode] camxchinodegme.cpp:13036 Check3rdPartyMode() RealTimeFeatureZSLPreviewRaw_com.qti.node.gme0_cam4 cameraClient(0), check3rdParty(0)
10-06 20:27:26.145  1660 27991 I vendor.samsung.hardware.camera.provider-service_64: vendor/qcom/proprietary/adsprpc/src/listener_android.c:116: listener thread starting
10-06 20:27:26.145  1660 27935 I vendor.samsung.hardware.camera.provider-service_64: vendor/qcom/proprietary/adsprpc/src/fastrpc_notif.c:104: fastrpc_notif_domain_init: FastRPC notification worker thread launched
10-06 20:27:26.145  1660 27999 I vendor.samsung.hardware.camera.provider-service_64: vendor/qcom/proprietary/adsprpc/src/log_config.c:362: file_watcher_thread starting for domain 7
10-06 20:27:26.145  1660 27994 E GME     : [ERROR][ChiNode] camxchinodegme.cpp:13036 Check3rdPartyMode() RealTimeFeatureZSLPreviewRaw_com.qti.node.gme0_cam4 cameraClient(0), check3rdParty(0)
10-06 20:27:26.145  1660 27999 W vendor.samsung.hardware.camera.provider-service_64: vendor/qcom/proprietary/adsprpc/src/log_config.c:382:file_watcher_thread: Couldn't find file vendor.samsung.hardware.camera.provider-service_64.farf, errno (No such file or directory) at ;/vendor/lib64/rfs/dsp;/vendor/lib/rfsa/adsp;/vendor/lib/rfsa/dsp;/vendor/dsp;
10-06 20:27:26.145  1660 28000 I vendor.samsung.hardware.camera.provider-service_64: vendor/qcom/proprietary/adsprpc/src/fastrpc_apps_user.c:2020: get_remote_notif_response: received status notification 0 for domain 3, session 1
10-06 20:27:26.145  1660 27935 I vendor.samsung.hardware.camera.provider-service_64: vendor/qcom/proprietary/adsprpc/src/fastrpc_perf.c:278: fastrpc_perf_init: enabled systrace 0x0 and RPC traces (kernel 0, dsp 0) with frequency 1000
10-06 20:27:26.145  1660 27994 I vendor.samsung.hardware.camera.provider-service_64: vendor/qcom/proprietary/adsprpc/src/fastrpc_pm.c:161: fastrpc_wake_lock_init done for vendor.samsung.hardware.:1660
10-06 20:27:26.145  1660 27994 I vendor.samsung.hardware.camera.provider-service_64: vendor/qcom/proprietary/adsprpc/src/fastrpc_apps_user.c:2178: update_kernel_wakelock_status: updated kernel wakelock control status to 1 for domain 0
10-06 20:27:26.145  1660 27994 I vendor.samsung.hardware.camera.provider-service_64: vendor/qcom/proprietary/adsprpc/src/fastrpc_apps_user.c:2203: wakelock_control: enabled wakelock control for domain 0
10-06 20:27:26.146  1660 27991 I vendor.samsung.hardware.camera.provider-service_64: vendor/qcom/proprietary/adsprpc/src/mod_table.c:467: is_reverse_handle_opened: reverse module apps_std already found with handle 0x5b5f9dd8 (idx 0) refs 3
10-06 20:27:26.146  1660 27991 I vendor.samsung.hardware.camera.provider-service_64: vendor/qcom/proprietary/adsprpc/src/mod_table.c:701: open_mod_table_open_from_static: reverse module apps_std opened with handle 0x5b5f9dd8 (idx 0)
10-06 20:27:26.148  1660 27991 I vendor.samsung.hardware.camera.provider-service_64: vendor/qcom/proprietary/adsprpc/src/apps_std_imp.c:1149: Successfully opened file /vendor/lib64/rfs/dsp/./libbitml_nsp_75na_skel.so
10-06 20:27:26.149  1660 27991 I vendor.samsung.hardware.camera.provider-service_64: vendor/qcom/proprietary/adsprpc/src/mod_table.c:467: is_reverse_handle_opened: reverse module apps_mem already found with handle 0x5b5f9ed8 (idx 1) refs 3
10-06 20:27:26.149  1660 27991 I vendor.samsung.hardware.camera.provider-service_64: vendor/qcom/proprietary/adsprpc/src/mod_table.c:701: open_mod_table_open_from_static: reverse module apps_mem opened with handle 0x5b5f9ed8 (idx 0)
10-06 20:27:26.150  1660 27994 I SS_3A   :  INFO:  AF: AFAlgoSetNodeInterface: 1399: AF vendorTagBase 0x80e60000
10-06 20:27:26.150  1660 27994 I SS_3A   :  INFO:  AF: AFAlgoSetNodeInterface: 1407: AWB vendorTagBase 0x80e70000
10-06 20:27:26.150  1660 27994 I SS_3A   :  INFO:  AF: AFAlgoSetNodeInterface: 1415: AEC vendorTagBase 0x80e50000
10-06 20:27:26.150  1660 27994 I SS_3A   :  INFO:  AF: PDLibDestroy: 1693: [PD_cpu]PDLibDestroy 0xb4000072bddb0490
10-06 20:27:26.150  1660 27994 I SS_3A   :  INFO:  AF: PDLibDestroy: 1731: pCameraInfo->cameraid in AFDestroy 4
10-06 20:27:26.150  1660 27994 I SS_3A   :  INFO:  AF: PDLibDestroy: 1758: overrideCameraClose in overrideCameraClose 0, pPDAFSingleton(0xb4000072bddb0490) referenceCount 0
10-06 20:27:26.150  1660 27994 I SS_3A   :  INFO:  AF: PDLibDestroy: 1762: StaticAF pPDAF in destroy is 0xb4000072bddb0490
10-06 20:27:26.150  1660 27994 I SS_3A   :  INFO:  AF: PDAf_deinit: 1613: [PD_cpu]TsAf_wrap: 0xb4000070eb8ae8b0, E
10-06 20:27:26.150  1660 27994 I SS_3A   : 
10-06 20:27:26.150  1660 27994 I SS_3A   :  INFO:  AF: CreatePDLib: 2734: CreatePDLib
10-06 20:27:26.150  1660 27994 I SS_3A   :  INFO:  AF: CreatePDLib: 2747: CreatePDLib i 0 paramCount 4
10-06 20:27:26.150  1660 27994 I SS_3A   :  INFO:  AF: CreatePDLib: 2755: CreatePDLib static create: overrideCameraOpen is 1
10-06 20:27:26.150  1660 27994 I SS_3A   :  INFO:  AF: CreatePDLib: 2747: CreatePDLib i 1 paramCount 4
10-06 20:27:26.150  1660 27994 I SS_3A   :  INFO:  AF: CreatePDLib: 2747: CreatePDLib i 2 paramCount 4
10-06 20:27:26.150  1660 27994 I SS_3A   :  INFO:  AF: CreatePDLib: 2763: CreatePDLib af_camera_info 4
10-06 20:27:26.150  1660 27994 I SS_3A   :  INFO:  AF: CreatePDLib: 2747: CreatePDLib i 3 paramCount 4
10-06 20:27:26.150  1660 27994 I SS_3A   :  INFO:  AF: CreatePDLib: 2789: Lens Facing(currentCam) = 1
10-06 20:27:26.150  1660 27994 I SS_3A   :  INFO:  AF: CreatePDLib: 2807: driverSensorId = 12
10-06 20:27:26.150  1660 27994 I SS_3A   :  INFO:  AF: TsCommonFillSensorIdMap: 26: Already filled, cameraId(4) driverSensorId(12)
10-06 20:27:26.150  1660 27994 I SS_3A   :  INFO:  AF: PDAf_init: 1638: [PD_cpu]PDAf_init E PDData 0xb4000072bdd82150
10-06 20:27:26.151  1660 27994 I SS_3A   :  INFO:  AF: CreatePDLib: 2868: CreatePDLib X2
10-06 20:27:26.151  1660 27994 I SS_3A   :  INFO:  AF: getInstance: 30: [SWPD_IF] Not using swpd with this sensor 1
10-06 20:27:26.151  1660 27994 I SS_3A   :  INFO:  AF: PDLibInitialize: 2427: initParam [0xb4000072bdd82150 0x70f5f9ee08]
10-06 20:27:26.151  1660 27994 I SS_3A   :  INFO:  AF: PDLibInitialize: 2433: initParam CameraID 1 sensorType 4 sensor info [4000 2252] pd info 2pd [4000 562] sparsepd [4000 562] pdStride 8000
10-06 20:27:26.151  1660 27994 I SS_3A   :  INFO:  AF: PDLibDestroy: 1693: [PD_cpu]PDLibDestroy 0xb4000072bdd82150
10-06 20:27:26.151  1660 27994 I SS_3A   :  INFO:  AF: PDLibDestroy: 1731: pCameraInfo->cameraid in AFDestroy 4
10-06 20:27:26.151  1660 27994 I SS_3A   :  INFO:  AF: PDLibDestroy: 1758: overrideCameraClose in overrideCameraClose 0, pPDAFSingleton(0xb4000072bdd82150) referenceCount 0
10-06 20:27:26.151  1660 27994 I SS_3A   :  INFO:  AF: PDLibDestroy: 1762: StaticAF pPDAF in destroy is 0xb4000072bdd82150
10-06 20:27:26.151  1660 27994 I SS_3A   :  INFO:  AF: PDAf_deinit: 1613: [PD_cpu]TsAf_wrap: 0xb4000070eb8ae8b0, E
10-06 20:27:26.151  1660 27994 I SS_3A   : 
10-06 20:27:26.151  1660 27994 E CamX    : [ERROR][STATS_AF] pdlib_adaptive_k.cpp:1941 Save() Failed to open the adaptive k data file
10-06 20:27:26.151  1660 27994 I SS_3A   :  INFO:  AF: CreatePDLib: 2734: CreatePDLib
10-06 20:27:26.151  1660 27994 I SS_3A   :  INFO:  AF: CreatePDLib: 2747: CreatePDLib i 0 paramCount 4
10-06 20:27:26.151  1660 27994 I SS_3A   :  INFO:  AF: CreatePDLib: 2755: CreatePDLib static create: overrideCameraOpen is 1
10-06 20:27:26.151  1660 27994 I SS_3A   :  INFO:  AF: CreatePDLib: 2747: CreatePDLib i 1 paramCount 4
10-06 20:27:26.151  1660 27994 I SS_3A   :  INFO:  AF: CreatePDLib: 2747: CreatePDLib i 2 paramCount 4
10-06 20:27:26.151  1660 27994 I SS_3A   :  INFO:  AF: CreatePDLib: 2763: CreatePDLib af_camera_info 4
10-06 20:27:26.151  1660 27994 I SS_3A   :  INFO:  AF: CreatePDLib: 2747: CreatePDLib i 3 paramCount 4
10-06 20:27:26.151  1660 27994 I SS_3A   :  INFO:  AF: CreatePDLib: 2789: Lens Facing(currentCam) = 1
10-06 20:27:26.151  1660 27994 I SS_3A   :  INFO:  AF: CreatePDLib: 2807: driverSensorId = 12
10-06 20:27:26.151  1660 27994 I SS_3A   :  INFO:  AF: TsCommonFillSensorIdMap: 26: Already filled, cameraId(4) driverSensorId(12)
10-06 20:27:26.151  1660 27994 I SS_3A   :  INFO:  AF: PDAf_init: 1638: [PD_cpu]PDAf_init E PDData 0xb4000072bdd84590
10-06 20:27:26.151  1660 27994 I SS_3A   :  INFO:  AF: CreatePDLib: 2868: CreatePDLib X2
10-06 20:27:26.151  1660 27994 I SS_3A   :  INFO:  AF: getInstance: 30: [SWPD_IF] Not using swpd with this sensor 1
10-06 20:27:26.151  1660 27994 I SS_3A   :  INFO:  AF: PDLibInitialize: 2427: initParam [0xb4000072bdd84590 0x70f5f9ee08]
