10-06 20:27:25.783 27585 27585 I SV[256723346 CallActivity]: surfaceChanged (1080,2340) 2 #8 org.webrtc.SurfaceViewRenderer{f4d4992 V.E...... ......ID 0,0-1080,2340 #7f08008f app:id/remoteView}
10-06 20:27:25.783 27585 27585 I org.webrtc.Logging: SurfaceEglRenderer: remoteView: surfaceChanged: format: 4 size: 1080x2340
10-06 20:27:25.783 27585 27585 I SurfaceView: 256723346 surfaceRedrawNeeded
10-06 20:27:25.782  4381 22781 D NfcService: setReaderMode: uid=1000, packageName: android, flags: 4096
10-06 20:27:25.784  4381 22781 D NfcService: clearListenTech: keep listenTech
10-06 20:27:25.784  4381 22781 D libnfc_nci: nfcManager_setDiscoveryTech  pollTech = 0x80000000, listenTech = 0x80000000
10-06 20:27:25.784  4381 22781 D libnfc_nci: RoutingManager::setEeTechRouteUpdateRequired
10-06 20:27:25.784  4381 22781 D libnfc_nci: RoutingManager::setEeInfoChangedFlag
10-06 20:27:25.784  4381 22781 D libnfc_nci: nativeNfcTag_acquireRfInterfaceMutexLock: try to acquire lock
10-06 20:27:25.784  4381 22781 D libnfc_nci: nativeNfcTag_acquireRfInterfaceMutexLock: sRfInterfaceMutex lock
10-06 20:27:25.784  4381  4662 D libnfc_nci: nfaConnectionCallback: NFA_LISTEN_ENABLED_EVT:status= 0
10-06 20:27:25.785 27585 27585 I SurfaceView: 256723346 finishedDrawing
10-06 20:27:25.785 27585 27585 V SurfaceView: Layout: x=0 y=0 w=1080 h=2340, frame=Rect(0, 0 - 1080, 2340)
10-06 20:27:25.785 27585 27585 D VRI[CallActivity]@218f8f2: Setup new sync=wmsSync-VRI[CallActivity]@218f8f2#5
10-06 20:27:25.785 27585 27585 I VRI[CallActivity]@218f8f2: Creating new active sync group VRI[CallActivity]@218f8f2#6
10-06 20:27:25.786 27585 27585 D VRI[CallActivity]@218f8f2: registerCallbacksForSync syncBuffer=false
10-06 20:27:25.786  4381 22781 D libnfc_nci: nativeNfcTag_releaseRfInterfaceMutexLock: sRfInterfaceMutex unlock
10-06 20:27:25.786  4381 22781 D [NFC_SE]SamsungExtension: >> onApplyRouting
10-06 20:27:25.786  4381 22781 D [NFC_SE]SamsungExtension: << onApplyRouting
10-06 20:27:25.786  4381 22781 D libnfc_nci: nfcManager_enableDiscovery: enter; tech_mask = 00
10-06 20:27:25.786  4381 22781 D libnfc_nci: startRfDiscovery: is start=0
10-06 20:27:25.786  4381 22781 D libnfc_nci: nativeNfcTag_acquireRfInterfaceMutexLock: try to acquire lock
10-06 20:27:25.787  4381 22781 D libnfc_nci: nativeNfcTag_acquireRfInterfaceMutexLock: sRfInterfaceMutex lock
10-06 20:27:25.787  2194  2516 D Camera3-Device: waitUntilDrained: mInterfaceLock.unlock()
10-06 20:27:25.787  4381  4662 D NxpGenExtn: vendor_nfc_handle_event Enter eventCode:11
10-06 20:27:25.787  4381  4662 D NxpGenExtn: phNxpExtn_HandleVendorNciMsg Not vendor specific command!!
10-06 20:27:25.787  4381  4662 I NxpGenExtn: phNxpExtn_Write NCI datalen:4
10-06 20:27:25.787  4381  4662 I NxpGenExtn: processExtnWrite Enter dataLen:4
10-06 20:27:25.787  4381  4662 I NxpPropExtn: phNxpProp_ProcessExtnWrite PropExtensionController Enter dataLen:4
10-06 20:27:25.787  4381  4662 I NxpPropExtn: processExtnWrite Enter
10-06 20:27:25.787  4381  4662 D NxpPropExtn: NciStateMonitor processExtnWrite Enter
10-06 20:27:25.787  4381  4662 D NxpPropExtn: resendRequired, resend required
10-06 20:27:25.787  4381  4662 D NxpGenExtn: write Enter wLength:4
10-06 20:27:25.787  4381  4662 D NxpGenExtn: palenQueueWrite Enter wLength:4
10-06 20:27:25.787 27585 27585 W libc    : Access denied finding property "vendor.display.enable_optimal_refresh_rate"
10-06 20:27:25.787 27585 27585 W libc    : Access denied finding property "vendor.display.enable_optimal_refresh_rate"
10-06 20:27:25.788 27585 27621 D SurfaceView: 256723346 updateSurfacePosition RenderWorker, frameNr = 1, position = [0, 0, 1080, 2340] surfaceSize = 1080x2340
10-06 20:27:25.788 27585 27621 I SV[256723346 CallActivity]: uSP: rtp = Rect(0, 0 - 1080, 2340) rtsw = 1080 rtsh = 2340
10-06 20:27:25.788 27585 27621 I SV[256723346 CallActivity]: onSSPAndSRT: pl = 0 pt = 0 sx = 1.0 sy = 1.0
10-06 20:27:25.788 27585 27621 I SV[256723346 CallActivity]: aOrMT: VRI[CallActivity]@218f8f2 t = android.view.SurfaceControl$Transaction@7afd852 fN = 1 android.view.SurfaceView.-$$Nest$mapplyOrMergeTransaction:0 android.view.SurfaceView$SurfaceViewPositionUpdateListener.positionChanged:1932 android.graphics.RenderNode$CompositePositionUpdateListener.positionChanged:401 
10-06 20:27:25.788 27585 27621 I VRI[CallActivity]@218f8f2: mWNT: t=0xb400006f45139c90 mBlastBufferQueue=0xb400006f551f1020 fn= 1 HdrRenderState mRenderHdrSdrRatio=1.0 caller= android.view.SurfaceView.applyOrMergeTransaction:1863 android.view.SurfaceView.-$$Nest$mapplyOrMergeTransaction:0 android.view.SurfaceView$SurfaceViewPositionUpdateListener.positionChanged:1932 
10-06 20:27:25.788 27585 27637 D VRI[CallActivity]@218f8f2: Received frameDrawingCallback syncResult=0 frameNum=1.
10-06 20:27:25.788 27585 27637 I VRI[CallActivity]@218f8f2: mWNT: t=0xb400006f4513db90 mBlastBufferQueue=0xb400006f551f1020 fn= 1 HdrRenderState mRenderHdrSdrRatio=1.0 caller= android.view.ViewRootImpl$12.onFrameDraw:15441 android.view.ThreadedRenderer$1.onFrameDraw:718 <bottom of call stack> 
10-06 20:27:25.788 27585 27637 I VRI[CallActivity]@218f8f2: Setting up sync and frameCommitCallback
10-06 20:27:25.788  2194  2516 D CameraDeviceClient: createStream E
10-06 20:27:25.789  2194  2516 D SessionConfigUtils: createConfiguredSurface E: logicalCameraId=1, isStreamInfoValid=0, useCase=0, option=0x0, mirrorMode=0
10-06 20:27:25.789  4381 27799 D NxpGenExtn: enQueueWriteInternal Enter wLength:4
10-06 20:27:25.789  2194  2516 W SessionConfigUtils: createConfiguredSurface: Camera 1 with consumer usage flag: 256: Forcing asynchronous mode forstream
10-06 20:27:25.789  2194  2516 D SessionConfigUtils: createConfiguredSurface: consumer usage flag: 256, useAsync: 1
10-06 20:27:25.789  2194  2516 W libc    : Access denied finding property "vendor.display.enable_optimal_refresh_rate"
10-06 20:27:25.789  2194  2516 W libc    : Access denied finding property "vendor.gpp.create_frc_extension"
10-06 20:27:25.789 27585 27621 W qdgralloc: getInterlacedFlag: getMetaData returned 3, defaulting to interlaced_flag = 0
10-06 20:27:25.789  2194  2516 D SessionConfigUtils: createConfiguredSurface: width=1920, height=1080, format=1, dataSpace=0
10-06 20:27:25.790  2194  2516 W SessionConfigUtils: createConfiguredSurface: Camera 1: Overriding format 0x1 to IMPLEMENTATION_DEFINED
10-06 20:27:25.790  2194  2516 D SessionConfigUtils: roundBufferDimensionNearest  inWidth=1920 inHeight=1080, outWidth=1920 outHeight=1080 X
10-06 20:27:25.790  2194  2516 D SessionConfigUtils: createConfiguredSurface X
10-06 20:27:25.790  2194  2516 D Camera3-Device: createStream: mInterfaceLock.lock()
10-06 20:27:25.790  2194  2516 D Camera3-Device: createStream: Camera 1: Creating new stream 0: 1920 x 1080, format 0x22(IMPL_DEF), dataspace 0 rotation 0 consumer usage 0, isShared 0, physicalCameraId , isMultiResolution 0 dynamicRangeProfile 0x1, streamUseCase 0, option 0x0, timestampBase 0, colorSpace -1, useReadoutTimestamp 0
10-06 20:27:25.790  2186  2186 I android.hardware.nfc-service.nxp: write
10-06 20:27:25.790  2194  2516 D Camera3-Device: createStream: mInterfaceLock.unlock()
10-06 20:27:25.790  2194  2516 D CameraDeviceClient: createStream: Camera 1: Successfully created a new stream ID 0 for output surface (1920 x 1080) with format 0x22.
10-06 20:27:25.790  2194  2516 D CameraDeviceClient: createStream X
10-06 20:27:25.791  2194 14144 D Camera3-Device: filterParamsAndConfigureLocked : operatingMode=0
10-06 20:27:25.791  2194 14144 D Camera3-Utils: Set real time priority for thread (tid 14144)
10-06 20:27:25.791  2194 14144 D Camera3-Device: CameraPerf: configureStreamsLocked: Camera 1: Stream configuration E
10-06 20:27:25.791  2194 14144 I AidlCamera3-Device: configureStreams : Before configuration Stream[0] : [1920 x 1080], format = 0x22(IMPL_DEF), data_space = 0, color_space = -1, usage flag = 0x100, physical_camera_id = null
10-06 20:27:25.791  1660 27791 E ChiX    : [ERROR][CORE   ] chxextensionmodule.h:4849 UseContextMeta() LogicalCamerId:4294967295 is greater than MaxNumImageSensors:16
10-06 20:27:25.791  1660 14163 I Samsung_CameraDeviceSession_impl: [CAMKPI] camera3->configure_streams : E
10-06 20:27:25.791  1660 14163 I Unihal  : UniHal3InterfaceEntry.cpp: uni_configure_streams: 290: [UNIKPI][1] UniHAL->configure_streams: E
10-06 20:27:25.791  1660 14163 I Unihal  : UniHal3InterfaceEntry.cpp: uni_configure_streams: 300: operation_mode: 0, num_streams: 1, session_param: 0xb4000072bddf8bd0
10-06 20:27:25.791  1660 14163 I Unihal  : UniHal3InterfaceEntry.cpp: uni_configure_streams: 307: stream[0]: stream(0xb40000720db0e2f8) : streamId(0x0), scenarioType(PREVIEW), format(0x22), grallocUsage(0x100), size(1920x1080), streamType(0), option(0x0), maxBuffers(0), priv(0x0), dataspace(0), rotation(0), fps(0, 0), physCamId(), groupId(-1), sensorPixelModes(0), multi_resolution_input_image(0), stream_use_case(0), dynamic_range_profile(1), stream_timestamp(0), reserved Ptr(0x0, 0x0)
10-06 20:27:25.791  1660 14163 I Unihal  : UniHalPlusMediator.cpp: ConfigureStreams: 368: Device(0xb40000719db95e60): E
10-06 20:27:25.791  1660 14163 I Unihal  : UniHalPlusMediator.h: PrintOpenDeviceInfo: 181: Configurestreams
10-06 20:27:25.791  1660 14163 I Unihal  : UniHalPlusMediator.h: operator(): 190: HwDevice=0xb40000719db95e60, FWK ID=1, OpenMgr(0)=0xb40000735dbc8a70, state=2, newDev=0x0
10-06 20:27:25.791  1660 14163 I Unihal  : UniState.cpp: transitState: 102: Transiting to state 3
10-06 20:27:25.791  1660 14163 I Unihal  : CameraHalUnit.cpp: ConfigureStreams: 264: cameraId=1, GetIsAlreadyCreated=0 m_isSetParamNull=0
10-06 20:27:25.791  1660 14163 I Unihal  : UniHalPlusExtension.cpp: IsAllowedUniHalPlus: 618: Unable to get PARAMETER_SAMSUNG_ANDROID_CONTROL_CAMERA_CLIENT
10-06 20:27:25.791  1660 14163 I Unihal  : UniHalPlusExtension.cpp: IsAllowedUniHalPlus: 634: UniHalPlus is not applied to this application. (invalid app)
10-06 20:27:25.791  1660 14163 I Unihal  : ScenarioManager.cpp: IsAllowed3rdParty: 2072: VDIS is supported by HAL
10-06 20:27:25.791  1660 14163 I Unihal  : ScenarioManager.cpp: IsSupported3rdPartyApp: 1524: SAMSUNG_ANDROID_CONTROL_UNIHAL_ENABLE_MODE doesn't exist.
10-06 20:27:25.791  1660 14163 I Unihal  : ScenarioManager.cpp: IsSupported3rdPartyVideoHdr: 1129: SAMSUNG_ANDROID_UNIHAL_VIDEO_MODE doesn't exist.
10-06 20:27:25.791  1660 14163 I Unihal  : ScenarioManager.cpp: IsSupported3rdPartyPersonalImprinting: 1293: 3rdParty Personal Imprinting supported: FALSE
10-06 20:27:25.791  1660 14163 I Unihal  : ScenarioManager.cpp: IsSupported3rdPartyMoire: 1267: 3rdParty Moire supported: FALSE
10-06 20:27:25.791  1660 14163 I Unihal  : ScenarioManager.cpp: IsSupported3rdPartyAutoFraming: 1910: SAMSUNG_ANDROID_UNIHAL_VIDEO_MODE doesn't exist.
10-06 20:27:25.792  1660 14163 I Unihal  : ScenarioManager.cpp: IsSupported3rdPartyVDIS: 949: VDIS is not supported, since VDIS modes are not available.
10-06 20:27:25.792  1660 14163 I Unihal  : ScenarioManager.cpp: IsSupported3rdPartyVideoHdr: 1129: SAMSUNG_ANDROID_UNIHAL_VIDEO_MODE doesn't exist.
10-06 20:27:25.792  1660 14163 I Unihal  : ScenarioManager.cpp: IsSupported3rdPartySdkVdis: 1221: SAMSUNG_ANDROID_UNIHAL_VIDEO_MODE doesn't exist.
10-06 20:27:25.792  1660 14163 I Unihal  : ScenarioManager.cpp: IsSupported3rdPartyAutoFramingLite: 2022: PARAMETER_SAMSUNG_EXTRA_UNIHAL_ENABLE_MODE doesn't exist
10-06 20:27:25.792  1660 14163 I Unihal  : ScenarioManager.cpp: IsAllowed3rdParty: 2310: Android Auto Framing is supported
10-06 20:27:25.792  1660 14163 I Unihal  : ScenarioManager.cpp: FindScenarioInfo: 2418: Scenario Lib Path : /vendor/lib64/unihal_scenario.so
10-06 20:27:25.792  1660 14163 I Unihal  : ScenarioManager.cpp: FindScenarioInfo: 2432: Current shootingMode=0x00010019(UNI_SHOOTING_MODE_3RD_PARTY_DEFAULT), cameraId=1(FRONT_FULL)
10-06 20:27:25.792  1660 14163 I Unihal  : ScenarioManager.cpp: CheckEnableCondition: 2681: Unihal is enabled. : isSamsungCamera=false, isFactoryTest=false, isGalaxyRaw = false, isAllowedUniHalPlus=false, isAllowed3rdParty=true, foundScenario=true, isValidStreamConfiguration=true, isSamsungVdisEnabled=false, isSamsungSelfieToneTo3rdParty=true, shootingMode=UNI_SHOOTING_MODE_3RD_PARTY_DEFAULT
10-06 20:27:25.792  1660 14163 I Unihal  : ScenarioManager.cpp: ConfigureStreams: 3008: New session_parameters!
10-06 20:27:25.792  1660 14163 I Unihal  : ScenarioManager.cpp: FindScenarioInfo: 2418: Scenario Lib Path : /vendor/lib64/unihal_scenario.so
10-06 20:27:25.792  1660 14163 I Unihal  : ScenarioManager.cpp: FindScenarioInfo: 2432: Current shootingMode=0x00010019(UNI_SHOOTING_MODE_3RD_PARTY_DEFAULT), cameraId=1(FRONT_FULL)
10-06 20:27:25.792 27585 27621 I BLASTBufferQueue: [VRI[CallActivity]@218f8f2#2](f:0,a:0,s:0) onFrameAvailable the first frame is available
10-06 20:27:25.792  1660 14163 I Unihal  : ScenarioFactory3rdParty.cpp: CreateScenarioUnit: 71: Third Party Combination Front for 1(0xb4000071cdaff450), supportScenarioType(3):PREVIEW,PREVIEWCB,RECORD, FnUpdateCaptureRequestNum(3), NumOfPipelines(1024)
10-06 20:27:25.792  1660 14163 E Unihal  : BeautyVideoUnit.cpp: BeautyVideoUnit: 36: Failed to Fetch Samsung Camera Value
10-06 20:27:25.792 27585 27621 I SurfaceComposerClient: apply transaction with the first frame. layerId: 147271, bufferData(ID: 118476672860168, frameNumber: 1)
10-06 20:27:25.792 27585 27621 I VRI[CallActivity]@218f8f2: Received frameCommittedCallback lastAttemptedDrawFrameNum=1 didProduceBuffer=true
10-06 20:27:25.792  1725  1908 I SurfaceFlinger: [com.example.threevchat/com.example.threevchat.ui.CallActivity$_27585#147271] setTransactionState with the first frame. bufferData(ID: 118476672860168, frameNumber: 1)
10-06 20:27:25.792 27585 27621 D HWUI    : CFMS:: SetUp Pid : 27585    Tid : 27621
10-06 20:27:25.793 27585 27585 D VRI[CallActivity]@218f8f2: reportDrawFinished seqId=0
10-06 20:27:25.793  2140  4236 D WindowManager: finishDrawingWindow: Window{19f3d66 u0 com.example.threevchat/com.example.threevchat.ui.CallActivity} mDrawState=DRAW_PENDING seqId=0
10-06 20:27:25.793  1725  1725 I SurfaceFlinger: RequestedLayer [f4d4992 SurfaceView[com.example.thre[...]threevchat.ui.CallActivity]@0#147275] hidden!! flag  from(1) --> to(0)
10-06 20:27:25.793  1725  1725 I SurfaceFlinger: RequestedLayer [Bounds for - com.example.threevchat/[...].threevchat.ui.CallActivity@0#147274] hidden!! flag  from(1) --> to(0)
10-06 20:27:25.793  1725  1725 I SurfaceFlinger: RequestedLayer [Background for f4d4992 SurfaceView[c[...]threevchat.ui.CallActivity]@0#147277] hidden!! flag  from(1) --> to(0)
10-06 20:27:25.793  1725  1725 I SurfaceFlinger: [LayerHierarchy{RequestedLayerState{4050935 NavigationBar0#92 parentId=147272} 1 children}] reparent to LayerHierarchy{RequestedLayerState{Surface(name=4050935 NavigationBar0)/@0xefa2a36 - animation-leash of insets_animation#147272 parentId=91} 1 children}
10-06 20:27:25.793  1725  1725 I SurfaceFlinger: [LayerHierarchy{RequestedLayerState{6175b18 StatusBar#96 parentId=147273} 1 children}] reparent to LayerHierarchy{RequestedLayerState{Surface(name=6175b18 StatusBar)/@0x328510 - animation-leash of insets_animation#147273 parentId=95} 1 children}
10-06 20:27:25.793  1725  1725 I SurfaceFlinger: [LayerHierarchy{RequestedLayerState{Surface(name=6175b18 StatusBar)/@0x328510 - animation-leash of insets_animation#147265} no children}] reparent to OffscreenRoot
10-06 20:27:25.793  1725  1725 I SurfaceFlinger: [LayerHierarchy{RequestedLayerState{Surface(name=6175b18 StatusBar)/@0x328510 - animation-leash of insets_animation#147265} no children}] RelativeParent to null
10-06 20:27:25.793  1725  1725 I SurfaceFlinger: [LayerHierarchy{RequestedLayerState{Surface(name=4050935 NavigationBar0)/@0xefa2a36 - animation-leash of insets_animation#147264} no children}] reparent to OffscreenRoot
10-06 20:27:25.793  1725  1725 I SurfaceFlinger: [LayerHierarchy{RequestedLayerState{Surface(name=4050935 NavigationBar0)/@0xefa2a36 - animation-leash of insets_animation#147264} no children}] RelativeParent to null
10-06 20:27:25.793  1725  1725 I SurfaceFlinger: [LayerHierarchy{RequestedLayerState{f4d4992 SurfaceView[com.example.threevchat/com.example.threevchat.ui.CallActivity]@0#147275 parentId=147274 relativeParentId=147271 z=-2} 2 children}] RelativeParent to LayerHierarchy{RequestedLayerState{com.example.threevchat/com.example.threevchat.ui.CallActivity$_27585#147271 parentId=147270} 2 children}
10-06 20:27:25.793  1725  1725 I SurfaceFlinger: [LayerHierarchy{RequestedLayerState{Background for f4d4992 SurfaceView[com.example.threevchat/com.example.threevchat.ui.CallActivity]@0#147277 parentId=147275 relativeParentId=147271 z=-2147483648} no children}] RelativeParent to LayerHierarchy{RequestedLayerState{com.example.threevchat/com.example.threevchat.ui.CallActivity$_27585#147271 parentId=147270} 3 children}
10-06 20:27:25.794 27585 27621 D HWUI    : HWUI - treat SMPTE_170M as sRGB
10-06 20:27:25.794 27585 27585 I ImeFocusController: onPreWindowFocus: skipped hasWindowFocus=false mHasImeFocus=true
10-06 20:27:25.794 27585 27585 I ImeFocusController: onPostWindowFocus: skipped hasWindowFocus=false mHasImeFocus=true
10-06 20:27:25.794  2140  2179 D SurfaceComposerClient: setCornerRadius ## 19f3d66 com.example.threevchat/com.example.threevchat.ui.CallActivity#147270 cornerRadius=0.000000
10-06 20:27:25.795  1660 27791 I DATC-Core: [DeepAtc]TfLite new instance at 0xb40000719da23770
10-06 20:27:25.795  2140  2179 W PhoneWindowManager: lockNow pending, ignore updating lockscreen timeout
10-06 20:27:25.795  1660 27791 I DATC-Core: [DeepAtc]tflite scene detect data addr 0x712b67fc70 : size 143176
10-06 20:27:25.795  1660 27791 I DATC-Core: [DeepAtc]tflite direct tone data addr 0x712b6a2bb8 : size 25988
10-06 20:27:25.795  2140  2179 D SurfaceComposerClient: setCornerRadius ## 19f3d66 com.example.threevchat/com.example.threevchat.ui.CallActivity#147270 cornerRadius=0.000000
10-06 20:27:25.795  2140  2179 V WindowManager: SyncGroup 11374: Finished!
10-06 20:27:25.795  2140  2179 I SemDvfsHyPerManager: acquire hyper - AMS_RESUME_TAIL/2140@19, type = -999
10-06 20:27:25.795  1660 27791 I DATC-Core: make TfDeepAtc<float>
10-06 20:27:25.795  2140  2179 I SemDvfsHyPerManager: acquire hyper - AMS_ACT_LAZY/2140@20, type = -999
10-06 20:27:25.795  2140  2179 D ActivityManagerPerformance: AMP_acquire() TAIL
10-06 20:27:25.795  2140  2179 D ActivityManagerPerformance: AMP_release() ACT_START
10-06 20:27:25.795  1623  1657 I HYPER-HAL: [RequestManager.cpp]acquire(): Acquired ID : 2331739  [2140 / 19]    HINT : AMS_RESUME_TAIL    list : 
10-06 20:27:25.795  1725  2082 D SurfaceFlinger: [input] setFocusedWindow: 19f3d66 com.example.threevchat/com.example.threevchat.ui.CallActivity
10-06 20:27:25.795  2140  2179 V WindowManager: performShowLocked: mDrawState=HAS_DRAWN in Window{19f3d66 u0 com.example.threevchat/com.example.threevchat.ui.CallActivity}
10-06 20:27:25.796  2140  2179 D ChangeTransitionController: onTransactionReady: TransitionRecord{a9cc42 id=11374 type=OPEN flags=0x0 c=[
10-06 20:27:25.796  2140  2179 D ChangeTransitionController:    ChangeInfo{38c6a8e container=ActivityRecord{26494035 u0 com.example.threevchat/.ui.CallActivity t9190} flags=0x0}
10-06 20:27:25.796  2140  2179 D ChangeTransitionController:    ChangeInfo{314d2af container=Task{51e3d0b #9190 type=standard A=10883:com.example.threevchat} flags=0x0}
10-06 20:27:25.796  2140  2179 D ChangeTransitionController:    ChangeInfo{ed3cb25 container=ActivityRecord{174183642 u0 com.example.threevchat/.MainActivity t9190} flags=0x0}
10-06 20:27:25.796  2140  2179 D ChangeTransitionController:    ChangeInfo{a6936bc container=Display{#0 state=ON size=1080x2340 ROTATION_0} flags=0x0}
10-06 20:27:25.796  2140  2179 D ChangeTransitionController:    ChangeInfo{ee1c645 container=DefaultTaskDisplayArea_d0@254574274 flags=0x0}
10-06 20:27:25.796  2140  2179 D ChangeTransitionController: ]
10-06 20:27:25.796  2140  2179 D ChangeTransitionController: }
10-06 20:27:25.796  2140  2179 V WindowManager: Start calculating TransitionInfo based on participants: {ActivityRecord{26494035 u0 com.example.threevchat/.ui.CallActivity t9190}, ActivityRecord{174183642 u0 com.example.threevchat/.MainActivity t9190}}
10-06 20:27:25.796  2140  2179 V WindowManager:   Final targets: [ChangeInfo{38c6a8e container=ActivityRecord{26494035 u0 com.example.threevchat/.ui.CallActivity t9190} flags=0x0}, ChangeInfo{ed3cb25 container=ActivityRecord{174183642 u0 com.example.threevchat/.MainActivity t9190} flags=0x0}]
10-06 20:27:25.796  1725  1908 I SurfaceFlinger: id=147278 createSurf, flag=84004, Transition Root: ActivityRecord{26494035 u0 com.example.threevchat/.ui.CallActivity t9190}#147278
10-06 20:27:25.796  1660 27791 E CamX    : [ERROR][CHI    ] camxchicontext.cpp:5278 SetPipelineDescriptorOptions() [FmtNego] Node 65536_0 Output Port::[0] Can't convert buffer format 3
10-06 20:27:25.796  1660 27791 E CamX    : [ERROR][CHI    ] camxchicontext.cpp:5278 SetPipelineDescriptorOptions() [FmtNego] Node 65536_0 Output Port::[9] Can't convert buffer format 9
10-06 20:27:25.796  1660 27791 E SS_3A   : [ERROR][CORE   ] chxextensionmodule.cpp:16820 GetNumOfPixelsPerColor() [XCFA] Unable to get the number of pixels per color and return UninitializedNumberOfPixelsPerColor: m_pStreamConfig is not available
10-06 20:27:25.796  2140  2179 I SurfaceControlRegistry: show, t=StartTransaction_SyncId<11374> sc=ActivityRecord{26494035 u0 com.example.threevchat/.ui.CallActivity t9190}, caller=android.view.SurfaceControl$Transaction.show:3557 com.android.server.wm.Transition.onTransactionReady:2048 com.android.server.wm.BLASTSyncEngine$SyncGroup.finishNow:240 com.android.server.wm.BLASTSyncEngine.onSurfacePlacement:263 com.android.server.wm.RootWindowContainer.performSurfacePlacementNoTrace:1083 com.android.server.wm.WindowSurfacePlacer.performSurfacePlacement:166 
10-06 20:27:25.796  2140  2179 D SurfaceComposerClient: setCornerRadius ## ActivityRecord{174183642 u0 com.example.threevchat/.MainActivity t9190}#147231 cornerRadius=0.000000
10-06 20:27:25.796  2140  2179 D SurfaceComposerClient: setCornerRadius ## ActivityRecord{26494035 u0 com.example.threevchat/.ui.CallActivity t9190}#147269 cornerRadius=0.000000
10-06 20:27:25.796  2140  2179 V WindowManager: Calling onTransitionReady: {id=11374 t=OPEN f=0x0 trk=0 r=[0@Point(0, 0)] c=[
10-06 20:27:25.796  2140  2179 V WindowManager:         {m=OPEN f=FILLS_TASK|IS_ACTIVITY|EDGE_EXTENSION_RESTRICTION leash=Surface(name=ActivityRecord{26494035 u0 com.example.threevchat/.ui.CallActivity t9190})/@0xbb0f4fa sb=Rect(0, 0 - 0, 0) eb=Rect(0, 0 - 1080, 2340) epz=Point(1080, 2340) d=-1->0 r=-1->0:-1 bc=fffafafa component=com.example.threevchat/.ui.CallActivity opt={t=FROM_STYLE mUserId=0} inset=Rect(0, 0 - 0, 0) dim=true taskIdForActivity=9190 allowAppBgLayer=true},
10-06 20:27:25.796  2140  2179 V WindowManager:         {m=TO_BACK f=FILLS_TASK|IS_ACTIVITY leash=Surface(name=ActivityRecord{174183642 u0 com.example.threevchat/.MainActivity t9190})/@0x14141f3 sb=Rect(0, 0 - 1080, 2340) eb=Rect(0, 0 - 1080, 2340) epz=Point(1080, 2340) d=0 bc=fffafafa component=com.example.threevchat/.MainActivity opt={t=FROM_STYLE mUserId=0} inset=Rect(0, 0 - 0, 0) taskIdForActivity=9190}
10-06 20:27:25.796  2140  2179 V WindowManager:     ]}
10-06 20:27:25.797  2140  2179 D PowerManagerService: [api] setPowerBoost(L) boost:0, durationMs:0, caller (uid: 1000 pid: 2140) <- m() in com.android.server.display.DisplayManagerService$BinderService$$ExternalSyntheticOutline0:1
10-06 20:27:25.797  1623  1657 I HYPER-HAL: [RequestManager.cpp]acquire(): Acquired ID : 2333900  [2140 / 20]    HINT : AMS_ACT_LAZY    list : 
10-06 20:27:25.797  2140  2179 I ActivityTaskManager: done cause=notifyTransitionStarting drawn timestamp=389839730102328 info=TransitionInfo{d02f508 a=ActivityRecord{26494035 u0 com.example.threevchat/.ui.CallActivity t9190} d=true}
10-06 20:27:25.797  2140  2179 D SurfaceComposerClient: setCornerRadius ## 19f3d66 com.example.threevchat/com.example.threevchat.ui.CallActivity#147270 cornerRadius=0.000000
10-06 20:27:25.797  2140  2179 W PhoneWindowManager: lockNow pending, ignore updating lockscreen timeout
10-06 20:27:25.797  2140  2179 D SurfaceComposerClient: setCornerRadius ## 19f3d66 com.example.threevchat/com.example.threevchat.ui.CallActivity#147270 cornerRadius=0.000000
10-06 20:27:25.798  1623  1657 I HYPER-HAL: [RequestManager.cpp]releaseLocked(): Released ID : 2327420
10-06 20:27:25.798  2140  2175 I ActivityTaskManager: Displayed com.example.threevchat/.ui.CallActivity for user 0: +224ms
10-06 20:27:25.798  2140  2175 I Pageboost: Launch time gathered : pid 27585 com.example.threevchat 224
10-06 20:27:25.799  2140  2175 V WindowManager: Sent Transition (#11374) createdAt=10-06 20:27:25.572 via request=TransitionRequestInfo { type = OPEN, triggerTask = TaskInfo{userId=0 taskId=9190 effectiveUid=10883 displayId=0 isRunning=true baseIntent=Intent { act=android.intent.action.MAIN cat=[android.intent.category.LAUNCHER] flg=0x10200000 cmp=com.example.threevchat/.MainActivity } baseActivity=ComponentInfo{com.example.threevchat/com.example.threevchat.MainActivity} topActivity=ComponentInfo{com.example.threevchat/com.example.threevchat.ui.CallActivity} origActivity=null realActivity=ComponentInfo{com.example.threevchat/com.example.threevchat.MainActivity} numActivities=2 lastActiveTime=518669736 supportsMultiWindow=true resizeMode=1 isResizeable=true minWidth=-1 minHeight=-1 maxWidth=-1 maxHeight=-1 defaultMinSize=220 desktopDefaultMinSize=304 token=WCT{RemoteToken{bb03451 Task{51e3d0b #9190 type=standard A=10883:com.example.threevchat}}} topActivityType=1 pictureInPictureParams=null shouldDockBigOverlays=false launchIntoPipHostTaskId=-1 lastParentTaskIdBeforePip=-1 displayCutoutSafeInsets=Rect(0, 0 - 0, 0) topActivityInfo=ActivityInfo{d1af4a1 com.example.threevchat.ui.CallActivity} launchCookies=[] positionInParent=Point(0, 0) parentTaskId=-1 isFocused=true isVisible=true isVisibleRequested=true isTopActivityNoDisplay=false isSleeping=false locusId=null displayAreaFeatureId=1 isTopActivityTransparent=false isActivityStackTransparent=false lastNonFullscreenBounds=Rect(81, 559 - 999, 1729) capturedLink=null capturedLinkTimestamp=0 requestedVisibleTypes=-9 topActivityRequestOpenInBrowserEducationTimestamp=0 appCompatTaskInfo=AppCompatTaskInfo { topActivityInSizeCompat=false eligibleForLetterboxEducation= false isLetterboxEducationEnabled= false isLetterboxDoubleTapEnabled= false eligibleForUserAspectRatioButton= false topActivityBoundsLetterboxed= false isFromLetterboxDoubleTap= false topActivityLetterboxVerticalPosition= -1 topActivityLetterboxHorizontalPosition= -1 topActivityLetterboxWidth=-1 topActivityLetterboxHeight=-1 topActivityAppBounds=Rect(0, 0 - 1080, 2340) isUserFullscreenOverrideEnabled=false isSystemFullscreenOverrideEnabled=false hasMinAspectRatioOverride=false topActivityLetterboxBounds=null cameraCompatTaskInfo=CameraCompatTaskInfo { freeformCameraCompatMode=inactive} topActivityBounds=null topActivityInDisplayCompat=false singleTapFromLetterbox=false} topActivityMainWindowFrame=null originallySupportedMultiWindow=true hasWallpaper=false rootAffinity=10883:com.example.threevchat isTopTaskInStage=false CoverLauncherWidgetTask=false LaunchedFromAppsCoverLauncherTask=false LaunchedFromMultistarCoverLauncherTask=false isAllowedSeamlessRotation=false isTopTransparentActivity=false isAliasManaged=false hasConfigChanged=false snappingGuideBounds=null isAiKeyRemoveAppTask=false lastDesktopWindowingBounds=null lastExternalDesktopWindowingBounds=null safeCutoutInsets=null}, pipChange = null, remoteTransition = null, displayChange = null, flags = 0, debugId = 11374 }
10-06 20:27:25.799  2140  2175 V WindowManager:     startWCT=WindowContainerTransaction { changes= {} hops= [] errorCallbackToken=null taskFragmentOrganizer=null }
10-06 20:27:25.799  2140  2175 V WindowManager:     info={id=11374 t=OPEN f=0x0 trk=0 r=[0@Point(0, 0)] c=[
10-06 20:27:25.799  2140  2175 V WindowManager:         {m=OPEN f=FILLS_TASK|IS_ACTIVITY|EDGE_EXTENSION_RESTRICTION leash=Surface(name=ActivityRecord{26494035 u0 com.example.threevchat/.ui.CallActivity t9190})/@0xbb0f4fa sb=Rect(0, 0 - 0, 0) eb=Rect(0, 0 - 1080, 2340) epz=Point(1080, 2340) d=-1->0 r=-1->0:-1 bc=fffafafa component=com.example.threevchat/.ui.CallActivity opt={t=FROM_STYLE mUserId=0} inset=Rect(0, 0 - 0, 0) dim=true taskIdForActivity=9190 allowAppBgLayer=true},
10-06 20:27:25.799  2140  2175 V WindowManager:         {m=TO_BACK f=FILLS_TASK|IS_ACTIVITY leash=Surface(name=ActivityRecord{174183642 u0 com.example.threevchat/.MainActivity t9190})/@0x14141f3 sb=Rect(0, 0 - 1080, 2340) eb=Rect(0, 0 - 1080, 2340) epz=Point(1080, 2340) d=0 bc=fffafafa component=com.example.threevchat/.MainActivity opt={t=FROM_STYLE mUserId=0} inset=Rect(0, 0 - 0, 0) taskIdForActivity=9190}
10-06 20:27:25.799  2140  2175 V WindowManager:     ]}
10-06 20:27:25.799  4095  4948 V WindowManagerShell: onTransitionReady(transaction=9191230723803)
10-06 20:27:25.800  2140  4729 D InputDispatcher: Once focus requested (0): 19f3d66 com.example.threevchat/com.example.threevchat.ui.CallActivity
10-06 20:27:25.800  4095  4204 V WindowManagerShell: onTransitionReady (#11374) android.os.BinderProxy@e714e8e: {id=11374 t=OPEN f=0x0 trk=0 r=[0@Point(0, 0)] c=[
10-06 20:27:25.800  4095  4204 V WindowManagerShell:         {m=OPEN f=FILLS_TASK|IS_ACTIVITY|EDGE_EXTENSION_RESTRICTION leash=Surface(name=ActivityRecord{26494035 u0 com.example.threevchat/.ui.CallActivity t9190})/@0xe26fa45 sb=Rect(0, 0 - 0, 0) eb=Rect(0, 0 - 1080, 2340) epz=Point(1080, 2340) d=-1->0 r=-1->0:-1 bc=fffafafa component=com.example.threevchat/.ui.CallActivity opt={t=FROM_STYLE mUserId=0} inset=Rect(0, 0 - 0, 0) dim=true taskIdForActivity=9190 allowAppBgLayer=true},
10-06 20:27:25.800  4095  4204 V WindowManagerShell:         {m=TO_BACK f=FILLS_TASK|IS_ACTIVITY leash=Surface(name=ActivityRecord{174183642 u0 com.example.threevchat/.MainActivity t9190})/@0xd37c59a sb=Rect(0, 0 - 1080, 2340) eb=Rect(0, 0 - 1080, 2340) epz=Point(1080, 2340) d=0 bc=fffafafa component=com.example.threevchat/.MainActivity opt={t=FROM_STYLE mUserId=0} inset=Rect(0, 0 - 0, 0) taskIdForActivity=9190}
10-06 20:27:25.800  4095  4204 V WindowManagerShell:     ]}
10-06 20:27:25.800  4095  4204 V ShellDesktopMode: DesktopModeLogger: taskInfo map after processing changes 2
10-06 20:27:25.800  4095  4204 I SurfaceControlRegistry: hide, t=FinishTransaction_SyncId<11374> sc=ActivityRecord{174183642 u0 com.example.threevchat/.MainActivity t9190}, caller=android.view.SurfaceControl$Transaction.hide:3583 com.android.wm.shell.transition.Transitions.dispatchReady:1263 com.android.wm.shell.transition.Transitions.onTransitionReady:251 com.android.wm.shell.transition.Transitions$TransitionPlayerImpl$$ExternalSyntheticLambda0.run:13 android.os.Handler.handleCallback:995 android.os.Handler.dispatchMessage:103 
10-06 20:27:25.800  4095  4204 I SurfaceControlRegistry: show, t=StartTransaction_SyncId<11374> sc=ActivityRecord{26494035 u0 com.example.threevchat/.ui.CallActivity t9190}, caller=android.view.SurfaceControl$Transaction.show:3557 com.android.wm.shell.transition.Transitions.dispatchReady:1279 com.android.wm.shell.transition.Transitions.onTransitionReady:251 com.android.wm.shell.transition.Transitions$TransitionPlayerImpl$$ExternalSyntheticLambda0.run:13 android.os.Handler.handleCallback:995 android.os.Handler.dispatchMessage:103 
10-06 20:27:25.800  4095  4204 I SurfaceControlRegistry: show, t=FinishTransaction_SyncId<11374> sc=ActivityRecord{26494035 u0 com.example.threevchat/.ui.CallActivity t9190}, caller=android.view.SurfaceControl$Transaction.show:3557 com.android.wm.shell.transition.Transitions.dispatchReady:1330 com.android.wm.shell.transition.Transitions.onTransitionReady:251 com.android.wm.shell.transition.Transitions$TransitionPlayerImpl$$ExternalSyntheticLambda0.run:13 android.os.Handler.handleCallback:995 android.os.Handler.dispatchMessage:103 
10-06 20:27:25.800  2140  4729 D InputDispatcher: Focus request (0): 19f3d66 com.example.threevchat/com.example.threevchat.ui.CallActivity but waiting because NOT_VISIBLE
10-06 20:27:25.800  4095  4204 V WindowManagerShell: Playing animation for (#11374) android.os.BinderProxy@e714e8e@0
10-06 20:27:25.800  4095  4204 I SurfaceControlRegistry: show, t=StartTransaction_SyncId<11374> sc=Transition Root: ActivityRecord{26494035 u0 com.example.threevchat/.ui.CallActivity t9190}, caller=android.view.SurfaceControl$Transaction.show:3557 com.android.wm.shell.transition.Transitions.playTransition:79 com.android.wm.shell.transition.Transitions.processReadyQueue:239 com.android.wm.shell.transition.Transitions.dispatchReady:1352 com.android.wm.shell.transition.Transitions.onTransitionReady:251 com.android.wm.shell.transition.Transitions$TransitionPlayerImpl$$ExternalSyntheticLambda0.run:13 
10-06 20:27:25.800  4095  4204 V ShellRecents: RecentsTransitionHandler.startAnimation: no controller found
10-06 20:27:25.800  4095  4204 V ShellDesktopMode: DesktopMixedTransitionHandler: No pending desktop transition
10-06 20:27:25.800  4095  4204 V WindowManagerShell: Transition doesn't have explicit remote, search filters for match for {id=11374 t=OPEN f=0x0 trk=0 r=[0@Point(0, 0)] c=[{m=OPEN f=FILLS_TASK|IS_ACTIVITY|EDGE_EXTENSION_RESTRICTION leash=Surface(name=ActivityRecord{26494035 u0 com.example.threevchat/.ui.CallActivity t9190})/@0xe26fa45 sb=Rect(0, 0 - 0, 0) eb=Rect(0, 0 - 1080, 2340) epz=Point(1080, 2340) d=-1->0 r=-1->0:-1 bc=fffafafa component=com.example.threevchat/.ui.CallActivity opt={t=FROM_STYLE mUserId=0} inset=Rect(0, 0 - 0, 0) dim=true taskIdForActivity=9190 allowAppBgLayer=true},{m=TO_BACK f=FILLS_TASK|IS_ACTIVITY leash=Surface(name=ActivityRecord{174183642 u0 com.example.threevchat/.MainActivity t9190})/@0xd37c59a sb=Rect(0, 0 - 1080, 2340) eb=Rect(0, 0 - 1080, 2340) epz=Point(1080, 2340) d=0 bc=fffafafa component=com.example.threevchat/.MainActivity opt={t=FROM_STYLE mUserId=0} inset=Rect(0, 0 - 0, 0) taskIdForActivity=9190}]}
10-06 20:27:25.801  4095  4204 V WindowManagerShell:  Checking filter Pair{{types=[] flags=0x0] notFlags=0x100 checks=[{atype=home independent=true modes=[OPEN,TO_FRONT] flags=NONE mustBeTask=false order=TOP topActivity=ComponentInfo{com.sec.android.app.launcher/com.sec.android.app.launcher.Launcher} launchCookie=null windowingMode=undefined},{atype=recents independent=true modes=[CLOSE,TO_BACK] flags=NONE mustBeTask=false order=ANY topActivity=null launchCookie=null windowingMode=undefined}]} RemoteTransition { remoteTransition = android.window.IRemoteTransition$Stub$Proxy@edff44a, appThread = android.app.IApplicationThread$Stub$Proxy@d05bfbb, debugName = QuickstepLaunchHomeFromRecentsflags =NONE }}
10-06 20:27:25.801  4095  4204 V WindowManagerShell:  Checking filter Pair{{types=[] flags=0x0] notFlags=0x100 checks=[{atype=home independent=true modes=[OPEN,TO_FRONT] flags=NONE mustBeTask=false order=TOP topActivity=ComponentInfo{com.sec.android.app.launcher/com.sec.android.app.launcher.Launcher} launchCookie=null windowingMode=undefined},{atype=standard independent=true modes=[CLOSE,TO_BACK] flags=NONE mustBeTask=false order=ANY topActivity=null launchCookie=null windowingMode=undefined}]} RemoteTransition { remoteTransition = android.window.IRemoteTransition$Stub$Proxy@17fccd8, appThread = android.app.IApplicationThread$Stub$Proxy@ae43831, debugName = QuickstepLaunchHomeflags =NONE }}
10-06 20:27:25.801  4095  4204 V WindowManagerShell:  Delegate animation for (#11374) to null
10-06 20:27:25.801  4095  4204 V WindowManagerShell: start default transition animation, info = {id=11374 t=OPEN f=0x0 trk=0 r=[0@Point(0, 0)] c=[{m=OPEN f=FILLS_TASK|IS_ACTIVITY|EDGE_EXTENSION_RESTRICTION leash=Surface(name=ActivityRecord{26494035 u0 com.example.threevchat/.ui.CallActivity t9190})/@0xe26fa45 sb=Rect(0, 0 - 0, 0) eb=Rect(0, 0 - 1080, 2340) epz=Point(1080, 2340) d=-1->0 r=-1->0:-1 bc=fffafafa component=com.example.threevchat/.ui.CallActivity opt={t=FROM_STYLE mUserId=0} inset=Rect(0, 0 - 0, 0) dim=true taskIdForActivity=9190 allowAppBgLayer=true},{m=TO_BACK f=FILLS_TASK|IS_ACTIVITY leash=Surface(name=ActivityRecord{174183642 u0 com.example.threevchat/.MainActivity t9190})/@0xd37c59a sb=Rect(0, 0 - 1080, 2340) eb=Rect(0, 0 - 1080, 2340) epz=Point(1080, 2340) d=0 bc=fffafafa component=com.example.threevchat/.MainActivity opt={t=FROM_STYLE mUserId=0} inset=Rect(0, 0 - 0, 0) taskIdForActivity=9190}]}
10-06 20:27:25.801  4095  4204 V WindowManagerShell: loadAnimation: anim=android.view.animation.AnimationSet@fbca166 animAttr=0x5 type=OPEN isEntrance=false
10-06 20:27:25.801  4095  4204 V WindowManagerShell:    wallpaperTransit=WALLPAPER_NONE translucent=false
10-06 20:27:25.801  4095  4204 V WindowManagerShell:    change={m=TO_BACK f=FILLS_TASK|IS_ACTIVITY leash=Surface(name=ActivityRecord{174183642 u0 com.example.threevchat/.MainActivity t9190})/@0xd37c59a sb=Rect(0, 0 - 1080, 2340) eb=Rect(0, 0 - 1080, 2340) epz=Point(1080, 2340) d=0 bc=fffafafa component=com.example.threevchat/.MainActivity opt={t=FROM_STYLE mUserId=0} inset=Rect(0, 0 - 0, 0) taskIdForActivity=9190}
10-06 20:27:25.801  4095  4204 D SurfaceComposerClient: [ActivityRecord{174183642 u0 com.example.threevchat/.MainActivity t9190}#147231] setEdgeExtension Right
10-06 20:27:25.801  4095  4204 V WindowManagerShell: loadAnimation: anim=android.view.animation.AnimationSet@fdda554 animAttr=0x4 type=OPEN isEntrance=true
10-06 20:27:25.801  4095  4204 V WindowManagerShell:    wallpaperTransit=WALLPAPER_NONE translucent=false
10-06 20:27:25.801  4095  4204 V WindowManagerShell:    change={m=OPEN f=FILLS_TASK|IS_ACTIVITY|EDGE_EXTENSION_RESTRICTION leash=Surface(name=ActivityRecord{26494035 u0 com.example.threevchat/.ui.CallActivity t9190})/@0xe26fa45 sb=Rect(0, 0 - 0, 0) eb=Rect(0, 0 - 1080, 2340) epz=Point(1080, 2340) d=-1->0 r=-1->0:-1 bc=fffafafa component=com.example.threevchat/.ui.CallActivity opt={t=FROM_STYLE mUserId=0} inset=Rect(0, 0 - 0, 0) dim=true taskIdForActivity=9190 allowAppBgLayer=true}
10-06 20:27:25.802  1725  1908 I SurfaceFlinger: id=147279 createSurf, flag=20004, DimTransitionLayer for Surface(name=ActivityRecord{26494035 u0 com.example.threevchat/.ui.CallActivity t9190})/@0xe26fa45#147279
10-06 20:27:25.802  5053  5053 E pageboostd: Received HALT command code 2
10-06 20:27:25.802  4095  4204 I SurfaceControlRegistry: show, t=StartTransaction_SyncId<11374> sc=DimTransitionLayer for Surface(name=ActivityRecord{26494035 u0 com.example.threevchat/.ui.CallActivity t9190})/@0xe26fa45, caller=android.view.SurfaceControl$Transaction.show:3557 com.android.wm.shell.transition.DefaultTransitionHandler.startAnimation:2931 com.android.wm.shell.transition.Transitions.dispatchTransition:90 com.android.wm.shell.transition.Transitions.playTransition:774 com.android.wm.shell.transition.Transitions.processReadyQueue:239 com.android.wm.shell.transition.Transitions.dispatchReady:1352 
10-06 20:27:25.802  4095  4204 V WindowManagerShell: attach dim transition, change={m=OPEN f=FILLS_TASK|IS_ACTIVITY|EDGE_EXTENSION_RESTRICTION leash=Surface(name=ActivityRecord{26494035 u0 com.example.threevchat/.ui.CallActivity t9190})/@0xe26fa45 sb=Rect(0, 0 - 0, 0) eb=Rect(0, 0 - 1080, 2340) epz=Point(1080, 2340) d=-1->0 r=-1->0:-1 bc=fffafafa component=com.example.threevchat/.ui.CallActivity opt={t=FROM_STYLE mUserId=0} inset=Rect(0, 0 - 0, 0) dim=true taskIdForActivity=9190 allowAppBgLayer=true}
10-06 20:27:25.802  1725  1908 I SurfaceFlinger: id=147280 createSurf, flag=20004, app-background-layer#147280
10-06 20:27:25.803  4095  4204 I SurfaceControlRegistry: show, t=StartTransaction_SyncId<11374> sc=app-background-layer, caller=android.view.SurfaceControl$Transaction.show:3557 com.android.wm.shell.transition.DefaultTransitionHandler.startAnimation:3105 com.android.wm.shell.transition.Transitions.dispatchTransition:90 com.android.wm.shell.transition.Transitions.playTransition:774 com.android.wm.shell.transition.Transitions.processReadyQueue:239 com.android.wm.shell.transition.Transitions.dispatchReady:1352 
10-06 20:27:25.803  4095  4204 I SurfaceControlRegistry: apply, t=StartTransaction_SyncId<11374>, caller=android.view.SurfaceControl$Transaction.apply:3459 android.view.SurfaceControl$Transaction.apply:3447 android.view.SurfaceControl$Transaction.apply:3397 com.android.wm.shell.transition.DefaultTransitionHandler.startAnimation:3387 com.android.wm.shell.transition.Transitions.dispatchTransition:90 com.android.wm.shell.transition.Transitions.playTransition:774 
10-06 20:27:25.803  1660 27791 E CamX    : [ERROR][CHI    ] camxchicontext.cpp:5278 SetPipelineDescriptorOptions() [FmtNego] Node 65536_0 Output Port::[0] Can't convert buffer format 3
10-06 20:27:25.803  1660 27791 E CamX    : [ERROR][CHI    ] camxchicontext.cpp:5278 SetPipelineDescriptorOptions() [FmtNego] Node 65536_0 Output Port::[9] Can't convert buffer format 9
10-06 20:27:25.803  4095  4204 V WindowManagerShell:  animated by com.android.wm.shell.transition.DefaultTransitionHandler@8981455
10-06 20:27:25.804  1660 27804 I vendor.samsung.hardware.camera.provider-service_64: vendor/qcom/proprietary/adsprpc/src/fastrpc_pm.c:161: fastrpc_wake_lock_init done for vendor.samsung.hardware.:1660
10-06 20:27:25.804  1660 27804 I vendor.samsung.hardware.camera.provider-service_64: vendor/qcom/proprietary/adsprpc/src/fastrpc_apps_user.c:2178: update_kernel_wakelock_status: updated kernel wakelock control status to 1 for domain 0
10-06 20:27:25.804  1660 27804 I vendor.samsung.hardware.camera.provider-service_64: vendor/qcom/proprietary/adsprpc/src/fastrpc_apps_user.c:2203: wakelock_control: enabled wakelock control for domain 0
10-06 20:27:25.805  1660 14163 I Unihal  : ScenarioFactory3rdParty.cpp: CreateScenarioUnit: 71: Third Party Combination Front for 2(0xb4000071cdad6090), supportScenarioType(3):PREVIEW,PREVIEWCB,RECORD, FnUpdateCaptureRequestNum(3), NumOfPipelines(513)
10-06 20:27:25.808  1660 27804 I SS_3A   :  INFO: AWB: CreateAWBAlgorithm: 755: statsStreamInitConfig operationMode 1
10-06 20:27:25.808  1660 27804 I SS_3A   :  INFO: AWB: CreateAWBAlgorithm: 672: StaticAWB algo sizeOfParam for CHISTATSHANDLE is 24
10-06 20:27:25.808  1660 27804 I SS_3A   :  INFO: AWB: CreateAWBAlgorithm: 684: Lens Facing = 0
10-06 20:27:25.808  1660 27804 I SS_3A   :  INFO: AWB: CreateAWBAlgorithm: 736: StaticAWB algo create: overrideCameraOpen is 16
10-06 20:27:25.808  1660 27804 I SS_3A   :  INFO: AWB: CreateAWBAlgorithm: 746: cameraInfo algoRole 0, cameraId 4
10-06 20:27:25.808  1660 27804 I SS_3A   :  INFO: AWB: TsCommonFillSensorIdMap: 26: Already filled, cameraId(4) driverSensorId(12)
10-06 20:27:25.808  1660 27804 I SS_3A   :  INFO: AWB: CreateAWBAlgorithm: 773: CreateAWBAlgorithm (refcnt:0 cameraId 4 OverrideCameraOpen 1 lensFacing 0 pAWBSingletonWrapper->pAWB 0x0
10-06 20:27:25.808  1660 27804 I SS_3A   :  INFO: AWB: CreateAWBAlgorithm: 803: Create AWBAlgorithm, pAWB 0xb40000732da78e30
10-06 20:27:25.808  1660 14163 I Unihal  : ScenarioFactory3rdParty.cpp: CreateScenarioUnit: 71: Third Party Combination Front for 3(0xb4000071cdae6a90), supportScenarioType(3):PREVIEW,PREVIEWCB,RECORD, FnUpdateCaptureRequestNum(3), NumOfPipelines(513)
10-06 20:27:25.808  1660 27804 I SS_3A   :  INFO: AWB: LoadAlgorithmAndSymbols: 608: [DBG_APEX] Loading AWB lib: libTsAwbFront_E123.so
10-06 20:27:25.809  1660 27804 I SS_3A   :  INFO: AWB: LoadAlgorithmAndSymbols: 638: pInstance->hAWBAlgorithm 0xb400007128b25fe0
10-06 20:27:25.809  1660 27804 I SS_3A   :  INFO: AWB: TsAwb_get_cal_data_front: 125: module[0] 361 745 749 378
10-06 20:27:25.809  1660 27804 I SS_3A   :  INFO: AWB: TsAwb_get_cal_data_front: 127: module[0] RG 0.483266 , BG 0.506024
10-06 20:27:25.809  1660 27804 I SS_3A   :  INFO: AWB: TsAwb_init_with_mode: 166: TuningVersion 0xFD0A2828
10-06 20:27:25.809  1660 27804 I SS_3A   :  INFO: AWB: TsAwb_init_with_mode: 210: [eLensType 0] Adjust_gain = 0.990007, 1.006739
10-06 20:27:25.809  1660 27804 I SS_3A   :  INFO: AEC: AECAlgoSetNodeInterface: 1137: AEC vendorTagBase 0x80e50000
10-06 20:27:25.809  1660 27804 I SS_3A   :  INFO: AEC: AECAlgoSetNodeInterface: 1147: AWB vendorTagBase 0x80e70000
10-06 20:27:25.809  1660 27804 I SS_3A   :  INFO: AEC: AECAlgoSetNodeInterface: 1157: AF vendorTagBase 0x80e60000
10-06 20:27:25.809  1660 27804 I SS_3A   :  INFO: AEC: CreateAEC: 791: StaticAEC algo sizeOfParam for CHISTATSHANDLE is 24
10-06 20:27:25.809  1660 27804 I SS_3A   :  INFO: AEC: CreateAEC: 808: AEC_VendorTag:: Lens Facing = 0 chiSessionHandle = 0xb4000072ae11e850
10-06 20:27:25.809  1660 27804 I SS_3A   :  INFO: AEC: CreateAEC: 887: StaticAEC algo create: camera open mask 16 
10-06 20:27:25.809  1660 27804 I SS_3A   :  INFO: AEC: CreateAEC: 785: aec_camera_info 0 4
10-06 20:27:25.809  1660 27804 I SS_3A   :  INFO: AEC: CreateAEC: 894: flicker CSC:60 
10-06 20:27:25.809  1660 27804 I SS_3A   :  INFO: AEC: TsCommonFillSensorIdMap: 26: Already filled, cameraId(4) driverSensorId(12)
10-06 20:27:25.809  1660 27804 I SS_3A   :  INFO: AEC: CreateAEC: 912: CreateAECAlgorithm (refcnt:0 cameraId 4 OverrideCameraOpen 1 lensFacing 0 pAECSingletonWrapper->pAECSingleton 0x0 [sensor:S5K3LU]
10-06 20:27:25.809  1660 27804 I SS_3A   :  INFO: AEC: LoadAlgorithmAndSymbols: 653: [DBG_APEX] Loading AEC lib: /vendor/lib64/camera/components/libTsAeFront_e3.so
10-06 20:27:25.809  1660 27804 I SS_3A   :  INFO: AEC: TsAecFront_init: 630: enableGTMChannelToggle= 1 
10-06 20:27:25.809  1660 27804 I SS_3A   :  INFO: AEC: TsAecFront_load_lib: 262: TsAec_ptr 0x4b215738ff565303
10-06 20:27:25.809  1660 27804 I SS_3A   :  INFO: AEC: LoadAlgorithmAndSymbols: 690: [AEC] Custom Algo handle 0xb4000072ae33d920 
10-06 20:27:25.809  1660 27804 I SS_3A   :  INFO: AEC: CreateAEC: 993: CreateAECAlgorithm 0xb40000732dadc550 libName libTsAeFront_e3.so sensorName S5K3LU
10-06 20:27:25.810  1725  1725 I SurfaceFlinger: RequestedLayer [ActivityRecord{26494035 u0 com.examp[...]vchat/.ui.CallActivity t9190}#147269] hidden!! flag  from(1) --> to(0)
10-06 20:27:25.810  1725  1725 E SurfaceFlinger: alpha changed 1.000 -> 0.000 - ActivityRecord{26494035 u0 com.example.threevchat/.ui.CallActivity t9190}#147269
10-06 20:27:25.810  1725  1725 I SurfaceFlinger: RequestedLayer [19f3d66 com.example.threevchat/com.example.threevchat.ui.CallActivity#147270] hidden!! flag  from(1) --> to(0)
10-06 20:27:25.810  1725  1725 I SurfaceFlinger: RequestedLayer [com.example.threevchat/com.example.threevchat.ui.CallActivity$_27585#147271] hidden!! flag  from(1) --> to(0)
10-06 20:27:25.810  1725  1725 I SurfaceFlinger: RequestedLayer [Transition Root: ActivityRecord{2649[...]vchat/.ui.CallActivity t9190}#147278] hidden!! flag  from(1) --> to(0)
10-06 20:27:25.810  1725  1725 I SurfaceFlinger: RequestedLayer [DimTransitionLayer for Surface(name=[...]llActivity t9190})/@0xe26fa45#147279] hidden!! flag  from(1) --> to(0)
10-06 20:27:25.810  1725  1725 E SurfaceFlinger: alpha changed 1.000 -> 0.000 - DimTransitionLayer for Surface(name=ActivityRecord{26494035 u0 com.example.threevchat/.ui.CallActivity t9190})/@0xe26fa45#147279
10-06 20:27:25.810  1725  1725 I SurfaceFlinger: RequestedLayer [app-background-layer#147280] hidden!! flag  from(1) --> to(0)
10-06 20:27:25.810  1725  1725 E SurfaceFlinger: alpha changed 0.000 -> 1.000 - ActivityRecord{26494035 u0 com.example.threevchat/.ui.CallActivity t9190}#147269
10-06 20:27:25.810  1725  1725 E SurfaceFlinger: alpha changed 0.000 -> 0.000 - DimTransitionLayer for Surface(name=ActivityRecord{26494035 u0 com.example.threevchat/.ui.CallActivity t9190})/@0xe26fa45#147279
10-06 20:27:25.810  1725  1725 I SurfaceFlinger: [LayerHierarchy{RequestedLayerState{ActivityRecord{174183642 u0 com.example.threevchat/.MainActivity t9190}#147231 parentId=147278 z=2} 3 children}] reparent to LayerHierarchy{RequestedLayerState{Transition Root: ActivityRecord{26494035 u0 com.example.threevchat/.ui.CallActivity t9190}#147278 parentId=147230 z=1} 1 children}
10-06 20:27:25.810  1725  1725 I SurfaceFlinger: [LayerHierarchy{RequestedLayerState{ActivityRecord{26494035 u0 com.example.threevchat/.ui.CallActivity t9190}#147269 parentId=147278 z=5} 1 children}] reparent to LayerHierarchy{RequestedLayerState{Transition Root: ActivityRecord{26494035 u0 com.example.threevchat/.ui.CallActivity t9190}#147278 parentId=147230 z=1} 2 children}
10-06 20:27:25.810  1725  1725 I SurfaceFlinger: [Transition Root: ActivityRecord{26494035 u0 com.example.threevchat/.ui.CallActivity t9190}#147278] attach to parent LayerHierarchy{RequestedLayerState{Task=9190#147230 parentId=10 z=73} 1 children}
10-06 20:27:25.810  1725  1725 I SurfaceFlinger: [DimTransitionLayer for Surface(name=ActivityRecord{26494035 u0 com.example.threevchat/.ui.CallActivity t9190})/@0xe26fa45#147279] attach to parent LayerHierarchy{RequestedLayerState{Transition Root: ActivityRecord{26494035 u0 com.example.threevchat/.ui.CallActivity t9190}#147278 parentId=147230 z=1} 3 children}
10-06 20:27:25.810  1725  1725 I SurfaceFlinger: [app-background-layer#147280] attach to parent LayerHierarchy{RequestedLayerState{ActivityRecord{26494035 u0 com.example.threevchat/.ui.CallActivity t9190}#147269 parentId=147278 z=5} 3 children}
10-06 20:27:25.810  1725  1908 I SurfaceFlinger: id=147281 createSurf, flag=84000, 5a7d28d ActivityRecordInputSink com.example.threevchat/.ui.CallActivity#147281
10-06 20:27:25.811  4095  4095 D SystemUIService: SYSUI_RAM_OPTIMIZATION onTrimMemory=20
10-06 20:27:25.811  4095  4095 D CentralSurfaces: SYSUI_RAM_OPTIMIZATION onTrimMemory=20
10-06 20:27:25.811  4095  4349 D HWUI    : CacheManager::trimMemory(20)
10-06 20:27:25.812  1660 14163 I Unihal  : ScenarioFactory3rdParty.cpp: CreateScenarioUnit: 71: BYPASS(0xb4000071cdb14d10), supportScenarioType(1):BYPASS_STREAM, FnUpdateCaptureRequestNum(0), NumOfPipelines(1)
