01-22 20:09:22.086 I/InsetsController(12551): onStateChanged: host=com.tres3.videochat/com.tres3.videochat.MainActivity, from=android.view.ViewRootImpl.onInsetsStateChanged:3026, state=InsetsState: {mDisplayFrame=Rect(0, 0 - 1080, 2340), mDisplayCutout=DisplayCutout{insets=Rect(0, 84 - 0, 0) waterfall=Insets{left=0, top=0, right=0, bottom=0} boundingRect={Bounds=[Rect(0, 0 - 0, 0), Rect(515, 0 - 566, 84), Rect(0, 0 - 0, 0), Rect(0, 0 - 0, 0)]} cutoutPathParserInfo={CutoutPathParserInfo{displayWidth=1080 displayHeight=2340 physicalDisplayWidth=1080 physicalDisplayHeight=2340 density={2.8125} cutoutSpec={M 0,0 H -9.066666666666667 V 29.86666666666667 H 9.066666666666667 V 0 H 0 Z @dp} rotation={0} scale={1.0} physicalPixelDisplaySizeRatio={1.0}}} sideOverrides={}}, mRoundedCorners=RoundedCorners{[RoundedCorner{position=TopLeft, radius=101, center=Point(101, 101)}, RoundedCorner{position=TopRight, radius=101, center=Point(979, 101)}, RoundedCorner{position=BottomRight, radius=101, center=Point(979, 2239)}, RoundedCorner{position=BottomLeft, radius=101, center=Point(101, 2239)}]}  mRoundedCornerFrame=Rect(0, 0 - 1080, 2340), mPrivacyIndicatorBounds=PrivacyIndicatorBounds {static bounds=Rect(956, 0 - 1080, 84) rotation=0}, mDisplayShape=DisplayShape{ spec=1406003047 displayWidth=1080 displayHeight=2340 physicalPixelDisplaySizeRatio=0.75 rotation=0 offsetX=0 offsetY=0 scale=1.0}, mSources= { InsetsSource: {83f30001 mType=navigationBars mFrame=[0,2205][1080,2340] mVisible=true mFlags= mSideHint=BOTTOM mBoundingRects=null}, InsetsSource: {83f30004 mType=systemGestures mFrame=[0,0][0,0] mVisible=true mFlags= mSideHint=NONE mBoundingRects=null}, InsetsSource: {83f30005 mType=mandatorySystemGestures mFrame=[0,2205][1080,2340] mVisible=true mFlags= mSideHint=BOTTOM mBoundingRects=null}, InsetsSource: {83f30006 mType=tappableElement mFrame=[0,2205][1080,2340] mVisible=true mFlags= mSideHint=BOTTOM mBoundingRects=null}, InsetsSource: {83f30024 mType=systemGestures mFrame=[0,0][0,0] mVisible=true mFlags= mSideHint=NONE mBoundingRects=null}, InsetsSource: {d6590000 mType=statusBars mFrame=[0,0][1080,84] mVisible=true mFlags= mSideHint=TOP mBoundingRects=null}, InsetsSource: {d6590005 mType=mandatorySystemGestures mFrame=[0,0][1080,118] mVisible=true mFlags= mSideHint=TOP mBoundingRects=null}, InsetsSource: {d6590006 mType=tappableElement mFrame=[0,0][1080,84] mVisible=true mFlags= mSideHint=TOP mBoundingRects=null}, InsetsSource: {3 mType=ime mFrame=[0,0][0,0] mVisible=false mFlags= mSideHint=NONE mBoundingRects=null}, InsetsSource: {27 mType=displayCutout mFrame=[0,0][1080,84] mVisible=true mFlags= mSideHint=TOP mBoundingRects=null} }
01-22 20:09:22.096 I/SurfaceFlinger( 1737): [6ba086c com.tres3.videochat/com.tres3.videochat.MainActivity#107874] attach to parent LayerHierarchy{RequestedLayerState{ActivityRecord{135718581 u0 com.tres3.videochat/.MainActivity t25061}#102307 parentId=102306} 3 children}
01-22 20:09:22.100 D/CoreBackPreview( 2561): Window{6ba086c u0 com.tres3.videochat/com.tres3.videochat.MainActivity}: Setting back callback OnBackInvokedCallbackInfo{mCallback=android.window.IOnBackInvokedCallback$Stub$Proxy@950a122, mPriority=-1, mIsAnimationCallback=false, mOverrideBehavior=0}
01-22 20:09:22.113 I/WindowManager( 2561): Relayout Window{6ba086c u0 com.tres3.videochat/com.tres3.videochat.MainActivity}: viewVisibility=0 req=1080x2340 ty=1 d0
01-22 20:09:22.113 I/SurfaceFlinger( 1737): RequestedLayer [6ba086c com.tres3.videochat/com.tres3.videochat.MainActivity#107874] hidden!! flag  from(1) --> to(0)
01-22 20:09:22.113 I/SurfaceFlinger( 1737): id=107875 createSurf, flag=44004, com.tres3.videochat/com.tres3.videochat.MainActivity$_12551#107875
01-22 20:09:22.113 D/WindowManager( 2561): makeSurface duration=1 name=com.tres3.videochat/com.tres3.videochat.MainActivity$_12551
01-22 20:09:22.113 D/SurfaceComposerClient( 2561): setCornerRadius ## ed0e9b4 Splash Screen com.tres3.videochat#107866 cornerRadius=0.000000
01-22 20:09:22.113 D/SurfaceComposerClient( 2561): setCornerRadius ## 6ba086c com.tres3.videochat/com.tres3.videochat.MainActivity#107874 cornerRadius=0.000000
01-22 20:09:22.114 D/SurfaceComposerClient( 2561): setCornerRadius ## ed0e9b4 Splash Screen com.tres3.videochat#107866 cornerRadius=0.000000
01-22 20:09:22.114 D/SurfaceComposerClient( 2561): setCornerRadius ## 6ba086c com.tres3.videochat/com.tres3.videochat.MainActivity#107874 cornerRadius=0.000000
01-22 20:09:22.114 D/WindowManager( 2561): Changing focus from null to Window{6ba086c u0 com.tres3.videochat/com.tres3.videochat.MainActivity} displayId=0 Callers=com.android.server.wm.WindowManagerService.relayoutWindow:1350 com.android.server.wm.Session.relayout:27 android.view.IWindowSession$Stub.onTransact:829 com.android.server.wm.Session.onTransact:1 
01-22 20:09:22.115 D/InsetsSourceProvider( 2561): updateControlForTarget: control=InsetsSourceControl: {d6590000 mType=statusBars initiallyVisible mSurfacePosition=Point(0, 0) mInsetsHint=Insets{left=0, top=84, right=0, bottom=0}}, target=Window{6ba086c u0 com.tres3.videochat/com.tres3.videochat.MainActivity}, from=com.android.server.wm.InsetsStateController.onControlTargetChanged:83 com.android.server.wm.InsetsPolicy.updateBarControlTarget:212 com.android.server.wm.DisplayPolicy.updateSystemBarAttributes:262 com.android.server.wm.WindowManagerService.updateFocusedWindowLocked:372 com.android.server.wm.WindowManagerService.relayoutWindow:1350 
01-22 20:09:22.115 D/InsetsSourceProvider( 2561): updateControlForTarget: control=InsetsSourceControl: {83f30001 mType=navigationBars initiallyVisible mSurfacePosition=Point(0, 2205) mInsetsHint=Insets{left=0, top=0, right=0, bottom=135}}, target=Window{6ba086c u0 com.tres3.videochat/com.tres3.videochat.MainActivity}, from=com.android.server.wm.InsetsStateController.onControlTargetChanged:83 com.android.server.wm.InsetsPolicy.updateBarControlTarget:225 com.android.server.wm.DisplayPolicy.updateSystemBarAttributes:262 com.android.server.wm.WindowManagerService.updateFocusedWindowLocked:372 com.android.server.wm.WindowManagerService.relayoutWindow:1350 
01-22 20:09:22.115 V/SystemKeyManager( 2561): updateFocusedWindow() is called, com.tres3.videochat/com.tres3.videochat.MainActivity
01-22 20:09:22.119 I/SurfaceFlinger( 1737): id=107878 createSurf, flag=20004, Bounds for - com.tres3.videochat/com.tres3.videochat.MainActivity@0#107878
01-22 20:09:22.119 I/SurfaceFlinger( 1737): id=107879 createSurf, flag=84004, 4717833 SurfaceView[com.tres3.videochat/com.tres3.videochat.MainActivity]@0#107879
01-22 20:09:22.120 I/SurfaceFlinger( 1737): id=107880 createSurf, flag=44400, 4717833 SurfaceView[com.tres3.videochat/com.tres3.videochat.MainActivity]@0(BLAST)#107880
01-22 20:09:22.120 I/SurfaceFlinger( 1737): id=107881 createSurf, flag=20404, Background for 4717833 SurfaceView[com.tres3.videochat/com.tres3.videochat.MainActivity]@0#107881
01-22 20:09:22.123 I/BLASTBufferQueue_Java(12551): new BLASTBufferQueue, mName= 4717833 SurfaceView[com.tres3.videochat/com.tres3.videochat.MainActivity]@0 mNativeObject= 0xb4000079a050e6b0 caller= android.view.SurfaceView.createBlastSurfaceControls:1781 android.view.SurfaceView.updateSurface:1450 android.view.SurfaceView.lambda$new$0:280 android.view.SurfaceView.$r8$lambda$NfZyM_TG8F8lqzaOVZ7noREFjzU:0 android.view.SurfaceView$$ExternalSyntheticLambda1.onPreDraw:0 android.view.ViewTreeObserver.dispatchOnPreDraw:1229 android.view.ViewRootImpl.performTraversals:5448 android.view.ViewRootImpl.doTraversal:3924 android.view.ViewRootImpl$TraversalRunnable.run:12903 android.view.Choreographer$CallbackRecord.run:1901 
01-22 20:09:22.123 I/BLASTBufferQueue_Java(12551): update, w= 1080 h= 2205 mName = 4717833 SurfaceView[com.tres3.videochat/com.tres3.videochat.MainActivity]@0 mNativeObject= 0xb4000079a050e6b0 sc.mNativeObject= 0xb4000078704ad010 format= 4 caller= android.view.SurfaceView.createBlastSurfaceControls:1782 android.view.SurfaceView.updateSurface:1450 android.view.SurfaceView.lambda$new$0:280 android.view.SurfaceView.$r8$lambda$NfZyM_TG8F8lqzaOVZ7noREFjzU:0 android.view.SurfaceView$$ExternalSyntheticLambda1.onPreDraw:0 android.view.ViewTreeObserver.dispatchOnPreDraw:1229 
01-22 20:09:22.123 D/SurfaceComposerClient(12551): setCornerRadius ## 4717833 SurfaceView[com.tres3.videochat/com.tres3.videochat.MainActivity]@0#107879 cornerRadius=0.000000
01-22 20:09:22.130 I/SurfaceFlinger( 1737): [com.tres3.videochat/com.tres3.videochat.MainActivity$_12551#107875] attach to parent LayerHierarchy{RequestedLayerState{6ba086c com.tres3.videochat/com.tres3.videochat.MainActivity#107874 parentId=102307} 1 children}
01-22 20:09:22.130 I/SurfaceFlinger( 1737): [Bounds for - com.tres3.videochat/com.tres3.videochat.MainActivity@0#107878] attach to parent LayerHierarchy{RequestedLayerState{com.tres3.videochat/com.tres3.videochat.MainActivity$_12551#107875 parentId=107874} 1 children}
01-22 20:09:22.130 I/SurfaceFlinger( 1737): [4717833 SurfaceView[com.tres3.videochat/com.tres3.videochat.MainActivity]@0#107879] attach to parent LayerHierarchy{RequestedLayerState{Bounds for - com.tres3.videochat/com.tres3.videochat.MainActivity@0#107878 parentId=107875} 1 children}
01-22 20:09:22.130 I/SurfaceFlinger( 1737): [4717833 SurfaceView[com.tres3.videochat/com.tres3.videochat.MainActivity]@0(BLAST)#107880] attach to parent LayerHierarchy{RequestedLayerState{4717833 SurfaceView[com.tres3.videochat/com.tres3.videochat.MainActivity]@0#107879 parentId=107878} 1 children}
01-22 20:09:22.130 I/SurfaceFlinger( 1737): [Background for 4717833 SurfaceView[com.tres3.videochat/com.tres3.videochat.MainActivity]@0#107881] attach to parent LayerHierarchy{RequestedLayerState{4717833 SurfaceView[com.tres3.videochat/com.tres3.videochat.MainActivity]@0#107879 parentId=107878} 2 children}
01-22 20:09:22.145 D/WindowLayoutComponentImpl(12551): Register WindowLayoutInfoListener on Context=com.tres3.videochat.MainActivity@5f0e2ae, of which baseContext=android.app.ContextImpl@c1b533f
01-22 20:09:22.148 I/WindowManager( 2561): notifyInsetsControlChanged, removed=false, win=Window{ed0e9b4 u0 Splash Screen com.tres3.videochat}, caller=com.android.server.wm.InsetsStateController$$ExternalSyntheticLambda1.run:137 com.android.server.wm.WindowAnimator$$ExternalSyntheticLambda2.onTransactionCommitted:26 android.view.SurfaceControl$Transaction$$ExternalSyntheticLambda4.run:0 android.os.Handler.handleCallback:995 android.os.Handler.dispatchMessage:103 android.os.Looper.loopOnce:273 
01-22 20:09:22.148 D/SurfaceFlinger( 1737): [input] setFocusedWindow: 6ba086c com.tres3.videochat/com.tres3.videochat.MainActivity
01-22 20:09:22.148 D/InputDispatcher( 2561): Once focus requested (0): 6ba086c com.tres3.videochat/com.tres3.videochat.MainActivity
01-22 20:09:22.149 D/InputDispatcher( 2561): Focus request (0): 6ba086c com.tres3.videochat/com.tres3.videochat.MainActivity but waiting because NO_WINDOW
01-22 20:09:22.163 I/InsetsSourceConsumer(12551): applyRequestedVisibilityToControl: visible=true, type=statusBars, host=com.tres3.videochat/com.tres3.videochat.MainActivity
01-22 20:09:22.164 I/InsetsSourceConsumer(12551): applyRequestedVisibilityToControl: visible=true, type=navigationBars, host=com.tres3.videochat/com.tres3.videochat.MainActivity
01-22 20:09:22.236 I/flutter (12551): LiveKit URL: wss://livekit.iptvsubz.fun
01-22 20:09:22.240 I/BLASTBufferQueue(12551): [4717833 SurfaceView[com.tres3.videochat/com.tres3.videochat.MainActivity]@0#1](f:0,a:0,s:0) onFrameAvailable the first frame is available
01-22 20:09:22.240 I/SurfaceFlinger( 1737): [4717833 SurfaceView[com.tres3.videochat/com.tres3.videochat.MainActivity]@0(BLAST)#107880] setTransactionState with the first frame. bufferData(ID: 53906134532108, frameNumber: 1)
01-22 20:09:22.252 I/SurfaceFlinger( 1737): [com.tres3.videochat/com.tres3.videochat.MainActivity$_12551#107875] setTransactionState with the first frame. bufferData(ID: 53906134532113, frameNumber: 1)
01-22 20:09:22.253 D/WindowManager( 2561): finishDrawingWindow: Window{6ba086c u0 com.tres3.videochat/com.tres3.videochat.MainActivity} mDrawState=DRAW_PENDING seqId=0
01-22 20:09:22.253 D/SurfaceComposerClient( 2561): setCornerRadius ## ed0e9b4 Splash Screen com.tres3.videochat#107866 cornerRadius=0.000000
01-22 20:09:22.253 D/SurfaceComposerClient( 2561): setCornerRadius ## 6ba086c com.tres3.videochat/com.tres3.videochat.MainActivity#107874 cornerRadius=0.000000
01-22 20:09:22.253 D/SurfaceComposerClient( 2561): setCornerRadius ## ed0e9b4 Splash Screen com.tres3.videochat#107866 cornerRadius=0.000000
01-22 20:09:22.253 V/WindowManager( 2561): Finish starting ActivityRecord{135718581 u0 com.tres3.videochat/.MainActivity t25061}: first real window is shown, no animation
01-22 20:09:22.253 V/WindowManager( 2561): Schedule remove starting ActivityRecord{135718581 u0 com.tres3.videochat/.MainActivity t25061} startingWindow=Window{ed0e9b4 u0 Splash Screen com.tres3.videochat} animate=true Callers=com.android.server.wm.ActivityRecord.removeStartingWindow:178 com.android.server.wm.WindowState.performShowLocked:155 com.android.server.wm.WindowStateAnimator.commitFinishDrawingLocked:73 com.android.server.wm.DisplayContent$$ExternalSyntheticLambda1.accept$com$android$server$wm$DisplayContent$$ExternalSyntheticLambda37:23 com.android.server.wm.DisplayContent$$ExternalSyntheticLambda1.accept:143 
01-22 20:09:22.253 D/TaskOrganizerController( 2561): applyStartingWindowAnimation, window=Window{6ba086c u0 com.tres3.videochat/com.tres3.videochat.MainActivity}, caller=com.android.server.wm.TaskOrganizerController.removeStartingWindow:132 com.android.server.wm.StartingSurfaceController$StartingSurface.remove:23 com.android.server.wm.ActivityRecord.removeStartingWindowAnimation:171 
01-22 20:09:22.253 I/WindowManager( 2561): Reparenting to leash, surface=Surface(name=6ba086c com.tres3.videochat/com.tres3.videochat.MainActivity)/@0x539327a, leashParent=Surface(name=ActivityRecord{135718581 u0 com.tres3.videochat/.MainActivity t25061})/@0xb8e9846
01-22 20:09:22.254 I/SurfaceFlinger( 1737): id=107882 createSurf, flag=24000, Surface(name=6ba086c com.tres3.videochat/com.tres3.videochat.MainActivity)/@0x539327a - animation-leash of starting_reveal#107882
01-22 20:09:22.254 D/WindowManager( 2561): makeSurface duration=0 leash=Surface(name=Surface(name=6ba086c com.tres3.videochat/com.tres3.videochat.MainActivity)/@0x539327a - animation-leash of starting_reveal)/@0xb17da2b
01-22 20:09:22.254 V/WindowManager( 2561): performShowLocked: mDrawState=HAS_DRAWN in Window{6ba086c u0 com.tres3.videochat/com.tres3.videochat.MainActivity}
01-22 20:09:22.254 D/SurfaceComposerClient( 2561): setCornerRadius ## 6ba086c com.tres3.videochat/com.tres3.videochat.MainActivity#107874 cornerRadius=0.000000
01-22 20:09:22.254 D/PowerManagerService( 2561): [api] acquire WakeLock SCREEN_BRIGHT_WAKE_LOCK           'WindowManager/displayId:0' ON_AFTER_RELEASE (uid=1000 pid=2561 ws=WorkSource{11275 com.tres3.videochat} displayId=0 lock=f4dee22)
01-22 20:09:22.255 D/SurfaceComposerClient( 2561): setCornerRadius ## ed0e9b4 Splash Screen com.tres3.videochat#107866 cornerRadius=0.000000
01-22 20:09:22.255 D/SurfaceComposerClient( 2561): setCornerRadius ## 6ba086c com.tres3.videochat/com.tres3.videochat.MainActivity#107874 cornerRadius=0.000000
01-22 20:09:22.255 D/SurfaceComposerClient( 2561): setCornerRadius ## ed0e9b4 Splash Screen com.tres3.videochat#107866 cornerRadius=0.000000
01-22 20:09:22.255 D/SurfaceComposerClient( 2561): setCornerRadius ## 6ba086c com.tres3.videochat/com.tres3.videochat.MainActivity#107874 cornerRadius=0.000000
01-22 20:09:22.256 I/PkgPredictorService-SecIpmManagerServiceImpl( 2561): reportToNAP uid:11275 com.tres3.videochat/com.tres3.videochat.MainActivity thisTime:818
01-22 20:09:22.257 I/ActivityTaskManager( 2561): Displayed com.tres3.videochat/.MainActivity for user 0: +818ms
01-22 20:09:22.257 I/Pageboost( 2561): Launch time gathered : pid 12551 com.tres3.videochat 818
01-22 20:09:22.258 I/ActivityTaskManager( 2561): Fully drawn com.tres3.videochat/.MainActivity: +818ms
01-22 20:09:22.263 I/SurfaceFlinger( 1737): RequestedLayer [Bounds for - com.tres3.videochat/com.tres3.videochat.MainActivity@0#107878] hidden!! flag  from(1) --> to(0)
01-22 20:09:22.263 I/SurfaceFlinger( 1737): [LayerHierarchy{RequestedLayerState{Background for 4717833 SurfaceView[com.tres3.videochat/com.tres3.videochat.MainActivity]@0#107881 parentId=107879 relativeParentId=107875 z=-2147483648} no children}] RelativeParent to LayerHierarchy{RequestedLayerState{com.tres3.videochat/com.tres3.videochat.MainActivity$_12551#107875 parentId=107874} 2 children}
01-22 20:09:22.263 I/SurfaceFlinger( 1737): [LayerHierarchy{RequestedLayerState{4717833 SurfaceView[com.tres3.videochat/com.tres3.videochat.MainActivity]@0#107879 parentId=107878 relativeParentId=107875 z=-2} 2 children}] RelativeParent to LayerHierarchy{RequestedLayerState{com.tres3.videochat/com.tres3.videochat.MainActivity$_12551#107875 parentId=107874} 3 children}
01-22 20:09:22.263 I/SurfaceFlinger( 1737): [Surface(name=6ba086c com.tres3.videochat/com.tres3.videochat.MainActivity)/@0x539327a - animation-leash of starting_reveal#107882] attach to parent LayerHierarchy{RequestedLayerState{ActivityRecord{135718581 u0 com.tres3.videochat/.MainActivity t25061}#102307 parentId=102306} 4 children}
01-22 20:09:22.280 I/SurfaceFlinger( 1737): RequestedLayer [com.tres3.videochat/com.tres3.videochat.MainActivity$_12551#107875] hidden!! flag  from(1) --> to(0)
01-22 20:09:22.280 I/SurfaceFlinger( 1737): [LayerHierarchy{RequestedLayerState{6ba086c com.tres3.videochat/com.tres3.videochat.MainActivity#107874 parentId=107882} 1 children}] reparent to LayerHierarchy{RequestedLayerState{Surface(name=6ba086c com.tres3.videochat/com.tres3.videochat.MainActivity)/@0x539327a - animation-leash of starting_reveal#107882 parentId=102307} 1 children}
01-22 20:09:22.281 D/SGM:FgCheckThread( 2561): getForegroundApp(), foregroundPkgName=com.tres3.videochat
01-22 20:09:22.283 D/SurfaceFlinger( 1737):        DEVICE |           53906134532113 | 00002100 | RGBA_8888    |    0.0    0.0 1080.0 2284.0 |    0   56 1080 2340 | com.tres3.videochat/com.tres3.videochat.MainActivity$_12551#107875 (1)
01-22 20:09:22.283 D/SurfaceFlinger( 1737):        DEVICE |           17892833790520 | 00002100 | RGBA_8888    |    0.0    0.0 1080.0 2340.0 |    0    0 1080 2340 | Splash Screen com.tres3.videochat$_4166#107867 (2)
01-22 20:09:22.286 D/InputDispatcher( 2561): Focus entered window (0): 6ba086c com.tres3.videochat/com.tres3.videochat.MainActivity
01-22 20:09:22.289 D/SGM:FgCheckThread( 2561): noteStopComponent(), received pkgName: com.sec.android.app.launcher, focusedPkgName: com.tres3.videochat, userId: 0
01-22 20:09:22.291 I/ImeTracker( 2561): com.tres3.videochat:d05b8813: onRequestHide at ORIGIN_SERVER reason HIDE_UNSPECIFIED_WINDOW fromUser false
01-22 20:09:22.292 D/SurfaceComposerClient( 2561): setCornerRadius ## ed0e9b4 Splash Screen com.tres3.videochat#107866 cornerRadius=0.000000
01-22 20:09:22.292 D/SurfaceComposerClient( 2561): setCornerRadius ## 6ba086c com.tres3.videochat/com.tres3.videochat.MainActivity#107874 cornerRadius=0.000000
01-22 20:09:22.292 I/ImeTracker(12551): com.tres3.videochat:d05b8813: onCancelled at PHASE_CLIENT_ALREADY_HIDDEN
01-22 20:09:22.293 D/SurfaceComposerClient( 2561): setCornerRadius ## ed0e9b4 Splash Screen com.tres3.videochat#107866 cornerRadius=0.000000
01-22 20:09:22.293 D/SurfaceComposerClient( 2561): setCornerRadius ## 6ba086c com.tres3.videochat/com.tres3.videochat.MainActivity#107874 cornerRadius=0.000000
01-22 20:09:22.306 D/SGM:GameManager( 2561): identifyForegroundApp. com.tres3.videochat, mCurrentUserId: 0, callerUserId: 0
01-22 20:09:22.306 I/WindowManager( 2561): Relayout Window{ed0e9b4 u0 Splash Screen com.tres3.videochat}: viewVisibility=8 req=1080x2340 ty=3 d0
01-22 20:09:22.306 D/SGM:GameManager( 2561): identifyForegroundApp. com.tres3.videochat, mCurrentUserId: 0, callerUserId: 0
01-22 20:09:22.306 D/SurfaceComposerClient( 2561): setCornerRadius ## 6ba086c com.tres3.videochat/com.tres3.videochat.MainActivity#107874 cornerRadius=0.000000
01-22 20:09:22.307 D/SurfaceComposerClient( 2561): setCornerRadius ## ed0e9b4 Splash Screen com.tres3.videochat#107866 cornerRadius=0.000000
01-22 20:09:22.307 D/SurfaceComposerClient( 2561): setCornerRadius ## 6ba086c com.tres3.videochat/com.tres3.videochat.MainActivity#107874 cornerRadius=0.000000
01-22 20:09:22.308 D/InsetsSourceProvider( 2561): updateControlForTarget: control=InsetsSourceControl: {3 mType=ime mSurfacePosition=Point(0, 84) mInsetsHint=Insets{left=0, top=0, right=0, bottom=1008}}, target=Window{6ba086c u0 com.tres3.videochat/com.tres3.videochat.MainActivity}, from=com.android.server.wm.ImeInsetsSourceProvider.updateControlForTarget:17 com.android.server.wm.InsetsStateController.onControlTargetChanged:83 com.android.server.wm.DisplayContent.updateImeControlTarget:21 com.android.server.wm.DisplayContent.updateImeInputAndControlTarget:156 com.android.server.wm.WindowManagerService$LocalService.updateInputMethodTargetWindow:64 
01-22 20:09:22.308 I/ImeTracker( 2561): system_server:3d2de68e: onRequestHide at ORIGIN_SERVER reason IME_REQUESTED_CHANGED_LISTENER fromUser false
01-22 20:09:22.309 D/WindowManager( 2561): Starting window removed Window{ed0e9b4 u0 Splash Screen com.tres3.videochat}
01-22 20:09:22.309 I/WindowManager( 2561): Cancelling animation restarting=false, leash=Surface(name=Surface(name=6ba086c com.tres3.videochat/com.tres3.videochat.MainActivity)/@0x539327a - animation-leash of starting_reveal)/@0xb17da2b
01-22 20:09:22.309 I/WindowManager( 2561): Reparenting to original parent: Surface(name=ActivityRecord{135718581 u0 com.tres3.videochat/.MainActivity t25061})/@0xb8e9846, destroy=false, surface=Surface(name=6ba086c com.tres3.videochat/com.tres3.videochat.MainActivity)/@0x539327a
01-22 20:09:22.309 V/WindowManager( 2561): Remove Window{ed0e9b4 u0 Splash Screen com.tres3.videochat}: mSurfaceControl=Surface(name=Splash Screen com.tres3.videochat$_4166)/@0xcfe02f6 mAnimatingExit=false mRemoveOnExit=false mHasSurface=true surfaceShowing=true animating=false app-animation=false callers=com.android.server.wm.Session.remove:16 android.view.IWindowSession$Stub.onTransact:804 com.android.server.wm.Session.onTransact:1 android.os.Binder.execTransactInternal:1462 android.os.Binder.execTransact:1401 <bottom of call stack> 
01-22 20:09:22.309 D/SurfaceComposerClient( 2561): setCornerRadius ## 6ba086c com.tres3.videochat/com.tres3.videochat.MainActivity#107874 cornerRadius=0.000000
01-22 20:09:22.309 D/SurfaceComposerClient( 2561): setCornerRadius ## 6ba086c com.tres3.videochat/com.tres3.videochat.MainActivity#107874 cornerRadius=0.000000
01-22 20:09:22.311 I/ImeTracker( 2561): system_server:3d2de68e: onCancelled at PHASE_SERVER_SHOULD_HIDE
01-22 20:09:22.312 D/SurfaceComposerClient( 2561): setCornerRadius ## 6ba086c com.tres3.videochat/com.tres3.videochat.MainActivity#107874 cornerRadius=0.000000
01-22 20:09:22.315 D/SurfaceComposerClient( 2561): setCornerRadius ## 6ba086c com.tres3.videochat/com.tres3.videochat.MainActivity#107874 cornerRadius=0.000000
01-22 20:09:22.324 I/HBD     (27383): b [AiWriter] setContact : com.tres3.videochat
01-22 20:09:22.325 I/HBD     (27383): a [AiWriter] setContact : com.tres3.videochat
01-22 20:09:22.328 D/ConnectivityService( 2561): requestNetwork for uid/pid:11275/12551 activeRequest: null callbackRequest: 39460 [NetworkRequest [ REQUEST id=39461, [ Capabilities: INTERNET&NOT_RESTRICTED&TRUSTED&NOT_VCN_MANAGED&NOT_BANDWIDTH_CONSTRAINED Uid: 11275 RequestorUid: 11275 RequestorPkg: com.tres3.videochat UnderlyingNetworks: Null] ]] callback flags: 0 order: 2147483647 isUidTracked: false declaredMethods: AVAIL|LOST
01-22 20:09:22.330 I/SurfaceFlinger( 1737): [LayerHierarchy{RequestedLayerState{ImeContainer#15 parentId=102307 relativeParentId=107874 z=1} 1 children}] reparent to LayerHierarchy{RequestedLayerState{ActivityRecord{135718581 u0 com.tres3.videochat/.MainActivity t25061}#102307 parentId=102306} 4 children}
01-22 20:09:22.330 I/SurfaceFlinger( 1737): [LayerHierarchy{RequestedLayerState{ImeContainer#15 parentId=102307 relativeParentId=107874 z=1} 1 children}] RelativeParent to LayerHierarchy{RequestedLayerState{6ba086c com.tres3.videochat/com.tres3.videochat.MainActivity#107874 parentId=102307} 2 children}
01-22 20:09:22.330 I/SurfaceFlinger( 1737): [LayerHierarchy{RequestedLayerState{ed0e9b4 Splash Screen com.tres3.videochat#107866 z=2147483647} 1 children}] reparent to OffscreenRoot
01-22 20:09:22.330 I/SurfaceFlinger( 1737): [LayerHierarchy{RequestedLayerState{ed0e9b4 Splash Screen com.tres3.videochat#107866 z=2147483647} 1 children}] RelativeParent to null
01-22 20:09:22.330 I/SurfaceFlinger( 1737): [LayerHierarchy{RequestedLayerState{Splash Screen com.tres3.videochat$_4166#107867} no children}] reparent to OffscreenRoot
01-22 20:09:22.330 I/SurfaceFlinger( 1737): [LayerHierarchy{RequestedLayerState{Splash Screen com.tres3.videochat$_4166#107867} no children}] RelativeParent to null
01-22 20:09:22.330 I/SurfaceFlinger( 1737): [LayerHierarchy{RequestedLayerState{6ba086c com.tres3.videochat/com.tres3.videochat.MainActivity#107874 parentId=102307} 2 children}] reparent to LayerHierarchy{RequestedLayerState{ActivityRecord{135718581 u0 com.tres3.videochat/.MainActivity t25061}#102307 parentId=102306} 4 children}
01-22 20:09:22.330 I/SurfaceFlinger( 1737): [LayerHierarchy{RequestedLayerState{Surface(name=6ba086c com.tres3.videochat/com.tres3.videochat.MainActivity)/@0x539327a - animation-leash of starting_reveal#107882} no children}] reparent to OffscreenRoot
01-22 20:09:22.330 I/SurfaceFlinger( 1737): [LayerHierarchy{RequestedLayerState{Surface(name=6ba086c com.tres3.videochat/com.tres3.videochat.MainActivity)/@0x539327a - animation-leash of starting_reveal#107882} no children}] RelativeParent to null
01-22 20:09:22.331 D/ConnectivityService( 2561):    accepting network in place of null for NetworkRequest [ REQUEST id=39461, [ Capabilities: INTERNET&NOT_RESTRICTED&TRUSTED&NOT_VCN_MANAGED&NOT_BANDWIDTH_CONSTRAINED Uid: 11275 RequestorUid: 11275 RequestorPkg: com.tres3.videochat UnderlyingNetworks: Null] ]
01-22 20:09:22.332 I/SurfaceFlinger( 1737): id=107866 Removed ed0e9b4 Splash Screen com.tres3.videochat#107866 (408)
01-22 20:09:22.332 D/SurfaceComposerClient( 2561): setCornerRadius ## 6ba086c com.tres3.videochat/com.tres3.videochat.MainActivity#107874 cornerRadius=0.000000
01-22 20:09:22.332 I/SurfaceFlinger( 1737): id=107867 Removed Splash Screen com.tres3.videochat$_4166#107867 (408)
01-22 20:09:22.333 D/SurfaceFlinger( 1737):        DEVICE |           53906134532113 | 00002100 | RGBA_8888    |    0.0    0.0 1080.0 2340.0 |    0    0 1080 2340 | com.tres3.videochat/com.tres3.videochat.MainActivity$_12551#107875 (1)
01-22 20:09:22.337 D/WifiNetworkFactory( 2561): got request NetworkRequest [ REQUEST id=39461, [ Capabilities: INTERNET&NOT_RESTRICTED&TRUSTED&NOT_VCN_MANAGED&NOT_BANDWIDTH_CONSTRAINED Uid: 11275 RequestorUid: 11275 RequestorPkg: com.tres3.videochat UnderlyingNetworks: Null] ]
01-22 20:09:22.337 D/UntrustedWifiNetworkFactory( 2561): got request NetworkRequest [ REQUEST id=39461, [ Capabilities: INTERNET&NOT_RESTRICTED&TRUSTED&NOT_VCN_MANAGED&NOT_BANDWIDTH_CONSTRAINED Uid: 11275 RequestorUid: 11275 RequestorPkg: com.tres3.videochat UnderlyingNetworks: Null] ]
01-22 20:09:22.337 D/OemPaidWifiNetworkFactory( 2561): got request NetworkRequest [ REQUEST id=39461, [ Capabilities: INTERNET&NOT_RESTRICTED&TRUSTED&NOT_VCN_MANAGED&NOT_BANDWIDTH_CONSTRAINED Uid: 11275 RequestorUid: 11275 RequestorPkg: com.tres3.videochat UnderlyingNetworks: Null] ]
01-22 20:09:22.337 D/MultiInternetWifiNetworkFactory( 2561): got request NetworkRequest [ REQUEST id=39461, [ Capabilities: INTERNET&NOT_RESTRICTED&TRUSTED&NOT_VCN_MANAGED&NOT_BANDWIDTH_CONSTRAINED Uid: 11275 RequestorUid: 11275 RequestorPkg: com.tres3.videochat UnderlyingNetworks: Null] ]
01-22 20:09:22.344 W/LocalRequestInterceptor(12551): Error getting App Check token; using placeholder token instead. Error: com.google.firebase.FirebaseException: No AppCheckProvider installed.
01-22 20:09:22.347 I/SurfaceFlinger( 1737): destroyed ed0e9b4 Splash Screen com.tres3.videochat#107866 form LifecycleManager
01-22 20:09:22.347 I/SurfaceFlinger( 1737): destroyed Splash Screen com.tres3.videochat$_4166#107867 form LifecycleManager
01-22 20:09:22.347 I/SurfaceFlinger( 1737): id=107866 onLayerDestroyed from LayerHierarchyBuilder(RequestedLayerState{ed0e9b4 Splash Screen com.tres3.videochat#107866 !handle z=2147483647})
01-22 20:09:22.347 I/SurfaceFlinger( 1737): id=107867 onLayerDestroyed from LayerHierarchyBuilder(RequestedLayerState{Splash Screen com.tres3.videochat$_4166#107867 !handle})
01-22 20:09:22.348 I/Layer   ( 1737): id=107866 Destroyed ed0e9b4 Splash Screen com.tres3.videochat#107866
01-22 20:09:22.348 I/Layer   ( 1737): id=107867 Destroyed Splash Screen com.tres3.videochat$_4166#107867
01-22 20:09:22.392 I/HBD     (27383): j [SKE_SPECIFIC] specific model[com.tres3.videochat] loaded, 31541875 ns
01-22 20:09:22.418 D/NetdEventListenerService( 2561): DNS Requested by 175, 11275(com.tres3.videochat), SUCCESS, 43ms
01-22 20:09:22.422 E/GoogleApiManager(12551): java.lang.SecurityException: Unknown calling package name 'com.google.android.gms'.
01-22 20:09:22.422 E/GoogleApiManager(12551): 	at android.os.Parcel.createExceptionOrNull(Parcel.java:3354)
01-22 20:09:22.422 E/GoogleApiManager(12551): 	at android.os.Parcel.createException(Parcel.java:3338)
01-22 20:09:22.422 E/GoogleApiManager(12551): 	at android.os.Parcel.readException(Parcel.java:3321)
01-22 20:09:22.422 E/GoogleApiManager(12551): 	at android.os.Parcel.readException(Parcel.java:3263)
01-22 20:09:22.424 W/FlagRegistrar(12551): Failed to register com.google.android.gms.providerinstaller#com.tres3.videochat
01-22 20:09:22.437 D/MdnieScenarioControlService( 2561):  packageName : com.tres3.videochat    className : com.tres3.videochat.MainActivity
01-22 20:09:22.465 D/ConnectivityService( 2561): requestNetwork for uid/pid:11275/12551 activeRequest: null callbackRequest: 39462 [NetworkRequest [ REQUEST id=39463, [ Capabilities: INTERNET&NOT_RESTRICTED&TRUSTED&NOT_VCN_MANAGED&NOT_BANDWIDTH_CONSTRAINED Uid: 11275 RequestorUid: 11275 RequestorPkg: com.tres3.videochat UnderlyingNetworks: Null] ]] callback flags: 0 order: 2147483647 isUidTracked: false declaredMethods: AVAIL|BLK
01-22 20:09:22.465 D/ConnectivityService( 2561):    accepting network in place of null for NetworkRequest [ REQUEST id=39463, [ Capabilities: INTERNET&NOT_RESTRICTED&TRUSTED&NOT_VCN_MANAGED&NOT_BANDWIDTH_CONSTRAINED Uid: 11275 RequestorUid: 11275 RequestorPkg: com.tres3.videochat UnderlyingNetworks: Null] ]
01-22 20:09:22.466 D/WifiNetworkFactory( 2561): got request NetworkRequest [ REQUEST id=39463, [ Capabilities: INTERNET&NOT_RESTRICTED&TRUSTED&NOT_VCN_MANAGED&NOT_BANDWIDTH_CONSTRAINED Uid: 11275 RequestorUid: 11275 RequestorPkg: com.tres3.videochat UnderlyingNetworks: Null] ]
01-22 20:09:22.466 D/UntrustedWifiNetworkFactory( 2561): got request NetworkRequest [ REQUEST id=39463, [ Capabilities: INTERNET&NOT_RESTRICTED&TRUSTED&NOT_VCN_MANAGED&NOT_BANDWIDTH_CONSTRAINED Uid: 11275 RequestorUid: 11275 RequestorPkg: com.tres3.videochat UnderlyingNetworks: Null] ]
01-22 20:09:22.466 D/OemPaidWifiNetworkFactory( 2561): got request NetworkRequest [ REQUEST id=39463, [ Capabilities: INTERNET&NOT_RESTRICTED&TRUSTED&NOT_VCN_MANAGED&NOT_BANDWIDTH_CONSTRAINED Uid: 11275 RequestorUid: 11275 RequestorPkg: com.tres3.videochat UnderlyingNetworks: Null] ]
01-22 20:09:22.466 D/MultiInternetWifiNetworkFactory( 2561): got request NetworkRequest [ REQUEST id=39463, [ Capabilities: INTERNET&NOT_RESTRICTED&TRUSTED&NOT_VCN_MANAGED&NOT_BANDWIDTH_CONSTRAINED Uid: 11275 RequestorUid: 11275 RequestorPkg: com.tres3.videochat UnderlyingNetworks: Null] ]
01-22 20:09:22.503 D/NetdEventListenerService( 2561): DNS Requested by 175, 11275(com.tres3.videochat), SUCCESS, 30ms
01-22 20:09:22.504 D/NetdEventListenerService( 2561): DNS Requested by 175, 11275(com.tres3.videochat), SUCCESS, 30ms
01-22 20:09:22.689 D/SGM:GameManager( 2561): identifyGamePackage. com.tres3.videochat, mCurrentUserId: 0, callingMethodInfo: com.samsung.android.game.SemGameManager.isGamePackage(SemGameManager.java:106)
01-22 20:09:22.689 D/SGM:SemGameManager( 2561): isGamePackage(), pkgName=com.tres3.videochat, ret=false
01-22 20:09:22.711 W/LocalRequestInterceptor(12551): Error getting App Check token; using placeholder token instead. Error: com.google.firebase.FirebaseException: No AppCheckProvider installed.
01-22 20:09:22.809 D/SGM:GameManager( 2561): identifyForegroundApp. com.tres3.videochat, mCurrentUserId: 0, callerUserId: 0
01-22 20:09:22.929 I/HoneySpace.StatusIconTracker( 4735): invokeEvent() called with: event = Mobile(bundle=Bundle[mParcelledData.dataSize=256])
01-22 20:09:23.191 I/flutter (12551): Error listening to call history snapshots: [cloud_firestore/failed-precondition] The query requires an index. You can create it here: https://console.firebase.google.com/v1/r/project/tres3-5fdba/firestore/indexes?create_composite=Cklwcm9qZWN0cy90cmVzMy01ZmRiYS9kYXRhYmFzZXMvKGRlZmF1bHQpL2NvbGxlY3Rpb25Hcm91cHMvY2FsbHMvaW5kZXhlcy9fEAEaEAoMcGFydGljaXBhbnRzGAEaDQoJdGltZXN0YW1wEAIaDAoIX19uYW1lX18QAg
01-22 20:09:23.915 I/SurfaceFlinger( 1737): [com.tres3.videochat/com.tres3.videochat.MainActivity$_12551#107875] setFrameRateCategory: HighHint
01-22 20:09:25.039 W/TelephonyPermissions( 2561): reportAccessDeniedToReadIdentifiers:com.tres3.videochat:getSerial:-1
01-22 20:09:25.045 D/CoreBackPreview( 2561): Window{6ba086c u0 com.tres3.videochat/com.tres3.videochat.MainActivity}: Setting back callback OnBackInvokedCallbackInfo{mCallback=android.window.IOnBackInvokedCallback$Stub$Proxy@58f858c, mPriority=0, mIsAnimationCallback=true, mOverrideBehavior=0}
01-22 20:09:25.047 D/VibratorManagerService( 2561): vibrate - uid: 11275, opPkg: com.tres3.videochat, effect: Mono{mEffect=Composed{segments=[Step{amplitude=-1.0, frequencyHz=0.0, duration=100}], repeat=-1, mMagnitudeType=TYPE_EXTRA}}, attrs: VibrationAttributes{mUsage=ALARM, mAudioUsage= USAGE_UNKNOWN, mFlags=0, tags=}, reason: null, token: android.os.BinderProxy@f14b4d5
01-22 20:09:25.047 D/VibratorManagerService( 2561): Check AppOp mode VIBRATE for uid 11275 and package com.tres3.videochat returned audio=allow, op=allow
01-22 20:09:25.047 D/VibratorManagerService( 2561): Start AppOp mode VIBRATE for uid 11275 and package com.tres3.videochat returned allow
01-22 20:09:25.073 W/FirebaseContextProvider(12551): Error getting App Check token. Error: com.google.firebase.FirebaseException: No AppCheckProvider installed.
01-22 20:09:25.183 D/NetdEventListenerService( 2561): DNS Requested by 175, 11275(com.tres3.videochat), SUCCESS, 89ms
01-22 20:09:25.215 D/VibratorManagerService( 2561): Finish AppOp mode VIBRATE for uid 11275 and package com.tres3.videochat
01-22 20:09:25.241 I/flutter (12551): ⚠️ Error checking recent calls (likely missing index), proceeding anyway: [cloud_firestore/failed-precondition] The query requires an index. You can create it here: https://console.firebase.google.com/v1/r/project/tres3-5fdba/firestore/indexes?create_composite=ClRwcm9qZWN0cy90cmVzMy01ZmRiYS9kYXRhYmFzZXMvKGRlZmF1bHQpL2NvbGxlY3Rpb25Hcm91cHMvY2FsbF9pbnZpdGF0aW9ucy9pbmRleGVzL18QARoMCghjYWxsZXJJZBABGg8KC3JlY2lwaWVudElkEAEaDQoJdGltZXN0YW1wEAEaDAoIX19uYW1lX18QAQ
01-22 20:09:25.700 D/SGM:GameManager( 2561): identifyGamePackage. com.tres3.videochat, mCurrentUserId: 0, callingMethodInfo: com.samsung.android.game.SemGameManager.isGamePackage(SemGameManager.java:106)
01-22 20:09:25.702 D/SGM:SemGameManager( 2561): isGamePackage(), pkgName=com.tres3.videochat, ret=false
01-22 20:09:26.997 D/ProfileInstaller(12551): Installing profile for com.tres3.videochat
01-22 20:09:27.038 I/NearbyMediums(22497): Current Tracked Scanning Clients are : {NearbyConnections.EnvironmentMonitor, NearbyConnections.TxAdvertisement}
01-22 20:09:28.020 I/SurfaceFlinger( 1737): [com.tres3.videochat/com.tres3.videochat.MainActivity$_12551#107875] setFrameRateCategory: NoPreference
01-22 20:09:28.707 D/SGM:GameManager( 2561): identifyGamePackage. com.tres3.videochat, mCurrentUserId: 0, callingMethodInfo: com.samsung.android.game.SemGameManager.isGamePackage(SemGameManager.java:106)
01-22 20:09:28.707 D/SGM:SemGameManager( 2561): isGamePackage(), pkgName=com.tres3.videochat, ret=false
01-22 20:09:29.667 D/CoreBackPreview( 2561): Window{6ba086c u0 com.tres3.videochat/com.tres3.videochat.MainActivity}: Setting back callback OnBackInvokedCallbackInfo{mCallback=android.window.IOnBackInvokedCallback$Stub$Proxy@99c656f, mPriority=-1, mIsAnimationCallback=false, mOverrideBehavior=0}
01-22 20:09:29.784 I/flutter (12551): ❌ Error starting session: [cloud_firestore/permission-denied] The caller does not have permission to execute the specified operation.
01-22 20:09:29.805 W/TelephonyPermissions( 2561): reportAccessDeniedToReadIdentifiers:com.tres3.videochat:getSerial:-1
01-22 20:09:29.821 D/nativeloader(12551): Load /data/app/~~MCJG8gaJ1U2esxL7b8Cmfg==/com.tres3.videochat-Uc3mFh0VzCOQZ6gfpGEvcg==/base.apk!/lib/arm64-v8a/libjingle_peerconnection_so.so using class loader ns clns-9 (caller=/data/app/~~MCJG8gaJ1U2esxL7b8Cmfg==/com.tres3.videochat-Uc3mFh0VzCOQZ6gfpGEvcg==/base.apk!classes24.dex): ok
01-22 20:09:29.847 D/NetdEventListenerService( 2561): DNS Requested by 175, 11275(com.tres3.videochat), SUCCESS, 39ms
01-22 20:09:29.867 D/NetdEventListenerService( 2561): DNS Requested by 175, 11275(com.tres3.videochat), SUCCESS, 50ms
01-22 20:09:29.909 I/AdrenoGLES-0(12551): Process Name                     : com.tres3.videochat
01-22 20:09:30.002 D/CoreBackPreview( 2561): Window{6ba086c u0 com.tres3.videochat/com.tres3.videochat.MainActivity}: Setting back callback OnBackInvokedCallbackInfo{mCallback=android.window.IOnBackInvokedCallback$Stub$Proxy@448635a, mPriority=0, mIsAnimationCallback=true, mOverrideBehavior=0}
01-22 20:09:30.005 D/ConnectivityService( 2561): requestNetwork for uid/pid:11275/12551 activeRequest: null callbackRequest: 39464 [NetworkRequest [ REQUEST id=39465, [ Capabilities: INTERNET&NOT_RESTRICTED&TRUSTED&NOT_VCN_MANAGED&NOT_BANDWIDTH_CONSTRAINED Uid: 11275 RequestorUid: 11275 RequestorPkg: com.tres3.videochat UnderlyingNetworks: Null] ]] callback flags: 0 order: 2147483647 isUidTracked: false declaredMethods: AVAIL|LOST|NC
01-22 20:09:30.007 D/ConnectivityService( 2561):    accepting network in place of null for NetworkRequest [ REQUEST id=39465, [ Capabilities: INTERNET&NOT_RESTRICTED&TRUSTED&NOT_VCN_MANAGED&NOT_BANDWIDTH_CONSTRAINED Uid: 11275 RequestorUid: 11275 RequestorPkg: com.tres3.videochat UnderlyingNetworks: Null] ]
01-22 20:09:30.009 W/TelephonyPermissions( 2561): reportAccessDeniedToReadIdentifiers:com.tres3.videochat:getSerial:-1
01-22 20:09:30.015 D/WifiNetworkFactory( 2561): got request NetworkRequest [ REQUEST id=39465, [ Capabilities: INTERNET&NOT_RESTRICTED&TRUSTED&NOT_VCN_MANAGED&NOT_BANDWIDTH_CONSTRAINED Uid: 11275 RequestorUid: 11275 RequestorPkg: com.tres3.videochat UnderlyingNetworks: Null] ]
01-22 20:09:30.015 D/UntrustedWifiNetworkFactory( 2561): got request NetworkRequest [ REQUEST id=39465, [ Capabilities: INTERNET&NOT_RESTRICTED&TRUSTED&NOT_VCN_MANAGED&NOT_BANDWIDTH_CONSTRAINED Uid: 11275 RequestorUid: 11275 RequestorPkg: com.tres3.videochat UnderlyingNetworks: Null] ]
01-22 20:09:30.017 D/OemPaidWifiNetworkFactory( 2561): got request NetworkRequest [ REQUEST id=39465, [ Capabilities: INTERNET&NOT_RESTRICTED&TRUSTED&NOT_VCN_MANAGED&NOT_BANDWIDTH_CONSTRAINED Uid: 11275 RequestorUid: 11275 RequestorPkg: com.tres3.videochat UnderlyingNetworks: Null] ]
01-22 20:09:30.017 D/MultiInternetWifiNetworkFactory( 2561): got request NetworkRequest [ REQUEST id=39465, [ Capabilities: INTERNET&NOT_RESTRICTED&TRUSTED&NOT_VCN_MANAGED&NOT_BANDWIDTH_CONSTRAINED Uid: 11275 RequestorUid: 11275 RequestorPkg: com.tres3.videochat UnderlyingNetworks: Null] ]
01-22 20:09:30.189 D/NetdEventListenerService( 2561): DNS Requested by 175, 11275(com.tres3.videochat), SUCCESS, 129ms
01-22 20:09:30.260 D/NetdEventListenerService( 2561): DNS Requested by 175, 11275(com.tres3.videochat), 7(NODATA), isBlocked=false, 188ms
01-22 20:09:30.278 D/NetdEventListenerService( 2561): DNS Requested by 175, 11275(com.tres3.videochat), 7(NODATA), isBlocked=false, 18ms
01-22 20:09:30.928 D/ConnectivityService( 2561): requestNetwork for uid/pid:11275/12551 activeRequest: null callbackRequest: 39466 [NetworkRequest [ REQUEST id=39466, [ Transports: CELLULAR Capabilities: INTERNET&NOT_RESTRICTED&TRUSTED&NOT_VPN&NOT_VCN_MANAGED&NOT_BANDWIDTH_CONSTRAINED Forbidden: LOCAL_NETWORK Uid: 11275 RequestorUid: 11275 RequestorPkg: com.tres3.videochat UnderlyingNetworks: Null] ]] callback flags: 0 order: 2147483647 isUidTracked: false declaredMethods: ALL
01-22 20:09:30.957 I/ImsTelephonyStateTracker(15163): [D] onDataConnectionStateChanged()
01-22 20:09:30.957 I/ImsTelephonyStateTracker(15163): [D] onDataConnectionStateChanged()
01-22 20:09:30.964 D/NetdEventListenerService( 2561): DNS Requested by 175, 11275(com.tres3.videochat), SUCCESS, 6ms
01-22 20:09:30.972 D/NetdEventListenerService( 2561): DNS Requested by 175, 11275(com.tres3.videochat), SUCCESS, 8ms
01-22 20:09:30.995 D/NetdEventListenerService( 2561): DNS Requested by 175, 11275(com.tres3.videochat), 7(NODATA), isBlocked=false, 30ms
01-22 20:09:31.005 D/NetdEventListenerService( 2561): DNS Requested by 175, 11275(com.tres3.videochat), 7(NODATA), isBlocked=false, 46ms
01-22 20:09:31.012 D/NetdEventListenerService( 2561): DNS Requested by 175, 11275(com.tres3.videochat), SUCCESS, 0ms
01-22 20:09:31.022 D/NetdEventListenerService( 2561): DNS Requested by 175, 11275(com.tres3.videochat), SUCCESS, 3ms
01-22 20:09:31.024 D/NetdEventListenerService( 2561): DNS Requested by 175, 11275(com.tres3.videochat), SUCCESS, 3ms
01-22 20:09:31.026 D/NetdEventListenerService( 2561): DNS Requested by 175, 11275(com.tres3.videochat), SUCCESS, 4ms
01-22 20:09:31.028 D/NetdEventListenerService( 2561): DNS Requested by 175, 11275(com.tres3.videochat), 7(NODATA), isBlocked=false, 67ms
01-22 20:09:31.030 D/NetdEventListenerService( 2561): DNS Requested by 175, 11275(com.tres3.videochat), SUCCESS, 8ms
01-22 20:09:31.032 D/NetdEventListenerService( 2561): DNS Requested by 175, 11275(com.tres3.videochat), SUCCESS, 16ms
01-22 20:09:31.034 D/NetdEventListenerService( 2561): DNS Requested by 175, 11275(com.tres3.videochat), SUCCESS, 11ms
01-22 20:09:31.038 D/NetdEventListenerService( 2561): DNS Requested by 175, 11275(com.tres3.videochat), SUCCESS, 74ms
01-22 20:09:31.039 D/NetdEventListenerService( 2561): DNS Requested by 175, 11275(com.tres3.videochat), SUCCESS, 25ms
01-22 20:09:31.042 D/NetdEventListenerService( 2561): DNS Requested by 175, 11275(com.tres3.videochat), SUCCESS, 67ms
01-22 20:09:31.043 D/NetdEventListenerService( 2561): DNS Requested by 175, 11275(com.tres3.videochat), SUCCESS, 74ms
01-22 20:09:31.045 D/NetdEventListenerService( 2561): DNS Requested by 175, 11275(com.tres3.videochat), SUCCESS, 13ms
01-22 20:09:31.047 D/NetdEventListenerService( 2561): DNS Requested by 175, 11275(com.tres3.videochat), SUCCESS, 27ms
01-22 20:09:31.049 D/NetdEventListenerService( 2561): DNS Requested by 175, 11275(com.tres3.videochat), SUCCESS, 76ms
01-22 20:09:31.055 D/NetdEventListenerService( 2561): DNS Requested by 175, 11275(com.tres3.videochat), SUCCESS, 28ms
01-22 20:09:31.059 D/NetdEventListenerService( 2561): DNS Requested by 175, 11275(com.tres3.videochat), SUCCESS, 70ms
01-22 20:09:31.065 D/NetdEventListenerService( 2561): DNS Requested by 175, 11275(com.tres3.videochat), SUCCESS, 73ms
01-22 20:09:31.067 D/NetdEventListenerService( 2561): DNS Requested by 175, 11275(com.tres3.videochat), SUCCESS, 23ms
01-22 20:09:31.068 D/NetdEventListenerService( 2561): DNS Requested by 175, 11275(com.tres3.videochat), SUCCESS, 77ms
01-22 20:09:31.070 D/NetdEventListenerService( 2561): DNS Requested by 175, 11275(com.tres3.videochat), SUCCESS, 17ms
01-22 20:09:31.074 D/NetdEventListenerService( 2561): DNS Requested by 175, 11275(com.tres3.videochat), SUCCESS, 76ms
01-22 20:09:31.076 D/NetdEventListenerService( 2561): DNS Requested by 175, 11275(com.tres3.videochat), SUCCESS, 17ms
01-22 20:09:31.078 D/NetdEventListenerService( 2561): DNS Requested by 175, 11275(com.tres3.videochat), SUCCESS, 26ms
01-22 20:09:31.080 D/NetdEventListenerService( 2561): DNS Requested by 175, 11275(com.tres3.videochat), SUCCESS, 75ms
01-22 20:09:31.082 D/NetdEventListenerService( 2561): DNS Requested by 175, 11275(com.tres3.videochat), SUCCESS, 17ms
01-22 20:09:31.084 D/NetdEventListenerService( 2561): DNS Requested by 175, 11275(com.tres3.videochat), SUCCESS, 81ms
01-22 20:09:31.086 D/NetdEventListenerService( 2561): DNS Requested by 175, 11275(com.tres3.videochat), SUCCESS, 1ms
01-22 20:09:31.089 D/NetdEventListenerService( 2561): DNS Requested by 175, 11275(com.tres3.videochat), SUCCESS, 2ms
01-22 20:09:31.091 D/NetdEventListenerService( 2561): DNS Requested by 175, 11275(com.tres3.videochat), SUCCESS, 2ms
01-22 20:09:31.093 D/NetdEventListenerService( 2561): DNS Requested by 175, 11275(com.tres3.videochat), 7(NODATA), isBlocked=false, 56ms
01-22 20:09:31.095 D/NetdEventListenerService( 2561): DNS Requested by 175, 11275(com.tres3.videochat), SUCCESS, 11ms
01-22 20:09:31.101 D/NetdEventListenerService( 2561): DNS Requested by 175, 11275(com.tres3.videochat), 7(NODATA), isBlocked=false, 59ms
01-22 20:09:31.104 D/NetdEventListenerService( 2561): DNS Requested by 175, 11275(com.tres3.videochat), 7(NODATA), isBlocked=false, 53ms
01-22 20:09:31.109 D/NetdEventListenerService( 2561): DNS Requested by 175, 11275(com.tres3.videochat), 7(NODATA), isBlocked=false, 57ms
01-22 20:09:31.111 D/NetdEventListenerService( 2561): DNS Requested by 175, 11275(com.tres3.videochat), SUCCESS, 3ms
01-22 20:09:31.114 D/NetdEventListenerService( 2561): DNS Requested by 175, 11275(com.tres3.videochat), 7(NODATA), isBlocked=false, 72ms
01-22 20:09:31.116 D/NetdEventListenerService( 2561): DNS Requested by 175, 11275(com.tres3.videochat), 7(NODATA), isBlocked=false, 74ms
01-22 20:09:31.118 D/NetdEventListenerService( 2561): DNS Requested by 175, 11275(com.tres3.videochat), 7(NODATA), isBlocked=false, 72ms
01-22 20:09:31.123 D/NetdEventListenerService( 2561): DNS Requested by 175, 11275(com.tres3.videochat), 7(NODATA), isBlocked=false, 84ms
01-22 20:09:31.126 D/NetdEventListenerService( 2561): DNS Requested by 175, 11275(com.tres3.videochat), SUCCESS, 2ms
01-22 20:09:31.129 D/NetdEventListenerService( 2561): DNS Requested by 175, 11275(com.tres3.videochat), SUCCESS, 5ms
01-22 20:09:31.131 D/NetdEventListenerService( 2561): DNS Requested by 175, 11275(com.tres3.videochat), 7(NODATA), isBlocked=false, 44ms
01-22 20:09:31.135 D/NetdEventListenerService( 2561): DNS Requested by 175, 11275(com.tres3.videochat), 7(NODATA), isBlocked=false, 72ms
01-22 20:09:31.138 D/NetdEventListenerService( 2561): DNS Requested by 175, 11275(com.tres3.videochat), 7(NODATA), isBlocked=false, 81ms
01-22 20:09:31.140 D/NetdEventListenerService( 2561): DNS Requested by 175, 11275(com.tres3.videochat), 7(NODATA), isBlocked=false, 74ms
01-22 20:09:31.141 D/NetdEventListenerService( 2561): DNS Requested by 175, 11275(com.tres3.videochat), 7(NODATA), isBlocked=false, 81ms
01-22 20:09:31.144 D/NetdEventListenerService( 2561): DNS Requested by 175, 11275(com.tres3.videochat), 7(NODATA), isBlocked=false, 76ms
01-22 20:09:31.151 D/NetdEventListenerService( 2561): DNS Requested by 175, 11275(com.tres3.videochat), 7(NODATA), isBlocked=false, 118ms
01-22 20:09:31.152 D/NetdEventListenerService( 2561): DNS Requested by 175, 11275(com.tres3.videochat), SUCCESS, 10ms
01-22 20:09:31.152 D/NetdEventListenerService( 2561): DNS Requested by 175, 11275(com.tres3.videochat), SUCCESS, 10ms
01-22 20:09:31.153 D/NetdEventListenerService( 2561): DNS Requested by 175, 11275(com.tres3.videochat), SUCCESS, 2ms
01-22 20:09:31.162 I/ImsTelephonyStateTracker(15163): [D] onDataConnectionStateChanged()
01-22 20:09:31.163 I/ImsTelephonyStateTracker(15163): [D] onDataConnectionStateChanged()
01-22 20:09:31.171 E/netd    ( 1551): Error adding route ::/0 -> fe80::2 rmnet_data0 to table 1089: File exists
01-22 20:09:31.194 D/ConnectivityService( 2561):    accepting network in place of null for NetworkRequest [ REQUEST id=39466, [ Transports: CELLULAR Capabilities: INTERNET&NOT_RESTRICTED&TRUSTED&NOT_VPN&NOT_VCN_MANAGED&NOT_BANDWIDTH_CONSTRAINED Forbidden: LOCAL_NETWORK Uid: 11275 RequestorUid: 11275 RequestorPkg: com.tres3.videochat UnderlyingNetworks: Null] ]
01-22 20:09:31.229 D/NetdEventListenerService( 2561): DNS Requested by 175, 11275(com.tres3.videochat), SUCCESS, 1ms
01-22 20:09:31.229 D/NetdEventListenerService( 2561): DNS Requested by 175, 11275(com.tres3.videochat), SUCCESS, 2ms
01-22 20:09:31.230 D/NetdEventListenerService( 2561): DNS Requested by 175, 11275(com.tres3.videochat), SUCCESS, 3ms
01-22 20:09:31.234 D/NetdEventListenerService( 2561): DNS Requested by 175, 11275(com.tres3.videochat), SUCCESS, 4ms
01-22 20:09:31.238 D/NetdEventListenerService( 2561): DNS Requested by 175, 11275(com.tres3.videochat), SUCCESS, 7ms
01-22 20:09:31.239 D/NetdEventListenerService( 2561): DNS Requested by 175, 11275(com.tres3.videochat), SUCCESS, 8ms
01-22 20:09:31.242 D/NetdEventListenerService( 2561): DNS Requested by 175, 11275(com.tres3.videochat), SUCCESS, 8ms
01-22 20:09:31.244 D/NetdEventListenerService( 2561): DNS Requested by 175, 11275(com.tres3.videochat), SUCCESS, 13ms
01-22 20:09:31.245 D/NetdEventListenerService( 2561): DNS Requested by 175, 11275(com.tres3.videochat), SUCCESS, 12ms
01-22 20:09:31.248 D/NetdEventListenerService( 2561): DNS Requested by 175, 11275(com.tres3.videochat), SUCCESS, 14ms
