01-22 20:08:48.220 I/AF::TrackHandle( 1724): opChanged OP_PLAY_AUDIO callback received for 
01-22 20:08:48.220 I/AF::TrackHandle( 1724): opChanged OP_PLAY_AUDIO callback received for 
01-22 20:08:48.220 I/AF::TrackHandle( 1724): opChanged OP_PLAY_AUDIO callback received for 
01-22 20:08:48.220 I/AF::TrackHandle( 1724): opChanged OP_PLAY_AUDIO callback received for 
01-22 20:08:48.221 I/AF::TrackHandle( 1724): opChanged OP_PLAY_AUDIO callback received for 
01-22 20:08:48.221 I/AF::TrackHandle( 1724): opChanged OP_PLAY_AUDIO callback received for 
01-22 20:08:48.221 I/AF::TrackHandle( 1724): opChanged OP_PLAY_AUDIO callback received for 
01-22 20:08:48.221 I/AF::TrackHandle( 1724): opChanged OP_PLAY_AUDIO callback received for 
01-22 20:08:48.221 I/AF::TrackHandle( 1724): opChanged OP_PLAY_AUDIO callback received for 
01-22 20:08:48.221 I/AF::TrackHandle( 1724): opChanged OP_PLAY_AUDIO callback received for 
01-22 20:08:48.221 I/AF::TrackHandle( 1724): opChanged OP_PLAY_AUDIO callback received for 
01-22 20:08:48.221 I/AF::TrackHandle( 1724): opChanged OP_PLAY_AUDIO callback received for 
01-22 20:08:48.221 I/AF::TrackHandle( 1724): opChanged OP_PLAY_AUDIO callback received for 
01-22 20:08:48.222 I/AF::TrackHandle( 1724): opChanged OP_PLAY_AUDIO callback received for 
01-22 20:08:48.222 I/AF::TrackHandle( 1724): opChanged OP_PLAY_AUDIO callback received for 
01-22 20:08:48.222 I/AF::TrackHandle( 1724): opChanged OP_PLAY_AUDIO callback received for 
01-22 20:08:48.222 I/AF::TrackHandle( 1724): opChanged OP_PLAY_AUDIO callback received for 
01-22 20:08:48.222 I/AF::TrackHandle( 1724): opChanged OP_PLAY_AUDIO callback received for 
01-22 20:08:48.222 I/AF::TrackHandle( 1724): opChanged OP_PLAY_AUDIO callback received for 
01-22 20:08:48.222 I/AF::TrackHandle( 1724): opChanged OP_PLAY_AUDIO callback received for 
01-22 20:08:48.222 I/AF::TrackHandle( 1724): opChanged OP_PLAY_AUDIO callback received for 
01-22 20:08:48.222 I/AF::TrackHandle( 1724): opChanged OP_PLAY_AUDIO callback received for 
01-22 20:08:48.222 I/AF::TrackHandle( 1724): opChanged OP_PLAY_AUDIO callback received for 
01-22 20:08:48.222 I/AF::TrackHandle( 1724): opChanged OP_PLAY_AUDIO callback received for 
01-22 20:08:48.223 I/AF::TrackHandle( 1724): opChanged OP_PLAY_AUDIO callback received for 
01-22 20:08:48.223 I/AF::TrackHandle( 1724): opChanged OP_PLAY_AUDIO callback received for 
01-22 20:08:48.223 I/AF::TrackHandle( 1724): opChanged OP_PLAY_AUDIO callback received for 
01-22 20:08:48.223 I/AF::TrackHandle( 1724): opChanged OP_PLAY_AUDIO callback received for 
01-22 20:08:48.223 I/AF::TrackHandle( 1724): opChanged OP_PLAY_AUDIO callback received for 
01-22 20:08:48.223 I/AF::TrackHandle( 1724): opChanged OP_PLAY_AUDIO callback received for 
01-22 20:08:48.223 I/AF::TrackHandle( 1724): opChanged OP_PLAY_AUDIO callback received for 
01-22 20:08:48.223 I/AF::TrackHandle( 1724): opChanged OP_PLAY_AUDIO callback received for 
01-22 20:08:48.224 I/AF::TrackHandle( 1724): opChanged OP_PLAY_AUDIO callback received for 
01-22 20:08:48.224 I/AF::TrackHandle( 1724): opChanged OP_PLAY_AUDIO callback received for 
01-22 20:08:48.224 I/AF::TrackHandle( 1724): opChanged OP_PLAY_AUDIO callback received for 
01-22 20:08:48.224 I/AF::TrackHandle( 1724): opChanged OP_PLAY_AUDIO callback received for 
01-22 20:08:48.224 I/AF::TrackHandle( 1724): opChanged OP_PLAY_AUDIO callback received for 
01-22 20:08:48.224 I/AF::TrackHandle( 1724): opChanged OP_PLAY_AUDIO callback received for 
01-22 20:08:48.224 I/AF::TrackHandle( 1724): opChanged OP_PLAY_AUDIO callback received for 
01-22 20:08:48.224 I/AF::TrackHandle( 1724): opChanged OP_PLAY_AUDIO callback received for 
01-22 20:08:48.224 I/AF::TrackHandle( 1724): opChanged OP_PLAY_AUDIO callback received for 
01-22 20:08:48.224 I/AF::TrackHandle( 1724): opChanged OP_PLAY_AUDIO callback received for 
01-22 20:08:48.224 I/AF::TrackHandle( 1724): opChanged OP_PLAY_AUDIO callback received for 
01-22 20:08:48.224 I/AF::TrackHandle( 1724): opChanged OP_PLAY_AUDIO callback received for 
01-22 20:08:48.225 I/AF::TrackHandle( 1724): opChanged OP_PLAY_AUDIO callback received for 
01-22 20:08:48.225 I/AF::TrackHandle( 1724): opChanged OP_PLAY_AUDIO callback received for 
01-22 20:08:48.226 I/AF::TrackHandle( 1724): opChanged OP_PLAY_AUDIO callback received for 
01-22 20:08:48.226 I/AF::TrackHandle( 1724): opChanged OP_PLAY_AUDIO callback received for 
01-22 20:08:48.227 I/AF::TrackHandle( 1724): opChanged OP_PLAY_AUDIO callback received for 
01-22 20:08:48.227 I/AF::TrackHandle( 1724): opChanged OP_PLAY_AUDIO callback received for 
01-22 20:08:48.227 I/AF::TrackHandle( 1724): opChanged OP_PLAY_AUDIO callback received for 
01-22 20:08:48.227 I/AF::TrackHandle( 1724): opChanged OP_PLAY_AUDIO callback received for 
01-22 20:08:48.227 I/AF::TrackHandle( 1724): opChanged OP_PLAY_AUDIO callback received for 
01-22 20:08:48.227 I/AF::TrackHandle( 1724): opChanged OP_PLAY_AUDIO callback received for 
01-22 20:08:48.231 I/AF::TrackHandle( 1724): opChanged OP_PLAY_AUDIO callback received for 
01-22 20:08:48.232 I/AF::TrackHandle( 1724): opChanged OP_PLAY_AUDIO callback received for 
01-22 20:08:48.232 I/AF::TrackHandle( 1724): opChanged OP_PLAY_AUDIO callback received for 
01-22 20:08:48.235 I/AF::TrackHandle( 1724): opChanged OP_PLAY_AUDIO callback received for 
01-22 20:08:48.236 I/AF::TrackHandle( 1724): opChanged OP_PLAY_AUDIO callback received for 
01-22 20:08:48.238 I/AF::TrackHandle( 1724): opChanged OP_PLAY_AUDIO callback received for 
01-22 20:08:48.240 I/AF::TrackHandle( 1724): opChanged OP_PLAY_AUDIO callback received for 
01-22 20:08:48.241 I/AF::TrackHandle( 1724): opChanged OP_PLAY_AUDIO callback received for 
01-22 20:08:48.241 I/AF::TrackHandle( 1724): opChanged OP_PLAY_AUDIO callback received for 
01-22 20:08:48.241 I/AF::TrackHandle( 1724): opChanged OP_PLAY_AUDIO callback received for 
01-22 20:08:48.241 I/AF::TrackHandle( 1724): opChanged OP_PLAY_AUDIO callback received for 
01-22 20:08:48.241 I/AF::TrackHandle( 1724): opChanged OP_PLAY_AUDIO callback received for 
01-22 20:08:48.241 I/AF::TrackHandle( 1724): opChanged OP_PLAY_AUDIO callback received for 
01-22 20:08:48.247 I/AF::TrackHandle( 1724): opChanged OP_PLAY_AUDIO callback received for 
01-22 20:08:48.247 I/AF::TrackHandle( 1724): opChanged OP_PLAY_AUDIO callback received for 
01-22 20:08:48.250 I/AF::TrackHandle( 1724): opChanged OP_PLAY_AUDIO callback received for 
01-22 20:08:48.251 I/AF::TrackHandle( 1724): opChanged OP_PLAY_AUDIO callback received for 
01-22 20:08:48.259 I/AF::TrackHandle( 1724): opChanged OP_PLAY_AUDIO callback received for 
01-22 20:08:48.259 I/AF::TrackHandle( 1724): opChanged OP_PLAY_AUDIO callback received for 
01-22 20:08:48.263 I/AF::TrackHandle( 1724): opChanged OP_PLAY_AUDIO callback received for 
01-22 20:08:48.263 I/AF::TrackHandle( 1724): opChanged OP_PLAY_AUDIO callback received for 
01-22 20:08:48.264 I/AF::TrackHandle( 1724): opChanged OP_PLAY_AUDIO callback received for 
01-22 20:08:48.264 I/AF::TrackHandle( 1724): opChanged OP_PLAY_AUDIO callback received for 
01-22 20:08:48.270 I/AF::TrackHandle( 1724): opChanged OP_PLAY_AUDIO callback received for 
01-22 20:08:48.272 I/AF::TrackHandle( 1724): opChanged OP_PLAY_AUDIO callback received for 
01-22 20:08:48.276 I/AF::TrackHandle( 1724): opChanged OP_PLAY_AUDIO callback received for 
01-22 20:08:48.281 I/AF::TrackHandle( 1724): opChanged OP_PLAY_AUDIO callback received for 
01-22 20:08:48.287 I/AF::TrackHandle( 1724): opChanged OP_PLAY_AUDIO callback received for 
01-22 20:08:48.290 I/AF::TrackHandle( 1724): opChanged OP_PLAY_AUDIO callback received for 
01-22 20:08:48.297 I/AF::TrackHandle( 1724): opChanged OP_PLAY_AUDIO callback received for 
01-22 20:08:48.298 I/AF::TrackHandle( 1724): opChanged OP_PLAY_AUDIO callback received for 
01-22 20:08:48.329 E/LoadedApk(22539): Exception : java.lang.NullPointerException: Attempt to invoke virtual method 'boolean android.os.Looper.isPerfLogEnable()' on a null object reference
01-22 20:08:48.332 E/LoadedApk(22539): Exception : java.lang.NullPointerException: Attempt to invoke virtual method 'boolean android.os.Looper.isPerfLogEnable()' on a null object reference
01-22 20:08:48.590 I/HoneySpace.StatusIconTracker( 4735): invokeEvent() called with: event = PrivacyInfo(visible=false)
01-22 20:08:48.627 E/oaa     (31650): java.lang.IllegalStateException: Cannot block on non-blocking thread: BG Thread #1
01-22 20:08:48.663 E/LoadedApk(15681): Exception : java.lang.NullPointerException: Attempt to invoke virtual method 'boolean android.os.Looper.isPerfLogEnable()' on a null object reference
01-22 20:08:48.675 E/LoadedApk(22539): Exception : java.lang.NullPointerException: Attempt to invoke virtual method 'boolean android.os.Looper.isPerfLogEnable()' on a null object reference
01-22 20:08:48.738 E/oaa     (31650): java.lang.IllegalStateException: Cannot block on non-blocking thread: BG Thread #1
01-22 20:08:48.772 E/oaa     (31650): java.lang.IllegalStateException: Cannot block on non-blocking thread: BG Thread #1
01-22 20:08:48.816 E/oaa     (31650): java.lang.IllegalStateException: Cannot block on non-blocking thread: BG Thread #1
01-22 20:08:48.828 E/oaa     (31650): java.lang.IllegalStateException: Cannot block on non-blocking thread: BG Thread #1
01-22 20:08:48.845 E/oaa     (31650): java.lang.IllegalStateException: Cannot block on non-blocking thread: BG Thread #1
01-22 20:08:48.869 E/oaa     (31650): java.lang.IllegalStateException: Cannot block on non-blocking thread: BG Thread #1
01-22 20:08:48.896 E/oaa     (31650): java.lang.IllegalStateException: Cannot block on non-blocking thread: BG Thread #1
01-22 20:08:48.942 E/oaa     (31650): java.lang.IllegalStateException: Cannot block on non-blocking thread: BG Thread #1
01-22 20:08:49.335 I/HoneySpace.StatusIconTracker( 4735): invokeEvent() called with: event = Mobile(bundle=Bundle[mParcelledData.dataSize=256])
01-22 20:08:49.526 I/AF::TrackHandle( 1724): opChanged OP_PLAY_AUDIO callback received for 
01-22 20:08:49.528 I/AF::TrackHandle( 1724): opChanged OP_PLAY_AUDIO callback received for 
01-22 20:08:49.528 I/AF::TrackHandle( 1724): opChanged OP_PLAY_AUDIO callback received for 
01-22 20:08:49.528 I/AF::TrackHandle( 1724): opChanged OP_PLAY_AUDIO callback received for 
01-22 20:08:49.528 I/AF::TrackHandle( 1724): opChanged OP_PLAY_AUDIO callback received for 
01-22 20:08:49.528 I/AF::TrackHandle( 1724): opChanged OP_PLAY_AUDIO callback received for 
01-22 20:08:49.528 I/AF::TrackHandle( 1724): opChanged OP_PLAY_AUDIO callback received for 
01-22 20:08:49.528 I/AF::TrackHandle( 1724): opChanged OP_PLAY_AUDIO callback received for 
01-22 20:08:49.528 I/AF::TrackHandle( 1724): opChanged OP_PLAY_AUDIO callback received for 
01-22 20:08:49.528 I/AF::TrackHandle( 1724): opChanged OP_PLAY_AUDIO callback received for 
01-22 20:08:49.528 I/AF::TrackHandle( 1724): opChanged OP_PLAY_AUDIO callback received for 
01-22 20:08:49.528 I/AF::TrackHandle( 1724): opChanged OP_PLAY_AUDIO callback received for 
01-22 20:08:49.528 I/AF::TrackHandle( 1724): opChanged OP_PLAY_AUDIO callback received for 
01-22 20:08:49.529 I/AF::TrackHandle( 1724): opChanged OP_PLAY_AUDIO callback received for 
01-22 20:08:49.529 I/AF::TrackHandle( 1724): opChanged OP_PLAY_AUDIO callback received for 
01-22 20:08:49.529 I/AF::TrackHandle( 1724): opChanged OP_PLAY_AUDIO callback received for 
01-22 20:08:49.529 I/AF::TrackHandle( 1724): opChanged OP_PLAY_AUDIO callback received for 
01-22 20:08:49.529 I/AF::TrackHandle( 1724): opChanged OP_PLAY_AUDIO callback received for 
01-22 20:08:49.529 I/AF::TrackHandle( 1724): opChanged OP_PLAY_AUDIO callback received for 
01-22 20:08:49.529 I/AF::TrackHandle( 1724): opChanged OP_PLAY_AUDIO callback received for 
01-22 20:08:49.529 I/AF::TrackHandle( 1724): opChanged OP_PLAY_AUDIO callback received for 
01-22 20:08:49.530 I/AF::TrackHandle( 1724): opChanged OP_PLAY_AUDIO callback received for 
01-22 20:08:49.530 I/AF::TrackHandle( 1724): opChanged OP_PLAY_AUDIO callback received for 
01-22 20:08:49.530 I/AF::TrackHandle( 1724): opChanged OP_PLAY_AUDIO callback received for 
01-22 20:08:49.530 I/AF::TrackHandle( 1724): opChanged OP_PLAY_AUDIO callback received for 
01-22 20:08:49.530 I/AF::TrackHandle( 1724): opChanged OP_PLAY_AUDIO callback received for 
01-22 20:08:49.530 I/AF::TrackHandle( 1724): opChanged OP_PLAY_AUDIO callback received for 
01-22 20:08:49.530 I/AF::TrackHandle( 1724): opChanged OP_PLAY_AUDIO callback received for 
01-22 20:08:49.530 I/AF::TrackHandle( 1724): opChanged OP_PLAY_AUDIO callback received for 
01-22 20:08:49.530 I/AF::TrackHandle( 1724): opChanged OP_PLAY_AUDIO callback received for 
01-22 20:08:49.531 I/AF::TrackHandle( 1724): opChanged OP_PLAY_AUDIO callback received for 
01-22 20:08:49.531 I/AF::TrackHandle( 1724): opChanged OP_PLAY_AUDIO callback received for 
01-22 20:08:49.531 I/AF::TrackHandle( 1724): opChanged OP_PLAY_AUDIO callback received for 
01-22 20:08:49.531 I/AF::TrackHandle( 1724): opChanged OP_PLAY_AUDIO callback received for 
01-22 20:08:49.531 I/AF::TrackHandle( 1724): opChanged OP_PLAY_AUDIO callback received for 
01-22 20:08:49.531 I/AF::TrackHandle( 1724): opChanged OP_PLAY_AUDIO callback received for 
01-22 20:08:49.531 I/AF::TrackHandle( 1724): opChanged OP_PLAY_AUDIO callback received for 
01-22 20:08:49.531 I/AF::TrackHandle( 1724): opChanged OP_PLAY_AUDIO callback received for 
01-22 20:08:49.531 I/AF::TrackHandle( 1724): opChanged OP_PLAY_AUDIO callback received for 
01-22 20:08:49.531 I/AF::TrackHandle( 1724): opChanged OP_PLAY_AUDIO callback received for 
01-22 20:08:49.531 I/AF::TrackHandle( 1724): opChanged OP_PLAY_AUDIO callback received for 
01-22 20:08:49.532 I/AF::TrackHandle( 1724): opChanged OP_PLAY_AUDIO callback received for 
01-22 20:08:49.532 I/AF::TrackHandle( 1724): opChanged OP_PLAY_AUDIO callback received for 
01-22 20:08:49.532 I/AF::TrackHandle( 1724): opChanged OP_PLAY_AUDIO callback received for 
01-22 20:08:49.532 I/AF::TrackHandle( 1724): opChanged OP_PLAY_AUDIO callback received for 
01-22 20:08:49.532 I/AF::TrackHandle( 1724): opChanged OP_PLAY_AUDIO callback received for 
01-22 20:08:49.532 I/AF::TrackHandle( 1724): opChanged OP_PLAY_AUDIO callback received for 
01-22 20:08:49.532 I/AF::TrackHandle( 1724): opChanged OP_PLAY_AUDIO callback received for 
01-22 20:08:49.532 I/AF::TrackHandle( 1724): opChanged OP_PLAY_AUDIO callback received for 
01-22 20:08:49.532 I/AF::TrackHandle( 1724): opChanged OP_PLAY_AUDIO callback received for 
01-22 20:08:49.532 I/AF::TrackHandle( 1724): opChanged OP_PLAY_AUDIO callback received for 
01-22 20:08:49.532 I/AF::TrackHandle( 1724): opChanged OP_PLAY_AUDIO callback received for 
01-22 20:08:49.532 I/AF::TrackHandle( 1724): opChanged OP_PLAY_AUDIO callback received for 
01-22 20:08:49.533 I/AF::TrackHandle( 1724): opChanged OP_PLAY_AUDIO callback received for 
01-22 20:08:49.533 I/AF::TrackHandle( 1724): opChanged OP_PLAY_AUDIO callback received for 
01-22 20:08:49.533 I/AF::TrackHandle( 1724): opChanged OP_PLAY_AUDIO callback received for 
01-22 20:08:49.533 I/AF::TrackHandle( 1724): opChanged OP_PLAY_AUDIO callback received for 
01-22 20:08:49.533 I/AF::TrackHandle( 1724): opChanged OP_PLAY_AUDIO callback received for 
01-22 20:08:49.533 I/AF::TrackHandle( 1724): opChanged OP_PLAY_AUDIO callback received for 
01-22 20:08:49.533 I/AF::TrackHandle( 1724): opChanged OP_PLAY_AUDIO callback received for 
01-22 20:08:49.533 I/AF::TrackHandle( 1724): opChanged OP_PLAY_AUDIO callback received for 
01-22 20:08:49.533 I/AF::TrackHandle( 1724): opChanged OP_PLAY_AUDIO callback received for 
01-22 20:08:49.533 I/AF::TrackHandle( 1724): opChanged OP_PLAY_AUDIO callback received for 
01-22 20:08:49.533 I/AF::TrackHandle( 1724): opChanged OP_PLAY_AUDIO callback received for 
01-22 20:08:49.533 I/AF::TrackHandle( 1724): opChanged OP_PLAY_AUDIO callback received for 
01-22 20:08:49.534 I/AF::TrackHandle( 1724): opChanged OP_PLAY_AUDIO callback received for 
01-22 20:08:49.534 I/AF::TrackHandle( 1724): opChanged OP_PLAY_AUDIO callback received for 
01-22 20:08:49.534 I/AF::TrackHandle( 1724): opChanged OP_PLAY_AUDIO callback received for 
01-22 20:08:49.534 I/AF::TrackHandle( 1724): opChanged OP_PLAY_AUDIO callback received for 
01-22 20:08:49.534 I/AF::TrackHandle( 1724): opChanged OP_PLAY_AUDIO callback received for 
01-22 20:08:49.534 I/AF::TrackHandle( 1724): opChanged OP_PLAY_AUDIO callback received for 
01-22 20:08:49.533 I/AF::TrackHandle( 1724): opChanged OP_PLAY_AUDIO callback received for 
01-22 20:08:49.534 I/AF::TrackHandle( 1724): opChanged OP_PLAY_AUDIO callback received for 
01-22 20:08:49.534 I/AF::TrackHandle( 1724): opChanged OP_PLAY_AUDIO callback received for 
01-22 20:08:49.534 I/AF::TrackHandle( 1724): opChanged OP_PLAY_AUDIO callback received for 
01-22 20:08:49.534 I/AF::TrackHandle( 1724): opChanged OP_PLAY_AUDIO callback received for 
01-22 20:08:49.534 I/AF::TrackHandle( 1724): opChanged OP_PLAY_AUDIO callback received for 
01-22 20:08:49.534 I/AF::TrackHandle( 1724): opChanged OP_PLAY_AUDIO callback received for 
01-22 20:08:49.534 I/AF::TrackHandle( 1724): opChanged OP_PLAY_AUDIO callback received for 
01-22 20:08:49.534 I/AF::TrackHandle( 1724): opChanged OP_PLAY_AUDIO callback received for 
01-22 20:08:49.535 I/AF::TrackHandle( 1724): opChanged OP_PLAY_AUDIO callback received for 
01-22 20:08:49.535 I/AF::TrackHandle( 1724): opChanged OP_PLAY_AUDIO callback received for 
01-22 20:08:49.535 I/AF::TrackHandle( 1724): opChanged OP_PLAY_AUDIO callback received for 
01-22 20:08:49.535 I/AF::TrackHandle( 1724): opChanged OP_PLAY_AUDIO callback received for 
01-22 20:08:49.535 I/AF::TrackHandle( 1724): opChanged OP_PLAY_AUDIO callback received for 
01-22 20:08:49.535 I/AF::TrackHandle( 1724): opChanged OP_PLAY_AUDIO callback received for 
01-22 20:08:49.535 I/AF::TrackHandle( 1724): opChanged OP_PLAY_AUDIO callback received for 
01-22 20:08:49.535 I/AF::TrackHandle( 1724): opChanged OP_PLAY_AUDIO callback received for 
01-22 20:08:49.535 I/AF::TrackHandle( 1724): opChanged OP_PLAY_AUDIO callback received for 
01-22 20:08:49.535 I/AF::TrackHandle( 1724): opChanged OP_PLAY_AUDIO callback received for 
01-22 20:08:49.535 I/AF::TrackHandle( 1724): opChanged OP_PLAY_AUDIO callback received for 
01-22 20:08:49.535 I/AF::TrackHandle( 1724): opChanged OP_PLAY_AUDIO callback received for 
01-22 20:08:49.535 I/AF::TrackHandle( 1724): opChanged OP_PLAY_AUDIO callback received for 
01-22 20:08:49.535 I/AF::TrackHandle( 1724): opChanged OP_PLAY_AUDIO callback received for 
01-22 20:08:49.535 I/AF::TrackHandle( 1724): opChanged OP_PLAY_AUDIO callback received for 
01-22 20:08:49.536 I/AF::TrackHandle( 1724): opChanged OP_PLAY_AUDIO callback received for 
01-22 20:08:49.536 I/AF::TrackHandle( 1724): opChanged OP_PLAY_AUDIO callback received for 
01-22 20:08:49.536 I/AF::TrackHandle( 1724): opChanged OP_PLAY_AUDIO callback received for 
01-22 20:08:49.536 I/AF::TrackHandle( 1724): opChanged OP_PLAY_AUDIO callback received for 
01-22 20:08:49.536 I/AF::TrackHandle( 1724): opChanged OP_PLAY_AUDIO callback received for 
01-22 20:08:49.536 I/AF::TrackHandle( 1724): opChanged OP_PLAY_AUDIO callback received for 
01-22 20:08:49.536 I/AF::TrackHandle( 1724): opChanged OP_PLAY_AUDIO callback received for 
01-22 20:08:49.536 I/AF::TrackHandle( 1724): opChanged OP_PLAY_AUDIO callback received for 
01-22 20:08:49.536 I/AF::TrackHandle( 1724): opChanged OP_PLAY_AUDIO callback received for 
01-22 20:08:49.536 I/AF::TrackHandle( 1724): opChanged OP_PLAY_AUDIO callback received for 
01-22 20:08:49.536 I/AF::TrackHandle( 1724): opChanged OP_PLAY_AUDIO callback received for 
01-22 20:08:49.536 I/AF::TrackHandle( 1724): opChanged OP_PLAY_AUDIO callback received for 
01-22 20:08:49.536 I/AF::TrackHandle( 1724): opChanged OP_PLAY_AUDIO callback received for 
01-22 20:08:49.537 I/AF::TrackHandle( 1724): opChanged OP_PLAY_AUDIO callback received for 
01-22 20:08:49.537 I/AF::TrackHandle( 1724): opChanged OP_PLAY_AUDIO callback received for 
01-22 20:08:49.537 I/AF::TrackHandle( 1724): opChanged OP_PLAY_AUDIO callback received for 
01-22 20:08:49.537 I/AF::TrackHandle( 1724): opChanged OP_PLAY_AUDIO callback received for 
01-22 20:08:49.537 I/AF::TrackHandle( 1724): opChanged OP_PLAY_AUDIO callback received for 
01-22 20:08:49.537 I/AF::TrackHandle( 1724): opChanged OP_PLAY_AUDIO callback received for 
01-22 20:08:49.537 I/AF::TrackHandle( 1724): opChanged OP_PLAY_AUDIO callback received for 
01-22 20:08:49.537 I/AF::TrackHandle( 1724): opChanged OP_PLAY_AUDIO callback received for 
01-22 20:08:49.537 I/AF::TrackHandle( 1724): opChanged OP_PLAY_AUDIO callback received for 
01-22 20:08:49.537 I/AF::TrackHandle( 1724): opChanged OP_PLAY_AUDIO callback received for 
01-22 20:08:49.537 I/AF::TrackHandle( 1724): opChanged OP_PLAY_AUDIO callback received for 
01-22 20:08:49.538 I/AF::TrackHandle( 1724): opChanged OP_PLAY_AUDIO callback received for 
01-22 20:08:49.538 I/AF::TrackHandle( 1724): opChanged OP_PLAY_AUDIO callback received for 
01-22 20:08:49.538 I/AF::TrackHandle( 1724): opChanged OP_PLAY_AUDIO callback received for 
01-22 20:08:49.538 I/AF::TrackHandle( 1724): opChanged OP_PLAY_AUDIO callback received for 
01-22 20:08:49.538 I/AF::TrackHandle( 1724): opChanged OP_PLAY_AUDIO callback received for 
01-22 20:08:49.538 I/AF::TrackHandle( 1724): opChanged OP_PLAY_AUDIO callback received for 
01-22 20:08:49.538 I/AF::TrackHandle( 1724): opChanged OP_PLAY_AUDIO callback received for 
01-22 20:08:49.538 I/AF::TrackHandle( 1724): opChanged OP_PLAY_AUDIO callback received for 
01-22 20:08:49.539 I/AF::TrackHandle( 1724): opChanged OP_PLAY_AUDIO callback received for 
01-22 20:08:49.539 I/AF::TrackHandle( 1724): opChanged OP_PLAY_AUDIO callback received for 
01-22 20:08:49.539 I/AF::TrackHandle( 1724): opChanged OP_PLAY_AUDIO callback received for 
01-22 20:08:49.540 I/AF::TrackHandle( 1724): opChanged OP_PLAY_AUDIO callback received for 
01-22 20:08:49.540 I/AF::TrackHandle( 1724): opChanged OP_PLAY_AUDIO callback received for 
01-22 20:08:49.540 I/AF::TrackHandle( 1724): opChanged OP_PLAY_AUDIO callback received for 
01-22 20:08:49.540 I/AF::TrackHandle( 1724): opChanged OP_PLAY_AUDIO callback received for 
01-22 20:08:49.541 I/AF::TrackHandle( 1724): opChanged OP_PLAY_AUDIO callback received for 
01-22 20:08:49.541 I/AF::TrackHandle( 1724): opChanged OP_PLAY_AUDIO callback received for 
01-22 20:08:49.541 I/AF::TrackHandle( 1724): opChanged OP_PLAY_AUDIO callback received for 
01-22 20:08:49.541 I/AF::TrackHandle( 1724): opChanged OP_PLAY_AUDIO callback received for 
01-22 20:08:49.542 I/AF::TrackHandle( 1724): opChanged OP_PLAY_AUDIO callback received for 
01-22 20:08:49.542 I/AF::TrackHandle( 1724): opChanged OP_PLAY_AUDIO callback received for 
01-22 20:08:49.542 I/AF::TrackHandle( 1724): opChanged OP_PLAY_AUDIO callback received for 
01-22 20:08:49.542 I/AF::TrackHandle( 1724): opChanged OP_PLAY_AUDIO callback received for 
01-22 20:08:49.542 I/AF::TrackHandle( 1724): opChanged OP_PLAY_AUDIO callback received for 
01-22 20:08:49.542 I/AF::TrackHandle( 1724): opChanged OP_PLAY_AUDIO callback received for 
01-22 20:08:49.558 I/HoneySpace.StatusIconTracker( 4735): invokeEvent() called with: event = PrivacyInfo(visible=false)
01-22 20:08:49.558 I/HoneySpace.StatusIconTracker( 4735): invokeEvent() called with: event = PrivacyInfo(visible=false)
01-22 20:08:49.620 W/ResponseHandler(26657): IOException occurred on response
01-22 20:08:49.621 E/ResponseHandler(26657): com.amazon.alexa.client.alexaservice.networking.response.parser.AlexaMultipartStream$MalformedStreamException: Stream ended unexpectedly
01-22 20:08:49.621 E/ResponseHandler(26657): 	at com.amazon.alexa.utils.concurrent.ExceptionLoggingScheduledThreadPoolExecutor$NamedTaskFuture.run(Unknown Source:2)
01-22 20:08:49.621 E/LoggingRejectionExecutionHandler(26657): rejected execution of com.amazon.alexa.client.alexaservice.eventing.AsynchronousAlexaClientEventBus$PostAsyncRunnable@d24b878 on: com.amazon.alexa.utils.concurrent.ExceptionLoggingThreadPoolExecutor@da74b51[Terminated, pool size = 0, active threads = 0, queued tasks = 0, completed tasks = 376], named: event-bus
01-22 20:08:49.622 E/LoggingRejectionExecutionHandler(26657): rejected execution of com.amazon.alexa.client.alexaservice.eventing.AsynchronousAlexaClientEventBus$PostAsyncRunnable@ad3efb6 on: com.amazon.alexa.utils.concurrent.ExceptionLoggingThreadPoolExecutor@da74b51[Terminated, pool size = 0, active threads = 0, queued tasks = 0, completed tasks = 376], named: event-bus
01-22 20:08:49.629 E/LoggingRejectionExecutionHandler(26657): rejected execution of com.amazon.alexa.client.alexaservice.eventing.AsynchronousAlexaClientEventBus$PostAsyncRunnable@ec44b8d on: com.amazon.alexa.utils.concurrent.ExceptionLoggingThreadPoolExecutor@da74b51[Terminated, pool size = 0, active threads = 0, queued tasks = 0, completed tasks = 376], named: event-bus
01-22 20:08:49.629 E/LoggingRejectionExecutionHandler(26657): rejected execution of com.amazon.alexa.client.alexaservice.eventing.AsynchronousAlexaClientEventBus$PostAsyncRunnable@10be553 on: com.amazon.alexa.utils.concurrent.ExceptionLoggingThreadPoolExecutor@da74b51[Terminated, pool size = 0, active threads = 0, queued tasks = 0, completed tasks = 376], named: event-bus
01-22 20:08:50.893 E/SQLiteLog(22539): (10) POSIX Error : 11 SQLite Error : 3850
01-22 20:08:51.272 E/SQLiteLog(22539): (10) POSIX Error : 11 SQLite Error : 3850
01-22 20:08:51.586 E/SQLiteLog(22539): (10) POSIX Error : 11 SQLite Error : 3850
01-22 20:08:52.108 E/SQLiteLog(22539): (10) POSIX Error : 11 SQLite Error : 3850
01-22 20:08:52.559 E/DCU_ContactsLogService(22539): java.util.concurrent.ExecutionException: ftqn: sync policy is not enabled
01-22 20:08:52.643 E/SQLiteLog(22539): (10) POSIX Error : 11 SQLite Error : 3850
01-22 20:08:53.096 E/SQLiteLog(22539): (10) POSIX Error : 11 SQLite Error : 3850
01-22 20:08:53.672 E/SQLiteLog(22539): (10) POSIX Error : 11 SQLite Error : 3850
01-22 20:08:53.707 I/HoneySpace.StatusIconTracker( 4735): invokeEvent() called with: event = Mobile(bundle=Bundle[mParcelledData.dataSize=256])
01-22 20:08:53.731 E/DatabaseUtils( 2561): java.lang.SecurityException: com.jamworks.alwaysondisplay was not granted  this permission: android.permission.WRITE_SETTINGS.
01-22 20:08:53.731 E/DatabaseUtils( 2561): java.lang.SecurityException: com.jamworks.alwaysondisplay was not granted  this permission: android.permission.WRITE_SETTINGS.
01-22 20:08:54.617 I/HoneySpace.StatusIconTracker( 4735): invokeEvent() called with: event = PrivacyInfo(visible=false)
01-22 20:08:54.742 I/SamsungAnalytics605079(12153): Tracker start:6.05.079
01-22 20:08:54.860 W/ProcessStats( 2561): Tracking association SourceState{971d267 com.samsung.wearable.watch7plugin/10554 BFgs #1536312} whose proc state 4 is better than process ProcessState{b141704 com.sec.android.daemonapp:weather_content_provider/10221 pkg=com.sec.android.daemonapp} proc state 5 (82 skipped)
01-22 20:08:54.958 E/SQLiteLog(22539): (10) POSIX Error : 11 SQLite Error : 3850
01-22 20:08:55.019 E/SEMS:Registration_13.8.01(12153): [ActivateLog][RxCachedThreadScheduler-3][SocialActivateAccountBasedImpl] Error(errorCode=1005, errorMsg=PACKAGE_NOT_INSTALLED)
01-22 20:08:55.043 E/SEMS:Registration_13.8.01(12153): [ActivateLog][RxCachedThreadScheduler-3][SocialActivateAccountBasedImpl] Error(errorCode=1005, errorMsg=PACKAGE_NOT_INSTALLED)
01-22 20:08:55.357 E/SQLiteLog(22539): (10) POSIX Error : 11 SQLite Error : 3850
01-22 20:08:55.357 E/SQLiteLog(22539): (10) POSIX Error : 11 SQLite Error : 3850
01-22 20:08:55.358 E/SQLiteLog(22539): (10) POSIX Error : 11 SQLite Error : 3850
01-22 20:08:55.358 E/SQLiteLog(22539): (10) POSIX Error : 11 SQLite Error : 3850
01-22 20:08:55.358 E/SQLiteLog(22539): (10) POSIX Error : 11 SQLite Error : 3850
01-22 20:08:55.359 E/SQLiteLog(22539): (10) POSIX Error : 11 SQLite Error : 3850
01-22 20:08:55.359 E/SQLiteLog(22539): (10) POSIX Error : 11 SQLite Error : 3850
01-22 20:08:55.359 E/SQLiteLog(22539): (10) POSIX Error : 11 SQLite Error : 3850
01-22 20:08:57.035 I/NearbyMediums(22497): Current Tracked Scanning Clients are : {NearbyConnections.EnvironmentMonitor, NearbyConnections.TxAdvertisement}
01-22 20:08:58.345 I/AF::TrackHandle( 1724): opChanged OP_PLAY_AUDIO callback received for 
01-22 20:08:58.345 I/AF::TrackHandle( 1724): opChanged OP_PLAY_AUDIO callback received for 
01-22 20:08:58.346 I/AF::TrackHandle( 1724): opChanged OP_PLAY_AUDIO callback received for 
01-22 20:08:58.346 I/AF::TrackHandle( 1724): opChanged OP_PLAY_AUDIO callback received for 
01-22 20:08:58.346 I/AF::TrackHandle( 1724): opChanged OP_PLAY_AUDIO callback received for 
01-22 20:08:58.346 I/AF::TrackHandle( 1724): opChanged OP_PLAY_AUDIO callback received for 
01-22 20:08:58.346 I/AF::TrackHandle( 1724): opChanged OP_PLAY_AUDIO callback received for 
01-22 20:08:58.346 I/AF::TrackHandle( 1724): opChanged OP_PLAY_AUDIO callback received for 
01-22 20:08:58.346 I/AF::TrackHandle( 1724): opChanged OP_PLAY_AUDIO callback received for 
01-22 20:08:58.346 I/AF::TrackHandle( 1724): opChanged OP_PLAY_AUDIO callback received for 
01-22 20:08:58.346 I/AF::TrackHandle( 1724): opChanged OP_PLAY_AUDIO callback received for 
01-22 20:08:58.346 I/AF::TrackHandle( 1724): opChanged OP_PLAY_AUDIO callback received for 
01-22 20:08:58.347 I/AF::TrackHandle( 1724): opChanged OP_PLAY_AUDIO callback received for 
01-22 20:08:58.347 I/AF::TrackHandle( 1724): opChanged OP_PLAY_AUDIO callback received for 
01-22 20:08:58.347 I/AF::TrackHandle( 1724): opChanged OP_PLAY_AUDIO callback received for 
01-22 20:08:58.347 I/AF::TrackHandle( 1724): opChanged OP_PLAY_AUDIO callback received for 
01-22 20:08:58.347 I/AF::TrackHandle( 1724): opChanged OP_PLAY_AUDIO callback received for 
01-22 20:08:58.347 I/AF::TrackHandle( 1724): opChanged OP_PLAY_AUDIO callback received for 
01-22 20:08:58.347 I/AF::TrackHandle( 1724): opChanged OP_PLAY_AUDIO callback received for 
01-22 20:08:58.348 I/AF::TrackHandle( 1724): opChanged OP_PLAY_AUDIO callback received for 
01-22 20:08:58.348 I/AF::TrackHandle( 1724): opChanged OP_PLAY_AUDIO callback received for 
01-22 20:08:58.348 I/AF::TrackHandle( 1724): opChanged OP_PLAY_AUDIO callback received for 
01-22 20:08:58.349 I/AF::TrackHandle( 1724): opChanged OP_PLAY_AUDIO callback received for 
01-22 20:08:58.349 I/AF::TrackHandle( 1724): opChanged OP_PLAY_AUDIO callback received for 
01-22 20:08:58.349 I/AF::TrackHandle( 1724): opChanged OP_PLAY_AUDIO callback received for 
01-22 20:08:58.349 I/AF::TrackHandle( 1724): opChanged OP_PLAY_AUDIO callback received for 
01-22 20:08:58.350 I/AF::TrackHandle( 1724): opChanged OP_PLAY_AUDIO callback received for 
01-22 20:08:58.350 I/AF::TrackHandle( 1724): opChanged OP_PLAY_AUDIO callback received for 
01-22 20:08:58.350 I/AF::TrackHandle( 1724): opChanged OP_PLAY_AUDIO callback received for 
01-22 20:08:58.350 I/AF::TrackHandle( 1724): opChanged OP_PLAY_AUDIO callback received for 
01-22 20:08:58.350 I/AF::TrackHandle( 1724): opChanged OP_PLAY_AUDIO callback received for 
01-22 20:08:58.350 I/AF::TrackHandle( 1724): opChanged OP_PLAY_AUDIO callback received for 
01-22 20:08:58.350 I/AF::TrackHandle( 1724): opChanged OP_PLAY_AUDIO callback received for 
01-22 20:08:58.350 I/AF::TrackHandle( 1724): opChanged OP_PLAY_AUDIO callback received for 
01-22 20:08:58.351 I/AF::TrackHandle( 1724): opChanged OP_PLAY_AUDIO callback received for 
01-22 20:08:58.351 I/AF::TrackHandle( 1724): opChanged OP_PLAY_AUDIO callback received for 
01-22 20:08:58.351 I/AF::TrackHandle( 1724): opChanged OP_PLAY_AUDIO callback received for 
01-22 20:08:58.351 I/AF::TrackHandle( 1724): opChanged OP_PLAY_AUDIO callback received for 
01-22 20:08:58.351 I/AF::TrackHandle( 1724): opChanged OP_PLAY_AUDIO callback received for 
01-22 20:08:58.351 I/AF::TrackHandle( 1724): opChanged OP_PLAY_AUDIO callback received for 
01-22 20:08:58.351 I/AF::TrackHandle( 1724): opChanged OP_PLAY_AUDIO callback received for 
01-22 20:08:58.351 I/AF::TrackHandle( 1724): opChanged OP_PLAY_AUDIO callback received for 
01-22 20:08:58.351 I/AF::TrackHandle( 1724): opChanged OP_PLAY_AUDIO callback received for 
01-22 20:08:58.351 I/AF::TrackHandle( 1724): opChanged OP_PLAY_AUDIO callback received for 
01-22 20:08:58.351 I/AF::TrackHandle( 1724): opChanged OP_PLAY_AUDIO callback received for 
01-22 20:08:58.352 I/AF::TrackHandle( 1724): opChanged OP_PLAY_AUDIO callback received for 
01-22 20:08:58.352 I/AF::TrackHandle( 1724): opChanged OP_PLAY_AUDIO callback received for 
01-22 20:08:58.352 I/AF::TrackHandle( 1724): opChanged OP_PLAY_AUDIO callback received for 
01-22 20:08:58.352 I/AF::TrackHandle( 1724): opChanged OP_PLAY_AUDIO callback received for 
01-22 20:08:58.352 I/AF::TrackHandle( 1724): opChanged OP_PLAY_AUDIO callback received for 
01-22 20:08:58.352 I/AF::TrackHandle( 1724): opChanged OP_PLAY_AUDIO callback received for 
01-22 20:08:58.352 I/AF::TrackHandle( 1724): opChanged OP_PLAY_AUDIO callback received for 
01-22 20:08:58.352 I/AF::TrackHandle( 1724): opChanged OP_PLAY_AUDIO callback received for 
01-22 20:08:58.352 I/AF::TrackHandle( 1724): opChanged OP_PLAY_AUDIO callback received for 
01-22 20:08:58.352 I/AF::TrackHandle( 1724): opChanged OP_PLAY_AUDIO callback received for 
01-22 20:08:58.352 I/AF::TrackHandle( 1724): opChanged OP_PLAY_AUDIO callback received for 
01-22 20:08:58.352 I/AF::TrackHandle( 1724): opChanged OP_PLAY_AUDIO callback received for 
01-22 20:08:58.352 I/AF::TrackHandle( 1724): opChanged OP_PLAY_AUDIO callback received for 
01-22 20:08:58.353 I/AF::TrackHandle( 1724): opChanged OP_PLAY_AUDIO callback received for 
01-22 20:08:58.353 I/AF::TrackHandle( 1724): opChanged OP_PLAY_AUDIO callback received for 
01-22 20:08:58.353 I/AF::TrackHandle( 1724): opChanged OP_PLAY_AUDIO callback received for 
01-22 20:08:58.353 I/AF::TrackHandle( 1724): opChanged OP_PLAY_AUDIO callback received for 
01-22 20:08:58.353 I/AF::TrackHandle( 1724): opChanged OP_PLAY_AUDIO callback received for 
01-22 20:08:58.353 I/AF::TrackHandle( 1724): opChanged OP_PLAY_AUDIO callback received for 
01-22 20:08:58.353 I/AF::TrackHandle( 1724): opChanged OP_PLAY_AUDIO callback received for 
01-22 20:08:58.353 I/AF::TrackHandle( 1724): opChanged OP_PLAY_AUDIO callback received for 
01-22 20:08:58.353 I/AF::TrackHandle( 1724): opChanged OP_PLAY_AUDIO callback received for 
01-22 20:08:58.353 I/AF::TrackHandle( 1724): opChanged OP_PLAY_AUDIO callback received for 
01-22 20:08:58.353 I/AF::TrackHandle( 1724): opChanged OP_PLAY_AUDIO callback received for 
01-22 20:08:58.353 I/AF::TrackHandle( 1724): opChanged OP_PLAY_AUDIO callback received for 
01-22 20:08:58.353 I/AF::TrackHandle( 1724): opChanged OP_PLAY_AUDIO callback received for 
01-22 20:08:58.353 I/AF::TrackHandle( 1724): opChanged OP_PLAY_AUDIO callback received for 
01-22 20:08:58.354 I/AF::TrackHandle( 1724): opChanged OP_PLAY_AUDIO callback received for 
01-22 20:08:58.354 I/AF::TrackHandle( 1724): opChanged OP_PLAY_AUDIO callback received for 
01-22 20:08:58.354 I/AF::TrackHandle( 1724): opChanged OP_PLAY_AUDIO callback received for 
01-22 20:08:58.354 I/AF::TrackHandle( 1724): opChanged OP_PLAY_AUDIO callback received for 
01-22 20:08:58.354 I/AF::TrackHandle( 1724): opChanged OP_PLAY_AUDIO callback received for 
01-22 20:08:58.354 I/AF::TrackHandle( 1724): opChanged OP_PLAY_AUDIO callback received for 
01-22 20:08:58.354 I/AF::TrackHandle( 1724): opChanged OP_PLAY_AUDIO callback received for 
01-22 20:08:58.354 I/AF::TrackHandle( 1724): opChanged OP_PLAY_AUDIO callback received for 
01-22 20:08:58.354 I/AF::TrackHandle( 1724): opChanged OP_PLAY_AUDIO callback received for 
01-22 20:08:58.354 I/AF::TrackHandle( 1724): opChanged OP_PLAY_AUDIO callback received for 
01-22 20:08:58.354 I/AF::TrackHandle( 1724): opChanged OP_PLAY_AUDIO callback received for 
01-22 20:08:58.355 I/AF::TrackHandle( 1724): opChanged OP_PLAY_AUDIO callback received for 
01-22 20:08:58.355 I/AF::TrackHandle( 1724): opChanged OP_PLAY_AUDIO callback received for 
01-22 20:08:58.355 I/AF::TrackHandle( 1724): opChanged OP_PLAY_AUDIO callback received for 
01-22 20:08:58.355 I/AF::TrackHandle( 1724): opChanged OP_PLAY_AUDIO callback received for 
01-22 20:08:58.355 I/AF::TrackHandle( 1724): opChanged OP_PLAY_AUDIO callback received for 
01-22 20:08:58.355 I/AF::TrackHandle( 1724): opChanged OP_PLAY_AUDIO callback received for 
01-22 20:08:58.356 I/AF::TrackHandle( 1724): opChanged OP_PLAY_AUDIO callback received for 
01-22 20:08:58.356 I/AF::TrackHandle( 1724): opChanged OP_PLAY_AUDIO callback received for 
01-22 20:08:58.356 I/AF::TrackHandle( 1724): opChanged OP_PLAY_AUDIO callback received for 
01-22 20:08:58.356 I/AF::TrackHandle( 1724): opChanged OP_PLAY_AUDIO callback received for 
01-22 20:08:58.356 I/AF::TrackHandle( 1724): opChanged OP_PLAY_AUDIO callback received for 
01-22 20:08:58.357 I/AF::TrackHandle( 1724): opChanged OP_PLAY_AUDIO callback received for 
01-22 20:08:58.357 I/AF::TrackHandle( 1724): opChanged OP_PLAY_AUDIO callback received for 
01-22 20:08:58.357 I/AF::TrackHandle( 1724): opChanged OP_PLAY_AUDIO callback received for 
01-22 20:08:58.357 I/AF::TrackHandle( 1724): opChanged OP_PLAY_AUDIO callback received for 
01-22 20:08:58.359 I/AF::TrackHandle( 1724): opChanged OP_PLAY_AUDIO callback received for 
01-22 20:08:58.359 I/AF::TrackHandle( 1724): opChanged OP_PLAY_AUDIO callback received for 
01-22 20:08:58.359 I/AF::TrackHandle( 1724): opChanged OP_PLAY_AUDIO callback received for 
01-22 20:08:58.359 I/AF::TrackHandle( 1724): opChanged OP_PLAY_AUDIO callback received for 
01-22 20:08:58.359 I/AF::TrackHandle( 1724): opChanged OP_PLAY_AUDIO callback received for 
01-22 20:08:58.359 I/AF::TrackHandle( 1724): opChanged OP_PLAY_AUDIO callback received for 
01-22 20:08:58.359 I/AF::TrackHandle( 1724): opChanged OP_PLAY_AUDIO callback received for 
01-22 20:08:58.359 I/AF::TrackHandle( 1724): opChanged OP_PLAY_AUDIO callback received for 
01-22 20:08:58.359 I/AF::TrackHandle( 1724): opChanged OP_PLAY_AUDIO callback received for 
01-22 20:08:58.359 I/AF::TrackHandle( 1724): opChanged OP_PLAY_AUDIO callback received for 
01-22 20:08:58.359 I/AF::TrackHandle( 1724): opChanged OP_PLAY_AUDIO callback received for 
01-22 20:08:58.360 I/AF::TrackHandle( 1724): opChanged OP_PLAY_AUDIO callback received for 
01-22 20:08:58.360 I/AF::TrackHandle( 1724): opChanged OP_PLAY_AUDIO callback received for 
01-22 20:08:58.360 I/AF::TrackHandle( 1724): opChanged OP_PLAY_AUDIO callback received for 
01-22 20:08:58.360 I/AF::TrackHandle( 1724): opChanged OP_PLAY_AUDIO callback received for 
01-22 20:08:58.360 I/AF::TrackHandle( 1724): opChanged OP_PLAY_AUDIO callback received for 
01-22 20:08:58.360 I/AF::TrackHandle( 1724): opChanged OP_PLAY_AUDIO callback received for 
01-22 20:08:58.360 I/AF::TrackHandle( 1724): opChanged OP_PLAY_AUDIO callback received for 
01-22 20:08:58.360 I/AF::TrackHandle( 1724): opChanged OP_PLAY_AUDIO callback received for 
01-22 20:08:58.360 I/AF::TrackHandle( 1724): opChanged OP_PLAY_AUDIO callback received for 
01-22 20:08:58.360 I/AF::TrackHandle( 1724): opChanged OP_PLAY_AUDIO callback received for 
01-22 20:08:58.360 I/AF::TrackHandle( 1724): opChanged OP_PLAY_AUDIO callback received for 
01-22 20:08:58.361 I/AF::TrackHandle( 1724): opChanged OP_PLAY_AUDIO callback received for 
01-22 20:08:58.361 I/AF::TrackHandle( 1724): opChanged OP_PLAY_AUDIO callback received for 
01-22 20:08:58.361 I/AF::TrackHandle( 1724): opChanged OP_PLAY_AUDIO callback received for 
01-22 20:08:58.361 I/AF::TrackHandle( 1724): opChanged OP_PLAY_AUDIO callback received for 
01-22 20:08:58.361 I/AF::TrackHandle( 1724): opChanged OP_PLAY_AUDIO callback received for 
01-22 20:08:58.361 I/AF::TrackHandle( 1724): opChanged OP_PLAY_AUDIO callback received for 
01-22 20:08:58.361 I/AF::TrackHandle( 1724): opChanged OP_PLAY_AUDIO callback received for 
01-22 20:08:58.361 I/AF::TrackHandle( 1724): opChanged OP_PLAY_AUDIO callback received for 
01-22 20:08:58.361 I/AF::TrackHandle( 1724): opChanged OP_PLAY_AUDIO callback received for 
01-22 20:08:58.361 I/AF::TrackHandle( 1724): opChanged OP_PLAY_AUDIO callback received for 
01-22 20:08:58.361 I/AF::TrackHandle( 1724): opChanged OP_PLAY_AUDIO callback received for 
01-22 20:08:58.361 I/AF::TrackHandle( 1724): opChanged OP_PLAY_AUDIO callback received for 
01-22 20:08:58.361 I/AF::TrackHandle( 1724): opChanged OP_PLAY_AUDIO callback received for 
01-22 20:08:58.362 I/AF::TrackHandle( 1724): opChanged OP_PLAY_AUDIO callback received for 
01-22 20:08:58.362 I/AF::TrackHandle( 1724): opChanged OP_PLAY_AUDIO callback received for 
01-22 20:08:58.362 I/AF::TrackHandle( 1724): opChanged OP_PLAY_AUDIO callback received for 
01-22 20:08:58.362 I/AF::TrackHandle( 1724): opChanged OP_PLAY_AUDIO callback received for 
01-22 20:08:58.362 I/AF::TrackHandle( 1724): opChanged OP_PLAY_AUDIO callback received for 
01-22 20:08:58.362 I/AF::TrackHandle( 1724): opChanged OP_PLAY_AUDIO callback received for 
01-22 20:08:58.362 I/AF::TrackHandle( 1724): opChanged OP_PLAY_AUDIO callback received for 
01-22 20:08:58.362 I/AF::TrackHandle( 1724): opChanged OP_PLAY_AUDIO callback received for 
01-22 20:08:58.362 I/AF::TrackHandle( 1724): opChanged OP_PLAY_AUDIO callback received for 
01-22 20:08:58.362 I/AF::TrackHandle( 1724): opChanged OP_PLAY_AUDIO callback received for 
01-22 20:08:58.362 I/AF::TrackHandle( 1724): opChanged OP_PLAY_AUDIO callback received for 
01-22 20:08:59.052 W/System.err(12242): java.lang.NullPointerException: Attempt to invoke virtual method 'android.os.Bundle com.samsung.android.knox.SemEnterpriseDeviceManager.getApplicationRestrictions(java.lang.String, int)' on a null object reference
01-22 20:08:59.121 I/[SCPMV2][GetLastError](12242): execute
01-22 20:08:59.401 W/chromium(22732): [WARNING:components/sync/engine/syncer_proto_util.cc:430] Error posting from syncer: Response Code (bogus on error): -1 Content-Length (bogus on error): -1 Server Status: CONNECTION_UNAVAILABLE
01-22 20:09:00.280 I/ImsTelephonyStateTracker(15163): [D] onServiceStateChanged()
01-22 20:09:00.281 I/ImsTelephonyStateTracker(15163): [D] onServiceStateChanged()
01-22 20:09:00.299 I/HoneySpace.StatusIconTracker( 4735): invokeEvent() called with: event = PrivacyInfo(visible=false)
01-22 20:09:00.317 I/HoneySpace.StatusIconTracker( 4735): invokeEvent() called with: event = PrivacyInfo(visible=false)
01-22 20:09:03.345 D/ConnectivityService( 2561): requestNetwork for uid/pid:10123/12153 activeRequest: null callbackRequest: 39456 [NetworkRequest [ REQUEST id=39457, [ Capabilities: INTERNET&NOT_RESTRICTED&TRUSTED&NOT_VCN_MANAGED&NOT_BANDWIDTH_CONSTRAINED Uid: 10123 RequestorUid: 10123 RequestorPkg: com.samsung.android.mobileservice UnderlyingNetworks: Null] ]] callback flags: 0 order: 2147483647 isUidTracked: false declaredMethods: AVAIL|LOST|NC
01-22 20:09:03.764 E/DatabaseUtils( 2561): java.lang.SecurityException: com.jamworks.alwaysondisplay was not granted  this permission: android.permission.WRITE_SETTINGS.
01-22 20:09:03.765 E/DatabaseUtils( 2561): java.lang.SecurityException: com.jamworks.alwaysondisplay was not granted  this permission: android.permission.WRITE_SETTINGS.
01-22 20:09:05.288 I/HoneySpace.StatusIconTracker( 4735): invokeEvent() called with: event = PrivacyInfo(visible=false)
01-22 20:09:05.306 I/HoneySpace.StatusIconTracker( 4735): invokeEvent() called with: event = PrivacyInfo(visible=false)
01-22 20:09:07.412 I/HoneySpace.StatusIconTracker( 4735): invokeEvent() called with: event = Mobile(bundle=Bundle[mParcelledData.dataSize=256])
01-22 20:09:08.398 W/ProcessStats( 2561): Tracking association SourceState{971d267 com.samsung.wearable.watch7plugin/10554 BFgs #1536466} whose proc state 4 is better than process ProcessState{b141704 com.sec.android.daemonapp:weather_content_provider/10221 pkg=com.sec.android.daemonapp} proc state 5 (18 skipped)
01-22 20:09:12.037 I/NearbyMediums(22497): Current Tracked Scanning Clients are : {NearbyConnections.EnvironmentMonitor, NearbyConnections.TxAdvertisement}
01-22 20:09:13.041 E/HQSession.cpp(28043): Connection closed with error err=Transport error: 1 msg=Error on socket write Operation not permitted, Operation not permitted proto=, client CID=, server CID=, local=<uninitialized address>, <uninitialized address>=upstream, drain=none
01-22 20:09:18.264 D/WM-ConstraintTracker(11737): nhe: initial state = true
01-22 20:09:18.267 D/WM-ConstraintTracker(11737): nhp: initial state = NetworkState(isConnected=false, isValidated=false, isMetered=true, isNotRoaming=true, isBlocked=false)
01-22 20:09:18.267 D/WM-NetworkStateTracker(11737): Registering network callback
01-22 20:09:18.272 D/ConnectivityService( 2561): requestNetwork for uid/pid:10262/11737 activeRequest: null callbackRequest: 39458 [NetworkRequest [ REQUEST id=39459, [ Capabilities: INTERNET&NOT_RESTRICTED&TRUSTED&NOT_VCN_MANAGED&NOT_BANDWIDTH_CONSTRAINED Uid: 10262 RequestorUid: 10262 RequestorPkg: com.google.android.googlequicksearchbox UnderlyingNetworks: Null] ]] callback flags: 0 order: 2147483647 isUidTracked: false declaredMethods: AVAIL|LOST|NC|BLK
01-22 20:09:18.276 D/WM-NetworkStateTracker(11737): Network capabilities changed: [ Transports: WIFI Capabilities: NOT_METERED&INTERNET&NOT_RESTRICTED&TRUSTED&NOT_VPN&VALIDATED&NOT_ROAMING&FOREGROUND&NOT_CONGESTED&NOT_SUSPENDED&NOT_VCN_MANAGED&NOT_BANDWIDTH_CONSTRAINED LinkUpBandwidth>=26126Kbps LinkDnBandwidth>=88296Kbps TransportInfo: <SSID: <unknown ssid>, BSSID: 02:00:00:00:00:00, MAC: 02:00:00:00:00:00, IP: /192.168.1.62, Security type: 2, Supplicant state: COMPLETED, Wi-Fi standard: 11ac, RSSI: -22, Link speed: 866Mbps, Tx Link speed: 866Mbps, Max Supported Tx Link speed: 866Mbps, Rx Link speed: 866Mbps, Max Supported Rx Link speed: 866Mbps, Frequency: 5220MHz, Net ID: -1, Metered hint: false, score: 30, isUsable: true, CarrierMerged: false, SubscriptionId: -1, IsPrimary: -1, Trusted: true, Restricted: false, Ephemeral: false, OEM paid: false, OEM private: false, OSU AP: false, FQDN: <none>, Provider friendly name: <none>, Requesting package name: <none><none>MLO Information: , Is TID-To-Link negotiation supported by the AP: false, AP MLD Address: <none>, AP MLO Link Id: <none>, AP MLO Affiliated links: <none>, Vendor Data: <none>> SignalStrength: -22 UnderlyingNetworks: Null]
01-22 20:09:18.701 W/ffvs    (23773): java.lang.NoSuchMethodException: eoap.getScopes []
01-22 20:09:18.900 E/erar    (23773): Caused by: java.net.UnknownHostException: Unable to resolve host "geller-pa.googleapis.com": No address associated with hostname
01-22 20:09:18.900 E/erar    (23773): Caused by: android.system.GaiException: android_getaddrinfo failed: EAI_NODATA (No address associated with hostname)
01-22 20:09:18.900 E/erar    (23773): Caused by: java.net.UnknownHostException: Unable to resolve host "geller-pa.googleapis.com": No address associated with hostname
01-22 20:09:18.900 E/erar    (23773): Caused by: java.net.UnknownHostException: Unable to resolve host "geller-pa.googleapis.com": No address associated with hostname
01-22 20:09:18.900 E/erar    (23773): Caused by: java.net.UnknownHostException: Unable to resolve host "geller-pa.googleapis.com": No address associated with hostname
01-22 20:09:18.900 E/erar    (23773): Caused by: android.system.GaiException: android_getaddrinfo failed: EAI_NODATA (No address associated with hostname)
01-22 20:09:18.904 E/erar    (23773): Caused by: java.net.UnknownHostException: Unable to resolve host "geller-pa.googleapis.com": No address associated with hostname
01-22 20:09:18.904 E/erar    (23773): Caused by: java.net.UnknownHostException: Unable to resolve host "geller-pa.googleapis.com": No address associated with hostname
01-22 20:09:18.904 E/erar    (23773): Caused by: java.net.UnknownHostException: Unable to resolve host "geller-pa.googleapis.com": No address associated with hostname
01-22 20:09:18.904 E/erar    (23773): Caused by: java.net.UnknownHostException: Unable to resolve host "geller-pa.googleapis.com": No address associated with hostname
01-22 20:09:18.906 E/erar    (23773): Caused by: java.net.UnknownHostException: Unable to resolve host "geller-pa.googleapis.com": No address associated with hostname
01-22 20:09:18.906 E/erar    (23773): Caused by: java.net.UnknownHostException: Unable to resolve host "geller-pa.googleapis.com": No address associated with hostname
01-22 20:09:18.906 E/erar    (23773): Caused by: java.net.UnknownHostException: Unable to resolve host "geller-pa.googleapis.com": No address associated with hostname
01-22 20:09:18.906 E/erar    (23773): Caused by: java.net.UnknownHostException: Unable to resolve host "geller-pa.googleapis.com": No address associated with hostname
01-22 20:09:18.913 E/erar    (23773): Caused by: java.net.UnknownHostException: Unable to resolve host "geller-pa.googleapis.com": No address associated with hostname
01-22 20:09:18.913 E/erar    (23773): Caused by: android.system.GaiException: android_getaddrinfo failed: EAI_NODATA (No address associated with hostname)
01-22 20:09:18.913 E/erar    (23773): Caused by: java.net.UnknownHostException: Unable to resolve host "geller-pa.googleapis.com": No address associated with hostname
01-22 20:09:18.913 E/erar    (23773): Caused by: java.net.UnknownHostException: Unable to resolve host "geller-pa.googleapis.com": No address associated with hostname
01-22 20:09:18.913 E/erar    (23773): Caused by: java.net.UnknownHostException: Unable to resolve host "geller-pa.googleapis.com": No address associated with hostname
01-22 20:09:18.913 E/erar    (23773): Caused by: android.system.GaiException: android_getaddrinfo failed: EAI_NODATA (No address associated with hostname)
01-22 20:09:18.916 E/erar    (23773): Caused by: java.net.UnknownHostException: Unable to resolve host "geller-pa.googleapis.com": No address associated with hostname
