01-22 20:09:33.882 I/CameraService( 2149): startCameraStreamingOps: Start camera streaming ops, package name = com.tres3.videochat, client UID = 11275
01-22 20:09:33.883 I/CameraServiceProxyWrapper( 2149): updateProxyDeviceState: notifyCameraState for Camera ID 1, newState 1, facing 1, clientName com.tres3.videochat, apiLevel 2
01-22 20:09:33.883 I/CameraManagerGlobal( 2561): Camera 1 facing CAMERA_FACING_FRONT state now CAMERA_STATE_ACTIVE for client com.tres3.videochat API Level 2 User Id 0Device Id 0
01-22 20:09:33.884 D/SemWifiCoexManager( 2561): onCameraDeviceStateChanged:  cameraId=1 facing=1 newCameraState=1 clientName=com.tres3.videochat
01-22 20:09:33.884 I/CameraService_proxy( 2561): wmi.addRefreshRateRangeForPackage minFPS = 60.0, maxFPS = 60.0, clientName = com.tres3.videochat
01-22 20:09:33.884 I/CameraManagerGlobal(21297): Camera 1 facing CAMERA_FACING_FRONT state now CAMERA_STATE_ACTIVE for client com.tres3.videochat API Level 2 User Id 0Device Id 0
01-22 20:09:33.884 I/CameraManagerGlobal( 4110): Camera 1 facing CAMERA_FACING_FRONT state now CAMERA_STATE_ACTIVE for client com.tres3.videochat API Level 2 User Id 0Device Id 0
01-22 20:09:33.884 I/CameraManagerGlobal( 6972): Camera 1 facing CAMERA_FACING_FRONT state now CAMERA_STATE_ACTIVE for client com.tres3.videochat API Level 2 User Id 0Device Id 0
01-22 20:09:33.884 I/CameraManagerGlobal(22467): Camera 1 facing CAMERA_FACING_FRONT state now CAMERA_STATE_ACTIVE for client com.tres3.videochat API Level 2 User Id 0Device Id 0
01-22 20:09:33.884 I/CameraManagerGlobal(23773): Camera 1 facing CAMERA_FACING_FRONT state now CAMERA_STATE_ACTIVE for client com.tres3.videochat API Level 2 User Id 0Device Id 0
01-22 20:09:33.884 I/EadCameraController( 6972): onCameraDeviceStateChanged:  cameraId=1 facing=1 newCameraState=1 clientName=com.tres3.videochat
01-22 20:09:33.884 I/CameraManagerGlobal(27383): Camera 1 facing CAMERA_FACING_FRONT state now CAMERA_STATE_ACTIVE for client com.tres3.videochat API Level 2 User Id 0Device Id 0
01-22 20:09:33.884 I/CameraManagerGlobal( 4166): Camera 1 facing CAMERA_FACING_FRONT state now CAMERA_STATE_ACTIVE for client com.tres3.videochat API Level 2 User Id 0Device Id 0
01-22 20:09:33.885 I/CameraManagerGlobal(28043): Camera 1 facing CAMERA_FACING_FRONT state now CAMERA_STATE_ACTIVE for client com.tres3.videochat API Level 2 User Id 0Device Id 0
01-22 20:09:33.885 D/SurfaceComposerClient( 2561): setCornerRadius ## 6ba086c com.tres3.videochat/com.tres3.videochat.MainActivity#107874 cornerRadius=0.000000
01-22 20:09:33.886 I/CameraManagerGlobal(18333): Camera 1 facing CAMERA_FACING_FRONT state now CAMERA_STATE_ACTIVE for client com.tres3.videochat API Level 2 User Id 0Device Id 0
01-22 20:09:33.886 I/CameraManagerGlobal(10535): Camera 1 facing CAMERA_FACING_FRONT state now CAMERA_STATE_ACTIVE for client com.tres3.videochat API Level 2 User Id 0Device Id 0
01-22 20:09:33.886 I/CameraManagerGlobal(12551): Camera 1 facing CAMERA_FACING_FRONT state now CAMERA_STATE_ACTIVE for client com.tres3.videochat API Level 2 User Id 0Device Id 0
01-22 20:09:33.886 I/CameraManagerGlobal(22732): Camera 1 facing CAMERA_FACING_FRONT state now CAMERA_STATE_ACTIVE for client com.tres3.videochat API Level 2 User Id 0Device Id 0
01-22 20:09:33.886 I/CameraManagerGlobal( 7006): Camera 1 facing CAMERA_FACING_FRONT state now CAMERA_STATE_ACTIVE for client com.tres3.videochat API Level 2 User Id 0Device Id 0
01-22 20:09:33.886 I/CameraManagerGlobal(29333): Camera 1 facing CAMERA_FACING_FRONT state now CAMERA_STATE_ACTIVE for client com.tres3.videochat API Level 2 User Id 0Device Id 0
01-22 20:09:33.887 D/SurfaceComposerClient( 2561): setCornerRadius ## 6ba086c com.tres3.videochat/com.tres3.videochat.MainActivity#107874 cornerRadius=0.000000
01-22 20:09:33.887 I/CameraManagerGlobal(13336): Camera 1 facing CAMERA_FACING_FRONT state now CAMERA_STATE_ACTIVE for client com.tres3.videochat API Level 2 User Id 0Device Id 0
01-22 20:09:33.884 I/CameraManagerGlobal(22539): Camera 1 facing CAMERA_FACING_FRONT state now CAMERA_STATE_ACTIVE for client com.tres3.videochat API Level 2 User Id 0Device Id 0
01-22 20:09:33.889 I/AiPrivacy::SaSensorRepository(11307): Active op +  op : android:camera uid : 11275 PackageName : com.tres3.videochat Active : true
01-22 20:09:33.890 D/SensorPrivacyService( 2561): onOpNoted  com.tres3.videochat  code=26  uid=11275
01-22 20:09:33.952 E/vendor.samsung.hardware.camera.provider-service_64( 1669): vendor/qcom/proprietary/adsprpc/src/fastrpc_notif.c:57:Error 0xc: notif_fastrpc_thread FastRPC notification worker thread exited for domain 7 (errno Success), notif_domain_deinit started 0
01-22 20:09:33.996 I/HoneySpace.StatusIconTracker( 4735): invokeEvent() called with: event = PrivacyInfo(visible=true)
01-22 20:09:34.173 I/flutter (12551): ✅ FaceTime-quality video track published
01-22 20:09:34.284 D/FlutterWebRTCPlugin(12551): onAddTrack
01-22 20:09:34.290 E/DatabaseUtils( 2561): java.lang.SecurityException: com.jamworks.alwaysondisplay was not granted  this permission: android.permission.WRITE_SETTINGS.
01-22 20:09:34.290 E/DatabaseUtils( 2561): java.lang.SecurityException: com.jamworks.alwaysondisplay was not granted  this permission: android.permission.WRITE_SETTINGS.
01-22 20:09:34.296 D/SurfaceComposerClient( 2561): setCornerRadius ## 6ba086c com.tres3.videochat/com.tres3.videochat.MainActivity#107874 cornerRadius=0.000000
01-22 20:09:34.300 D/SurfaceComposerClient( 2561): setCornerRadius ## 6ba086c com.tres3.videochat/com.tres3.videochat.MainActivity#107874 cornerRadius=0.000000
01-22 20:09:34.663 I/Camera2ClientBase( 2149): ~Camera2ClientBase: Client object's dtor for Camera Id 1 completed. Client was: com.tres3.videochat (PID 12551, UID 11275)
01-22 20:09:34.671 I/{OngoingActivityDataHelper}( 4166): setBaseActivityComponentName:ComponentInfo{com.tres3.videochat/com.tres3.videochat.MainActivity}
01-22 20:09:34.689 D/ReflectedParamUpdater(12551): extent() != 1 for single value type: output.subscribed-indices.values
01-22 20:09:34.733 D/SGM:GameManager( 2561): identifyGamePackage. com.tres3.videochat, mCurrentUserId: 0, callingMethodInfo: com.samsung.android.game.SemGameManager.isGamePackage(SemGameManager.java:106)
01-22 20:09:34.733 D/SGM:SemGameManager( 2561): isGamePackage(), pkgName=com.tres3.videochat, ret=false
01-22 20:09:34.872 D/ReflectedParamUpdater(12551): extent() != 1 for single value type: output.subscribed-indices.values
01-22 20:09:35.342 D/ReflectedParamUpdater(12551): extent() != 1 for single value type: output.subscribed-indices.values
01-22 20:09:35.436 D/ReflectedParamUpdater(12551): extent() != 1 for single value type: output.subscribed-indices.values
01-22 20:09:35.494 D/SurfaceComposerClient( 2561): setCornerRadius ## 6ba086c com.tres3.videochat/com.tres3.videochat.MainActivity#107874 cornerRadius=0.000000
01-22 20:09:35.495 D/SurfaceComposerClient( 2561): setCornerRadius ## 6ba086c com.tres3.videochat/com.tres3.videochat.MainActivity#107874 cornerRadius=0.000000
01-22 20:09:35.498 D/SurfaceComposerClient( 2561): setCornerRadius ## 6ba086c com.tres3.videochat/com.tres3.videochat.MainActivity#107874 cornerRadius=0.000000
01-22 20:09:35.498 D/SurfaceComposerClient( 2561): setCornerRadius ## 6ba086c com.tres3.videochat/com.tres3.videochat.MainActivity#107874 cornerRadius=0.000000
01-22 20:09:35.714 D/SurfaceComposerClient( 2561): setCornerRadius ## 6ba086c com.tres3.videochat/com.tres3.videochat.MainActivity#107874 cornerRadius=0.000000
01-22 20:09:35.715 D/SurfaceComposerClient( 2561): setCornerRadius ## 6ba086c com.tres3.videochat/com.tres3.videochat.MainActivity#107874 cornerRadius=0.000000
01-22 20:09:35.721 D/SurfaceComposerClient( 2561): setCornerRadius ## 6ba086c com.tres3.videochat/com.tres3.videochat.MainActivity#107874 cornerRadius=0.000000
01-22 20:09:35.722 D/SurfaceComposerClient( 2561): setCornerRadius ## 6ba086c com.tres3.videochat/com.tres3.videochat.MainActivity#107874 cornerRadius=0.000000
01-22 20:09:35.727 D/SurfaceComposerClient( 2561): setCornerRadius ## 6ba086c com.tres3.videochat/com.tres3.videochat.MainActivity#107874 cornerRadius=0.000000
01-22 20:09:35.727 D/SurfaceComposerClient( 2561): setCornerRadius ## 6ba086c com.tres3.videochat/com.tres3.videochat.MainActivity#107874 cornerRadius=0.000000
01-22 20:09:35.729 D/SurfaceComposerClient( 2561): setCornerRadius ## 6ba086c com.tres3.videochat/com.tres3.videochat.MainActivity#107874 cornerRadius=0.000000
01-22 20:09:35.730 D/SurfaceComposerClient( 2561): setCornerRadius ## 6ba086c com.tres3.videochat/com.tres3.videochat.MainActivity#107874 cornerRadius=0.000000
01-22 20:09:35.735 D/SurfaceComposerClient( 2561): setCornerRadius ## 6ba086c com.tres3.videochat/com.tres3.videochat.MainActivity#107874 cornerRadius=0.000000
01-22 20:09:35.736 D/SurfaceComposerClient( 2561): setCornerRadius ## 6ba086c com.tres3.videochat/com.tres3.videochat.MainActivity#107874 cornerRadius=0.000000
01-22 20:09:35.741 D/SurfaceComposerClient( 2561): setCornerRadius ## 6ba086c com.tres3.videochat/com.tres3.videochat.MainActivity#107874 cornerRadius=0.000000
01-22 20:09:35.742 D/SurfaceComposerClient( 2561): setCornerRadius ## 6ba086c com.tres3.videochat/com.tres3.videochat.MainActivity#107874 cornerRadius=0.000000
01-22 20:09:35.751 D/SurfaceFlinger( 1737):        DEVICE |           53906134532113 | 00002100 | RGBA_8888    |    0.0    0.0 1080.0 2340.0 |    0    0 1080 2340 | com.tres3.videochat/com.tres3.videochat.MainActivity$_12551#107875 (1)
01-22 20:09:35.765 D/SurfaceComposerClient( 2561): setCornerRadius ## 6ba086c com.tres3.videochat/com.tres3.videochat.MainActivity#107874 cornerRadius=0.000000
01-22 20:09:35.765 D/SurfaceFlinger( 1737):        DEVICE |           53906134532113 | 00002100 | RGBA_8888    |    0.0    0.0 1080.0 2340.0 |    0    0 1080 2340 | com.tres3.videochat/com.tres3.videochat.MainActivity$_12551#107875 (1)
01-22 20:09:35.765 D/SurfaceComposerClient( 2561): setCornerRadius ## 6ba086c com.tres3.videochat/com.tres3.videochat.MainActivity#107874 cornerRadius=0.000000
01-22 20:09:35.999 D/ReflectedParamUpdater(12551): extent() != 1 for single value type: output.subscribed-indices.values
01-22 20:09:36.108 D/ReflectedParamUpdater(12551): extent() != 1 for single value type: output.subscribed-indices.values
01-22 20:09:36.179 I/flutter (12551):    ℹ️ Codec introspection not available via LiveKit SDK; verify via server stats or WebRTC getStats
01-22 20:09:36.179 I/flutter (12551): ✅ Connected to LiveKit room with FaceTime-quality tuning: call_1769130565017
01-22 20:09:36.184 D/FlutterWebRTCPlugin(12551): peerConnectionGetStats(): MediaStreamTrack not found for id: 73fc4f8a-0efa-46e4-ba30-4e9016ebe463
01-22 20:09:36.196 D/SurfaceComposerClient( 2561): setCornerRadius ## 6ba086c com.tres3.videochat/com.tres3.videochat.MainActivity#107874 cornerRadius=0.000000
01-22 20:09:36.198 D/InsetsSourceProvider( 2561): updateControlForTarget: control=InsetsSourceControl: {d6590000 mType=statusBars initiallyVisible mSurfacePosition=Point(0, 0) mInsetsHint=Insets{left=0, top=84, right=0, bottom=0}}, target=Window{6ba086c u0 com.tres3.videochat/com.tres3.videochat.MainActivity}, from=com.android.server.wm.InsetsStateController.onControlTargetChanged:83 com.android.server.wm.InsetsPolicy.updateBarControlTarget:212 com.android.server.wm.DisplayPolicy.updateSystemBarAttributes:262 com.android.server.wm.DisplayPolicy.finishPostLayoutPolicyLw:17 com.android.server.wm.RootWindowContainer.applySurfaceChangesTransaction$1:195 
01-22 20:09:36.198 D/SurfaceComposerClient( 2561): setCornerRadius ## 6ba086c com.tres3.videochat/com.tres3.videochat.MainActivity#107874 cornerRadius=0.000000
01-22 20:09:36.231 I/InsetsSourceConsumer(12551): applyRequestedVisibilityToControl: visible=true, type=statusBars, host=com.tres3.videochat/com.tres3.videochat.MainActivity
01-22 20:09:36.267 I/HoneySpace.StatusIconTracker( 4735): invokeEvent() called with: event = PrivacyInfo(visible=true)
01-22 20:09:36.268 I/HoneySpace.StatusIconTracker( 4735): invokeEvent() called with: event = PrivacyInfo(visible=true)
01-22 20:09:36.674 D/ReflectedParamUpdater(12551): extent() != 1 for single value type: output.subscribed-indices.values
01-22 20:09:36.684 D/VibratorManagerService( 2561): vibrate - uid: 11275, opPkg: com.tres3.videochat, effect: Mono{mEffect=Composed{segments=[Step{amplitude=-1.0, frequencyHz=0.0, duration=50}], repeat=-1, mMagnitudeType=TYPE_EXTRA}}, attrs: VibrationAttributes{mUsage=ALARM, mAudioUsage= USAGE_UNKNOWN, mFlags=0, tags=}, reason: null, token: android.os.BinderProxy@3f8a1a3
01-22 20:09:36.684 D/VibratorManagerService( 2561): Check AppOp mode VIBRATE for uid 11275 and package com.tres3.videochat returned audio=allow, op=allow
01-22 20:09:36.684 D/VibratorManagerService( 2561): Start AppOp mode VIBRATE for uid 11275 and package com.tres3.videochat returned allow
01-22 20:09:36.718 W/FlutterWebRTCPlugin(12551): FlutterRTCVideoRenderer.setVideoTrack, set video track to TR_VC4mAA7AXeXVWf
01-22 20:09:36.780 D/VibratorManagerService( 2561): Finish AppOp mode VIBRATE for uid 11275 and package com.tres3.videochat
01-22 20:09:37.485 W/ProcessStats( 2561): Tracking association SourceState{971d267 com.samsung.wearable.watch7plugin/10554 BFgs #1536665} whose proc state 4 is better than process ProcessState{b141704 com.sec.android.daemonapp:weather_content_provider/10221 pkg=com.sec.android.daemonapp} proc state 5 (59 skipped)
01-22 20:09:37.756 D/SGM:GameManager( 2561): identifyGamePackage. com.tres3.videochat, mCurrentUserId: 0, callingMethodInfo: com.samsung.android.game.SemGameManager.isGamePackage(SemGameManager.java:106)
01-22 20:09:37.756 D/SGM:SemGameManager( 2561): isGamePackage(), pkgName=com.tres3.videochat, ret=false
01-22 20:09:38.176 I/HoneySpace.StatusIconTracker( 4735): invokeEvent() called with: event = PrivacyInfo(visible=true)
01-22 20:09:39.563 D/VolumeSeekBar( 4166): [QP volume] updateVolumeModel model: VolumeModel(volume=50, minVolume=0, maxVolume=150, device=0, enable=true, isBroadcast=false, isAllSoundMute=false, isZenMode=0, isZenModeDisabled=false, isSmartViewEnabled=false, isMusicShareEnabled=false, isDisallowAdjustVolume=false) isTracking : false
01-22 20:09:39.563 D/VolumeSeekBar( 4166): [QP volume] updateVolumeModel model: VolumeModel(volume=50, minVolume=0, maxVolume=150, device=0, enable=true, isBroadcast=false, isAllSoundMute=false, isZenMode=0, isZenModeDisabled=false, isSmartViewEnabled=false, isMusicShareEnabled=false, isDisallowAdjustVolume=false) isTracking : false
01-22 20:09:39.806 D/NetdEventListenerService( 2561): DNS Requested by 175, 11275(com.tres3.videochat), SUCCESS, 0ms
01-22 20:09:39.811 D/NetdEventListenerService( 2561): DNS Requested by 175, 11275(com.tres3.videochat), SUCCESS, 0ms
01-22 20:09:40.777 D/SGM:GameManager( 2561): identifyGamePackage. com.tres3.videochat, mCurrentUserId: 0, callingMethodInfo: com.samsung.android.game.SemGameManager.isGamePackage(SemGameManager.java:106)
01-22 20:09:40.777 D/SGM:SemGameManager( 2561): isGamePackage(), pkgName=com.tres3.videochat, ret=false
01-22 20:09:42.039 I/NearbyMediums(22497): Current Tracked Scanning Clients are : {NearbyConnections.EnvironmentMonitor, NearbyConnections.TxAdvertisement}
01-22 20:09:43.812 D/SGM:GameManager( 2561): identifyGamePackage. com.tres3.videochat, mCurrentUserId: 0, callingMethodInfo: com.samsung.android.game.SemGameManager.isGamePackage(SemGameManager.java:106)
01-22 20:09:43.812 D/SGM:SemGameManager( 2561): isGamePackage(), pkgName=com.tres3.videochat, ret=false
01-22 20:09:46.834 D/SGM:GameManager( 2561): identifyGamePackage. com.tres3.videochat, mCurrentUserId: 0, callingMethodInfo: com.samsung.android.game.SemGameManager.isGamePackage(SemGameManager.java:106)
01-22 20:09:46.834 D/SGM:SemGameManager( 2561): isGamePackage(), pkgName=com.tres3.videochat, ret=false
01-22 20:09:49.025 I/SurfaceFlinger( 1737): [com.tres3.videochat/com.tres3.videochat.MainActivity$_12551#107875] setFrameRateCategory: HighHint
01-22 20:09:49.801 D/NetdEventListenerService( 2561): DNS Requested by 175, 11275(com.tres3.videochat), SUCCESS, 1ms
01-22 20:09:49.811 D/NetdEventListenerService( 2561): DNS Requested by 175, 11275(com.tres3.videochat), SUCCESS, 0ms
01-22 20:09:49.828 D/SGM:GameManager( 2561): identifyGamePackage. com.tres3.videochat, mCurrentUserId: 0, callingMethodInfo: com.samsung.android.game.SemGameManager.isGamePackage(SemGameManager.java:106)
01-22 20:09:49.828 D/SGM:SemGameManager( 2561): isGamePackage(), pkgName=com.tres3.videochat, ret=false
01-22 20:09:49.935 D/VibratorManagerService( 2561): vibrate - uid: 11275, opPkg: com.tres3.videochat, effect: Mono{mEffect=Composed{segments=[Step{amplitude=-1.0, frequencyHz=0.0, duration=300}], repeat=-1, mMagnitudeType=TYPE_EXTRA}}, attrs: VibrationAttributes{mUsage=ALARM, mAudioUsage= USAGE_UNKNOWN, mFlags=0, tags=}, reason: null, token: android.os.BinderProxy@37a7efe
01-22 20:09:49.935 D/VibratorManagerService( 2561): Check AppOp mode VIBRATE for uid 11275 and package com.tres3.videochat returned audio=allow, op=allow
01-22 20:09:49.935 D/VibratorManagerService( 2561): Start AppOp mode VIBRATE for uid 11275 and package com.tres3.videochat returned allow
01-22 20:09:49.936 I/flutter (12551): 🔌 Disconnecting from LiveKit...
01-22 20:09:49.967 I/Unihal  ( 1669): CaptureState.h: UpdateMessage: 55: [HalCaptureMediator] ErrorMessage : frameNumber=474, errorStream=0xb4000075aed51798, errorCode=4
01-22 20:09:49.967 I/Unihal  ( 1669): CaptureState.h: UpdateMessage: 55: [FwkCaptureManager] ErrorMessage : frameNumber=474, errorStream=0xb4000075aed51798, errorCode=4
01-22 20:09:49.967 I/Unihal  ( 1669): CaptureState.h: UpdateMessage: 55: [HalCaptureMediator] ErrorMessage : frameNumber=475, errorStream=0xb4000075aed51798, errorCode=4
01-22 20:09:49.967 I/Unihal  ( 1669): CaptureState.h: UpdateMessage: 55: [FwkCaptureManager] ErrorMessage : frameNumber=475, errorStream=0xb4000075aed51798, errorCode=4
01-22 20:09:49.967 I/Unihal  ( 1669): CaptureState.h: UpdateMessage: 55: [HalCaptureMediator] ErrorMessage : frameNumber=474, errorStream=0x0, errorCode=3
01-22 20:09:49.968 E/CameraDeviceClient( 2149): notifyError: pid=12551, errorCode=4, errorStreamId=0, frameNumber=474
01-22 20:09:49.968 E/CameraDeviceClient( 2149): notifyError: pid=12551, skipClientNotification=false
01-22 20:09:49.968 I/Unihal  ( 1669): CaptureState.h: UpdateMessage: 55: [FwkCaptureManager] ErrorMessage : frameNumber=474, errorStream=0x0, errorCode=3
01-22 20:09:49.968 I/Unihal  ( 1669): CaptureState.h: UpdateMessage: 55: [HalCaptureMediator] ErrorMessage : frameNumber=476, errorStream=0xb4000075aed51798, errorCode=4
01-22 20:09:49.968 I/Unihal  ( 1669): CaptureState.h: UpdateMessage: 55: [FwkCaptureManager] ErrorMessage : frameNumber=476, errorStream=0xb4000075aed51798, errorCode=4
01-22 20:09:49.968 E/CameraDeviceClient( 2149): notifyError: pid=12551, errorCode=5, errorStreamId=0, frameNumber=474
01-22 20:09:49.968 E/CameraDeviceClient( 2149): notifyError: pid=12551, skipClientNotification=false
01-22 20:09:49.969 I/Unihal  ( 1669): CaptureState.h: UpdateMessage: 55: [HalCaptureMediator] ErrorMessage : frameNumber=477, errorStream=0xb4000075aed51798, errorCode=4
01-22 20:09:49.969 I/Unihal  ( 1669): CaptureState.h: UpdateMessage: 55: [FwkCaptureManager] ErrorMessage : frameNumber=477, errorStream=0xb4000075aed51798, errorCode=4
01-22 20:09:49.969 I/Unihal  ( 1669): CaptureState.h: UpdateMessage: 55: [HalCaptureMediator] ErrorMessage : frameNumber=475, errorStream=0x0, errorCode=3
01-22 20:09:49.969 E/CameraDeviceClient( 2149): notifyError: pid=12551, errorCode=4, errorStreamId=0, frameNumber=475
01-22 20:09:49.969 E/CameraDeviceClient( 2149): notifyError: pid=12551, skipClientNotification=false
01-22 20:09:49.969 I/Unihal  ( 1669): CaptureState.h: UpdateMessage: 55: [FwkCaptureManager] ErrorMessage : frameNumber=475, errorStream=0x0, errorCode=3
01-22 20:09:49.969 I/Unihal  ( 1669): CaptureState.h: UpdateMessage: 55: [HalCaptureMediator] ErrorMessage : frameNumber=476, errorStream=0x0, errorCode=3
01-22 20:09:49.969 E/CameraDeviceClient( 2149): notifyError: pid=12551, errorCode=4, errorStreamId=0, frameNumber=476
01-22 20:09:49.969 E/CameraDeviceClient( 2149): notifyError: pid=12551, skipClientNotification=false
01-22 20:09:49.969 I/Unihal  ( 1669): CaptureState.h: UpdateMessage: 55: [FwkCaptureManager] ErrorMessage : frameNumber=476, errorStream=0x0, errorCode=3
01-22 20:09:49.969 I/Unihal  ( 1669): CaptureState.h: UpdateMessage: 55: [HalCaptureMediator] ErrorMessage : frameNumber=478, errorStream=0xb4000075aed51798, errorCode=4
01-22 20:09:49.970 I/Unihal  ( 1669): CaptureState.h: UpdateMessage: 55: [FwkCaptureManager] ErrorMessage : frameNumber=478, errorStream=0xb4000075aed51798, errorCode=4
01-22 20:09:49.970 E/CameraDeviceClient( 2149): notifyError: pid=12551, errorCode=5, errorStreamId=0, frameNumber=475
01-22 20:09:49.970 E/CameraDeviceClient( 2149): notifyError: pid=12551, skipClientNotification=false
01-22 20:09:49.971 E/CameraDeviceClient( 2149): notifyError: pid=12551, errorCode=5, errorStreamId=0, frameNumber=476
01-22 20:09:49.971 E/CameraDeviceClient( 2149): notifyError: pid=12551, skipClientNotification=false
01-22 20:09:49.971 I/Unihal  ( 1669): CaptureState.h: UpdateMessage: 55: [HalCaptureMediator] ErrorMessage : frameNumber=477, errorStream=0x0, errorCode=3
01-22 20:09:49.971 E/CameraDeviceClient( 2149): notifyError: pid=12551, errorCode=4, errorStreamId=0, frameNumber=477
01-22 20:09:49.971 E/CameraDeviceClient( 2149): notifyError: pid=12551, skipClientNotification=false
01-22 20:09:49.971 I/Unihal  ( 1669): CaptureState.h: UpdateMessage: 55: [FwkCaptureManager] ErrorMessage : frameNumber=477, errorStream=0x0, errorCode=3
01-22 20:09:49.972 I/Unihal  ( 1669): CaptureState.h: UpdateMessage: 55: [HalCaptureMediator] ErrorMessage : frameNumber=478, errorStream=0x0, errorCode=3
01-22 20:09:49.972 E/CameraDeviceClient( 2149): notifyError: pid=12551, errorCode=4, errorStreamId=0, frameNumber=478
01-22 20:09:49.972 E/CameraDeviceClient( 2149): notifyError: pid=12551, skipClientNotification=false
01-22 20:09:49.972 I/Unihal  ( 1669): CaptureState.h: UpdateMessage: 55: [FwkCaptureManager] ErrorMessage : frameNumber=478, errorStream=0x0, errorCode=3
01-22 20:09:49.975 E/CameraDeviceClient( 2149): notifyError: pid=12551, errorCode=5, errorStreamId=0, frameNumber=477
01-22 20:09:49.975 E/CameraDeviceClient( 2149): notifyError: pid=12551, skipClientNotification=false
01-22 20:09:49.975 E/CameraDeviceClient( 2149): notifyError: pid=12551, errorCode=5, errorStreamId=0, frameNumber=478
01-22 20:09:49.975 E/CameraDeviceClient( 2149): notifyError: pid=12551, skipClientNotification=false
01-22 20:09:49.975 I/CameraService( 2149): finishCameraStreamingOps: finish camera streaming ops, package name = com.tres3.videochat, client UID = 11275
01-22 20:09:49.976 I/CameraServiceProxyWrapper( 2149): updateProxyDeviceState: notifyCameraState for Camera ID 1, newState 2, facing 1, clientName com.tres3.videochat, apiLevel 2
01-22 20:09:49.977 I/AiPrivacy::SaSensorRepository(11307): Active op +  op : android:camera uid : 11275 PackageName : com.tres3.videochat Active : false
01-22 20:09:49.977 I/CameraManagerGlobal( 4110): Camera 1 facing CAMERA_FACING_FRONT state now CAMERA_STATE_IDLE for client com.tres3.videochat API Level 2 User Id 0Device Id 0
01-22 20:09:49.977 I/CameraManagerGlobal(29333): Camera 1 facing CAMERA_FACING_FRONT state now CAMERA_STATE_IDLE for client com.tres3.videochat API Level 2 User Id 0Device Id 0
01-22 20:09:49.977 I/CameraManagerGlobal(27383): Camera 1 facing CAMERA_FACING_FRONT state now CAMERA_STATE_IDLE for client com.tres3.videochat API Level 2 User Id 0Device Id 0
01-22 20:09:49.977 I/CameraManagerGlobal(22467): Camera 1 facing CAMERA_FACING_FRONT state now CAMERA_STATE_IDLE for client com.tres3.videochat API Level 2 User Id 0Device Id 0
01-22 20:09:49.977 I/CameraManagerGlobal(10535): Camera 1 facing CAMERA_FACING_FRONT state now CAMERA_STATE_IDLE for client com.tres3.videochat API Level 2 User Id 0Device Id 0
01-22 20:09:49.977 I/CameraManagerGlobal(28043): Camera 1 facing CAMERA_FACING_FRONT state now CAMERA_STATE_IDLE for client com.tres3.videochat API Level 2 User Id 0Device Id 0
01-22 20:09:49.977 I/CameraManagerGlobal(21297): Camera 1 facing CAMERA_FACING_FRONT state now CAMERA_STATE_IDLE for client com.tres3.videochat API Level 2 User Id 0Device Id 0
01-22 20:09:49.977 I/CameraManagerGlobal( 4166): Camera 1 facing CAMERA_FACING_FRONT state now CAMERA_STATE_IDLE for client com.tres3.videochat API Level 2 User Id 0Device Id 0
01-22 20:09:49.977 I/CameraManagerGlobal(12551): Camera 1 facing CAMERA_FACING_FRONT state now CAMERA_STATE_IDLE for client com.tres3.videochat API Level 2 User Id 0Device Id 0
01-22 20:09:49.977 I/CameraManagerGlobal(22539): Camera 1 facing CAMERA_FACING_FRONT state now CAMERA_STATE_IDLE for client com.tres3.videochat API Level 2 User Id 0Device Id 0
01-22 20:09:49.977 I/CameraManagerGlobal(18333): Camera 1 facing CAMERA_FACING_FRONT state now CAMERA_STATE_IDLE for client com.tres3.videochat API Level 2 User Id 0Device Id 0
01-22 20:09:49.978 I/CameraManagerGlobal( 6972): Camera 1 facing CAMERA_FACING_FRONT state now CAMERA_STATE_IDLE for client com.tres3.videochat API Level 2 User Id 0Device Id 0
01-22 20:09:49.978 I/CameraManagerGlobal( 7006): Camera 1 facing CAMERA_FACING_FRONT state now CAMERA_STATE_IDLE for client com.tres3.videochat API Level 2 User Id 0Device Id 0
01-22 20:09:49.978 I/CameraManagerGlobal(22732): Camera 1 facing CAMERA_FACING_FRONT state now CAMERA_STATE_IDLE for client com.tres3.videochat API Level 2 User Id 0Device Id 0
01-22 20:09:49.978 I/CameraManagerGlobal(23773): Camera 1 facing CAMERA_FACING_FRONT state now CAMERA_STATE_IDLE for client com.tres3.videochat API Level 2 User Id 0Device Id 0
01-22 20:09:49.978 I/CameraManagerGlobal( 2561): Camera 1 facing CAMERA_FACING_FRONT state now CAMERA_STATE_IDLE for client com.tres3.videochat API Level 2 User Id 0Device Id 0
01-22 20:09:49.978 I/CameraManagerGlobal(13336): Camera 1 facing CAMERA_FACING_FRONT state now CAMERA_STATE_IDLE for client com.tres3.videochat API Level 2 User Id 0Device Id 0
01-22 20:09:49.979 I/CameraService_proxy( 2561): wmi.removeRefreshRateRangeForPackage clientName = com.tres3.videochat
01-22 20:09:49.979 I/EadCameraController( 6972): onCameraDeviceStateChanged:  cameraId=1 facing=1 newCameraState=2 clientName=com.tres3.videochat
01-22 20:09:49.979 D/SurfaceComposerClient( 2561): setCornerRadius ## 6ba086c com.tres3.videochat/com.tres3.videochat.MainActivity#107874 cornerRadius=0.000000
01-22 20:09:49.980 D/SemWifiCoexManager( 2561): onCameraDeviceStateChanged:  cameraId=1 facing=1 newCameraState=2 clientName=com.tres3.videochat
01-22 20:09:49.981 D/SurfaceComposerClient( 2561): setCornerRadius ## 6ba086c com.tres3.videochat/com.tres3.videochat.MainActivity#107874 cornerRadius=0.000000
01-22 20:09:49.982 I/HoneySpace.StatusIconTracker( 4735): invokeEvent() called with: event = PrivacyInfo(visible=false)
01-22 20:09:49.984 I/AiPrivacy::SaSensorRepository(11307): com.tres3.videochat 26 16088
01-22 20:09:49.985 D/SurfaceComposerClient( 2561): setCornerRadius ## 6ba086c com.tres3.videochat/com.tres3.videochat.MainActivity#107874 cornerRadius=0.000000
01-22 20:09:49.986 D/SurfaceComposerClient( 2561): setCornerRadius ## 6ba086c com.tres3.videochat/com.tres3.videochat.MainActivity#107874 cornerRadius=0.000000
01-22 20:09:49.989 D/SurfaceComposerClient( 2561): setCornerRadius ## 6ba086c com.tres3.videochat/com.tres3.videochat.MainActivity#107874 cornerRadius=0.000000
01-22 20:09:49.989 D/SurfaceComposerClient( 2561): setCornerRadius ## 6ba086c com.tres3.videochat/com.tres3.videochat.MainActivity#107874 cornerRadius=0.000000
01-22 20:09:50.012 D/SurfaceFlinger( 1737):        DEVICE |           53906134532113 | 00002100 | RGBA_8888    |    0.0    0.0 1080.0 2340.0 |    0    0 1080 2340 | com.tres3.videochat/com.tres3.videochat.MainActivity$_12551#107875 (1)
01-22 20:09:50.037 E/vendor.samsung.hardware.camera.provider-service_64( 1669): vendor/qcom/proprietary/adsprpc/src/fastrpc_notif.c:57:Error 0xc: notif_fastrpc_thread FastRPC notification worker thread exited for domain 7 (errno Success), notif_domain_deinit started 0
01-22 20:09:50.079 I/CameraServiceProxyWrapper( 2149): updateProxyDeviceState: notifyCameraState for Camera ID 1, newState 3, facing 1, clientName com.tres3.videochat, apiLevel 2
01-22 20:09:50.081 I/CameraService( 2149): notifyCameraClosing: Finish camera ops, package name = com.tres3.videochat, client UID = 11275
01-22 20:09:50.084 I/CameraManagerGlobal(22539): Camera 1 facing CAMERA_FACING_FRONT state now CAMERA_STATE_CLOSED for client com.tres3.videochat API Level 2 User Id 0Device Id 0
01-22 20:09:50.084 I/CameraManagerGlobal(21297): Camera 1 facing CAMERA_FACING_FRONT state now CAMERA_STATE_CLOSED for client com.tres3.videochat API Level 2 User Id 0Device Id 0
01-22 20:09:50.084 I/CameraManagerGlobal(29333): Camera 1 facing CAMERA_FACING_FRONT state now CAMERA_STATE_CLOSED for client com.tres3.videochat API Level 2 User Id 0Device Id 0
01-22 20:09:50.084 I/CameraManagerGlobal( 2561): Camera 1 facing CAMERA_FACING_FRONT state now CAMERA_STATE_CLOSED for client com.tres3.videochat API Level 2 User Id 0Device Id 0
01-22 20:09:50.084 I/CameraManagerGlobal(10535): Camera 1 facing CAMERA_FACING_FRONT state now CAMERA_STATE_CLOSED for client com.tres3.videochat API Level 2 User Id 0Device Id 0
01-22 20:09:50.084 I/CameraManagerGlobal(22467): Camera 1 facing CAMERA_FACING_FRONT state now CAMERA_STATE_CLOSED for client com.tres3.videochat API Level 2 User Id 0Device Id 0
01-22 20:09:50.084 I/CameraManagerGlobal(27383): Camera 1 facing CAMERA_FACING_FRONT state now CAMERA_STATE_CLOSED for client com.tres3.videochat API Level 2 User Id 0Device Id 0
01-22 20:09:50.084 I/CameraManagerGlobal(23773): Camera 1 facing CAMERA_FACING_FRONT state now CAMERA_STATE_CLOSED for client com.tres3.videochat API Level 2 User Id 0Device Id 0
01-22 20:09:50.084 I/CameraManagerGlobal( 6972): Camera 1 facing CAMERA_FACING_FRONT state now CAMERA_STATE_CLOSED for client com.tres3.videochat API Level 2 User Id 0Device Id 0
01-22 20:09:50.084 I/CameraManagerGlobal(18333): Camera 1 facing CAMERA_FACING_FRONT state now CAMERA_STATE_CLOSED for client com.tres3.videochat API Level 2 User Id 0Device Id 0
01-22 20:09:50.084 I/EadCameraController( 6972): onCameraDeviceStateChanged:  cameraId=1 facing=1 newCameraState=3 clientName=com.tres3.videochat
01-22 20:09:50.085 I/CameraManagerGlobal(12551): Camera 1 facing CAMERA_FACING_FRONT state now CAMERA_STATE_CLOSED for client com.tres3.videochat API Level 2 User Id 0Device Id 0
01-22 20:09:50.085 I/CameraManagerGlobal( 4110): Camera 1 facing CAMERA_FACING_FRONT state now CAMERA_STATE_CLOSED for client com.tres3.videochat API Level 2 User Id 0Device Id 0
01-22 20:09:50.085 I/CameraManagerGlobal(22732): Camera 1 facing CAMERA_FACING_FRONT state now CAMERA_STATE_CLOSED for client com.tres3.videochat API Level 2 User Id 0Device Id 0
01-22 20:09:50.085 I/CameraManagerGlobal( 7006): Camera 1 facing CAMERA_FACING_FRONT state now CAMERA_STATE_CLOSED for client com.tres3.videochat API Level 2 User Id 0Device Id 0
01-22 20:09:50.085 I/CameraManagerGlobal(13336): Camera 1 facing CAMERA_FACING_FRONT state now CAMERA_STATE_CLOSED for client com.tres3.videochat API Level 2 User Id 0Device Id 0
01-22 20:09:50.086 D/SemWifiCoexManager( 2561): onCameraDeviceStateChanged:  cameraId=1 facing=1 newCameraState=3 clientName=com.tres3.videochat
01-22 20:09:50.086 I/CameraManagerGlobal( 4166): Camera 1 facing CAMERA_FACING_FRONT state now CAMERA_STATE_CLOSED for client com.tres3.videochat API Level 2 User Id 0Device Id 0
01-22 20:09:50.087 I/CameraManagerGlobal(28043): Camera 1 facing CAMERA_FACING_FRONT state now CAMERA_STATE_CLOSED for client com.tres3.videochat API Level 2 User Id 0Device Id 0
01-22 20:09:50.097 I/flutter (12551): ❌ Error ending call: [cloud_firestore/permission-denied] The caller does not have permission to execute the specified operation.
01-22 20:09:50.105 W/FlutterWebRTCPlugin(12551): FlutterRTCVideoRenderer.setVideoTrack, set video track to null
01-22 20:09:50.273 D/VibratorManagerService( 2561): Finish AppOp mode VIBRATE for uid 11275 and package com.tres3.videochat
01-22 20:09:50.277 D/ConnectivityService( 2561): releasing NetworkRequest [ REQUEST id=39466, [ Transports: CELLULAR Capabilities: INTERNET&NOT_RESTRICTED&TRUSTED&NOT_VPN&NOT_VCN_MANAGED&NOT_BANDWIDTH_CONSTRAINED Forbidden: LOCAL_NETWORK Uid: 11275 RequestorUid: 11275 RequestorPkg: com.tres3.videochat UnderlyingNetworks: Null] ] (release request)
01-22 20:09:50.284 I/ImsTelephonyStateTracker(15163): [D] onDataConnectionStateChanged()
01-22 20:09:50.292 I/ImsTelephonyStateTracker(15163): [D] onDataConnectionStateChanged()
01-22 20:09:50.294 V/AS.AudioService( 2561): setMode(mode=0, pid=12551, uid=11275, caller=com.tres3.videochat)
01-22 20:09:50.295 V/AS.AudioService( 2561): onUpdateAudioMode() new mode: 0 uid = 0 pid = 0 package =  current mode: 0 requested mode: 0 signal: false requested pid: 12551 requesterPackage: com.tres3.videochat
01-22 20:09:50.298 I/AS.AudioDeviceBroker( 2561): setCommunicationRouteForClient for uid: 11275 device: null isPrivileged: false from API: setSpeakerphoneOn(false) from u/pid:11275/12551 Package Name:com.tres3.videochat
01-22 20:09:50.298 I/MediaFocusControl( 2561): abandonAudioFocus() from uid/pid 11275/12551 clientId=android.media.AudioManager@c9af7abcom.cloudwebrtc.webrtc.audio.AudioSwitchManager$$ExternalSyntheticLambda4@eb3be08 callingPack=com.tres3.videochat
01-22 20:09:50.299 I/flutter (12551): Error: Could not find the correct Provider<CallFeaturesCoordinator> above this CallScreen Widget
01-22 20:09:50.299 I/flutter (12551):   Make sure that CallScreen is under your MultiProvider/Provider<CallFeaturesCoordinator>.
01-22 20:09:50.299 I/flutter (12551):       // Will throw a ProviderNotFoundError, because `context` is associated
01-22 20:09:50.300 I/flutter (12551): #3      _CallScreenState._handleNewChatMessage (package:tres_flutter/screens/call_screen.dart:2313)
01-22 20:09:50.300 I/flutter (12551): Another exception was thrown: Instance of 'ErrorSummary'
01-22 20:09:50.300 I/flutter (12551): Another exception was thrown: Instance of 'ErrorSummary'
01-22 20:09:50.333 I/ImsTelephonyStateTracker(15163): [D] onDataConnectionStateChanged()
01-22 20:09:50.334 I/ImsTelephonyStateTracker(15163): [D] onDataConnectionStateChanged()
01-22 20:09:50.349 I/flutter (12551): Another exception was thrown: Instance of 'ErrorSummary'
01-22 20:09:50.349 I/flutter (12551): Another exception was thrown: Instance of 'ErrorSummary'
01-22 20:09:50.352 I/flutter (12551): Another exception was thrown: Instance of 'ErrorSummary'
01-22 20:09:50.353 I/flutter (12551): ✅ LiveKit disconnected successfully
01-22 20:09:50.450 I/ImsTelephonyStateTracker(15163): [D] onServiceStateChanged()
01-22 20:09:50.456 I/ImsTelephonyStateTracker(15163): [D] onServiceStateChanged()
01-22 20:09:50.467 I/HoneySpace.StatusIconTracker( 4735): invokeEvent() called with: event = PrivacyInfo(visible=false)
01-22 20:09:50.470 I/HoneySpace.StatusIconTracker( 4735): invokeEvent() called with: event = PrivacyInfo(visible=false)
01-22 20:09:50.867 D/CoreBackPreview( 2561): Window{6ba086c u0 com.tres3.videochat/com.tres3.videochat.MainActivity}: Setting back callback OnBackInvokedCallbackInfo{mCallback=android.window.IOnBackInvokedCallback$Stub$Proxy@c82876b, mPriority=-1, mIsAnimationCallback=false, mOverrideBehavior=0}
01-22 20:09:51.321 I/flutter (12551): 🔌 Disconnecting from LiveKit...
01-22 20:09:51.322 I/flutter (12551): ✅ LiveKit disconnected successfully
01-22 20:09:52.850 D/SGM:GameManager( 2561): identifyGamePackage. com.tres3.videochat, mCurrentUserId: 0, callingMethodInfo: com.samsung.android.game.SemGameManager.isGamePackage(SemGameManager.java:106)
01-22 20:09:52.850 D/SGM:SemGameManager( 2561): isGamePackage(), pkgName=com.tres3.videochat, ret=false
01-22 20:09:52.946 I/SurfaceFlinger( 1737): [com.tres3.videochat/com.tres3.videochat.MainActivity$_12551#107875] setFrameRateCategory: NoPreference
01-22 20:09:54.661 E/DatabaseUtils( 2561): java.lang.SecurityException: com.jamworks.alwaysondisplay was not granted  this permission: android.permission.WRITE_SETTINGS.
01-22 20:09:54.662 E/DatabaseUtils( 2561): java.lang.SecurityException: com.jamworks.alwaysondisplay was not granted  this permission: android.permission.WRITE_SETTINGS.
01-22 20:09:54.664 D/SurfaceComposerClient( 2561): setCornerRadius ## 6ba086c com.tres3.videochat/com.tres3.videochat.MainActivity#107874 cornerRadius=0.000000
01-22 20:09:54.665 D/SurfaceComposerClient( 2561): setCornerRadius ## 6ba086c com.tres3.videochat/com.tres3.videochat.MainActivity#107874 cornerRadius=0.000000
01-22 20:09:55.470 I/HoneySpace.StatusIconTracker( 4735): invokeEvent() called with: event = PrivacyInfo(visible=false)
01-22 20:09:55.473 I/HoneySpace.StatusIconTracker( 4735): invokeEvent() called with: event = PrivacyInfo(visible=false)
01-22 20:09:55.870 D/SurfaceComposerClient( 2561): setCornerRadius ## 6ba086c com.tres3.videochat/com.tres3.videochat.MainActivity#107874 cornerRadius=0.000000
01-22 20:09:55.871 D/SurfaceComposerClient( 2561): setCornerRadius ## 6ba086c com.tres3.videochat/com.tres3.videochat.MainActivity#107874 cornerRadius=0.000000
01-22 20:09:55.877 D/SurfaceComposerClient( 2561): setCornerRadius ## 6ba086c com.tres3.videochat/com.tres3.videochat.MainActivity#107874 cornerRadius=0.000000
01-22 20:09:55.878 D/SurfaceComposerClient( 2561): setCornerRadius ## 6ba086c com.tres3.videochat/com.tres3.videochat.MainActivity#107874 cornerRadius=0.000000
01-22 20:09:55.890 D/SGM:GameManager( 2561): identifyGamePackage. com.tres3.videochat, mCurrentUserId: 0, callingMethodInfo: com.samsung.android.game.SemGameManager.isGamePackage(SemGameManager.java:106)
01-22 20:09:55.890 D/SGM:SemGameManager( 2561): isGamePackage(), pkgName=com.tres3.videochat, ret=false
01-22 20:09:57.040 I/NearbyMediums(22497): Current Tracked Scanning Clients are : {NearbyConnections.EnvironmentMonitor, NearbyConnections.TxAdvertisement}
01-22 20:09:57.958 D/CoreBackPreview( 2561): Window{6ba086c u0 com.tres3.videochat/com.tres3.videochat.MainActivity}: Setting back callback OnBackInvokedCallbackInfo{mCallback=android.window.IOnBackInvokedCallback$Stub$Proxy@90592c4, mPriority=0, mIsAnimationCallback=true, mOverrideBehavior=0}
01-22 20:09:57.959 D/VibratorManagerService( 2561): vibrate - uid: 11275, opPkg: com.tres3.videochat, effect: Mono{mEffect=Composed{segments=[Step{amplitude=0.0, frequencyHz=0.0, duration=0}, Step{amplitude=-1.0, frequencyHz=0.0, duration=1000}, Step{amplitude=0.0, frequencyHz=0.0, duration=500}, Step{amplitude=-1.0, frequencyHz=0.0, duration=1000}, Step{amplitude=0.0, frequencyHz=0.0, duration=500}, Step{amplitude=-1.0, frequencyHz=0.0, duration=1000}], repeat=0, mMagnitudeType=TYPE_EXTRA}}, attrs: VibrationAttributes{mUsage=ALARM, mAudioUsage= USAGE_UNKNOWN, mFlags=0, tags=}, reason: null, token: android.os.BinderProxy@37a7efe
01-22 20:09:57.959 D/VibratorManagerService( 2561): Check AppOp mode VIBRATE for uid 11275 and package com.tres3.videochat returned audio=allow, op=allow
01-22 20:09:57.959 D/VibratorManagerService( 2561): Start AppOp mode VIBRATE for uid 11275 and package com.tres3.videochat returned allow
01-22 20:09:58.020 D/NetdEventListenerService( 2561): DNS Requested by 175, 11275(com.tres3.videochat), SUCCESS, 27ms
01-22 20:09:58.030 D/NetdEventListenerService( 2561): DNS Requested by 175, 11275(com.tres3.videochat), SUCCESS, 38ms
01-22 20:09:58.104 W/ProcessStats( 2561): Tracking association SourceState{971d267 com.samsung.wearable.watch7plugin/10554 BFgs #1536718} whose proc state 4 is better than process ProcessState{b141704 com.sec.android.daemonapp:weather_content_provider/10221 pkg=com.sec.android.daemonapp} proc state 5 (9 skipped)
01-22 20:09:58.908 D/SGM:GameManager( 2561): identifyGamePackage. com.tres3.videochat, mCurrentUserId: 0, callingMethodInfo: com.samsung.android.game.SemGameManager.isGamePackage(SemGameManager.java:106)
01-22 20:09:58.908 D/SGM:SemGameManager( 2561): isGamePackage(), pkgName=com.tres3.videochat, ret=false
01-22 20:09:59.170 I/SurfaceFlinger( 1737): [com.tres3.videochat/com.tres3.videochat.MainActivity$_12551#107875] setFrameRateCategory: HighHint
01-22 20:09:59.252 D/VibratorManagerService( 2561): Finish AppOp mode VIBRATE for uid 11275 and package com.tres3.videochat
01-22 20:09:59.562 I/flutter (12551): 🎫 Generating LiveKit token for recipient
01-22 20:09:59.566 W/FirebaseContextProvider(12551): Error getting App Check token. Error: com.google.firebase.FirebaseException: No AppCheckProvider installed.
01-22 20:09:59.941 I/flutter (12551): ❌ Error starting session: [cloud_firestore/permission-denied] The caller does not have permission to execute the specified operation.
01-22 20:09:59.973 D/NetdEventListenerService( 2561): DNS Requested by 175, 11275(com.tres3.videochat), SUCCESS, 1ms
01-22 20:10:00.024 D/NetdEventListenerService( 2561): DNS Requested by 175, 11275(com.tres3.videochat), SUCCESS, 2ms
01-22 20:10:00.024 D/NetdEventListenerService( 2561): DNS Requested by 175, 11275(com.tres3.videochat), SUCCESS, 9ms
01-22 20:10:00.148 D/NetdEventListenerService( 2561): DNS Requested by 175, 11275(com.tres3.videochat), 7(NODATA), isBlocked=false, 114ms
01-22 20:10:00.165 D/NetdEventListenerService( 2561): DNS Requested by 175, 11275(com.tres3.videochat), 7(NODATA), isBlocked=false, 23ms
01-22 20:10:00.422 D/ConnectivityService( 2561): requestNetwork for uid/pid:11275/12551 activeRequest: null callbackRequest: 39468 [NetworkRequest [ REQUEST id=39468, [ Transports: CELLULAR Capabilities: INTERNET&NOT_RESTRICTED&TRUSTED&NOT_VPN&NOT_VCN_MANAGED&NOT_BANDWIDTH_CONSTRAINED Forbidden: LOCAL_NETWORK Uid: 11275 RequestorUid: 11275 RequestorPkg: com.tres3.videochat UnderlyingNetworks: Null] ]] callback flags: 0 order: 2147483647 isUidTracked: false declaredMethods: ALL
01-22 20:10:00.448 I/ImsTelephonyStateTracker(15163): [D] onDataConnectionStateChanged()
01-22 20:10:00.448 I/ImsTelephonyStateTracker(15163): [D] onDataConnectionStateChanged()
01-22 20:10:00.466 D/NetdEventListenerService( 2561): DNS Requested by 175, 11275(com.tres3.videochat), SUCCESS, 0ms
01-22 20:10:00.469 D/NetdEventListenerService( 2561): DNS Requested by 175, 11275(com.tres3.videochat), SUCCESS, 2ms
01-22 20:10:00.472 D/NetdEventListenerService( 2561): DNS Requested by 175, 11275(com.tres3.videochat), SUCCESS, 1ms
01-22 20:10:00.475 D/NetdEventListenerService( 2561): DNS Requested by 175, 11275(com.tres3.videochat), SUCCESS, 6ms
01-22 20:10:00.477 D/NetdEventListenerService( 2561): DNS Requested by 175, 11275(com.tres3.videochat), SUCCESS, 0ms
01-22 20:10:00.479 D/NetdEventListenerService( 2561): DNS Requested by 175, 11275(com.tres3.videochat), SUCCESS, 6ms
01-22 20:10:00.481 D/NetdEventListenerService( 2561): DNS Requested by 175, 11275(com.tres3.videochat), SUCCESS, 6ms
01-22 20:10:00.483 D/NetdEventListenerService( 2561): DNS Requested by 175, 11275(com.tres3.videochat), SUCCESS, 6ms
01-22 20:10:00.488 D/NetdEventListenerService( 2561): DNS Requested by 175, 11275(com.tres3.videochat), SUCCESS, 3ms
01-22 20:10:00.491 D/NetdEventListenerService( 2561): DNS Requested by 175, 11275(com.tres3.videochat), SUCCESS, 4ms
01-22 20:10:00.492 D/NetdEventListenerService( 2561): DNS Requested by 175, 11275(com.tres3.videochat), SUCCESS, 5ms
01-22 20:10:00.495 D/NetdEventListenerService( 2561): DNS Requested by 175, 11275(com.tres3.videochat), SUCCESS, 3ms
01-22 20:10:00.497 D/NetdEventListenerService( 2561): DNS Requested by 175, 11275(com.tres3.videochat), SUCCESS, 4ms
01-22 20:10:00.499 D/NetdEventListenerService( 2561): DNS Requested by 175, 11275(com.tres3.videochat), SUCCESS, 8ms
01-22 20:10:00.501 D/NetdEventListenerService( 2561): DNS Requested by 175, 11275(com.tres3.videochat), SUCCESS, 11ms
01-22 20:10:00.503 D/NetdEventListenerService( 2561): DNS Requested by 175, 11275(com.tres3.videochat), SUCCESS, 13ms
01-22 20:10:00.506 D/NetdEventListenerService( 2561): DNS Requested by 175, 11275(com.tres3.videochat), SUCCESS, 14ms
01-22 20:10:00.508 D/NetdEventListenerService( 2561): DNS Requested by 175, 11275(com.tres3.videochat), 7(NODATA), isBlocked=false, 38ms
01-22 20:10:00.510 D/NetdEventListenerService( 2561): DNS Requested by 175, 11275(com.tres3.videochat), SUCCESS, 1ms
01-22 20:10:00.512 D/NetdEventListenerService( 2561): DNS Requested by 175, 11275(com.tres3.videochat), SUCCESS, 3ms
01-22 20:10:00.515 D/NetdEventListenerService( 2561): DNS Requested by 175, 11275(com.tres3.videochat), SUCCESS, 6ms
01-22 20:10:00.518 D/NetdEventListenerService( 2561): DNS Requested by 175, 11275(com.tres3.videochat), SUCCESS, 7ms
01-22 20:10:00.520 D/NetdEventListenerService( 2561): DNS Requested by 175, 11275(com.tres3.videochat), SUCCESS, 1ms
01-22 20:10:00.523 D/NetdEventListenerService( 2561): DNS Requested by 175, 11275(com.tres3.videochat), SUCCESS, 2ms
01-22 20:10:00.525 D/NetdEventListenerService( 2561): DNS Requested by 175, 11275(com.tres3.videochat), SUCCESS, 3ms
01-22 20:10:00.527 D/NetdEventListenerService( 2561): DNS Requested by 175, 11275(com.tres3.videochat), SUCCESS, 4ms
01-22 20:10:00.530 D/NetdEventListenerService( 2561): DNS Requested by 175, 11275(com.tres3.videochat), SUCCESS, 7ms
01-22 20:10:00.534 D/NetdEventListenerService( 2561): DNS Requested by 175, 11275(com.tres3.videochat), 7(NODATA), isBlocked=false, 24ms
01-22 20:10:00.538 D/NetdEventListenerService( 2561): DNS Requested by 175, 11275(com.tres3.videochat), 7(NODATA), isBlocked=false, 65ms
01-22 20:10:00.542 D/NetdEventListenerService( 2561): DNS Requested by 175, 11275(com.tres3.videochat), 7(NODATA), isBlocked=false, 28ms
01-22 20:10:00.545 D/NetdEventListenerService( 2561): DNS Requested by 175, 11275(com.tres3.videochat), 7(NODATA), isBlocked=false, 66ms
01-22 20:10:00.546 D/NetdEventListenerService( 2561): DNS Requested by 175, 11275(com.tres3.videochat), SUCCESS, 7ms
01-22 20:10:00.549 D/NetdEventListenerService( 2561): DNS Requested by 175, 11275(com.tres3.videochat), SUCCESS, 8ms
01-22 20:10:00.550 D/NetdEventListenerService( 2561): DNS Requested by 175, 11275(com.tres3.videochat), SUCCESS, 6ms
01-22 20:10:00.552 D/NetdEventListenerService( 2561): DNS Requested by 175, 11275(com.tres3.videochat), 7(NODATA), isBlocked=false, 68ms
01-22 20:10:00.554 D/NetdEventListenerService( 2561): DNS Requested by 175, 11275(com.tres3.videochat), SUCCESS, 3ms
01-22 20:10:00.557 D/NetdEventListenerService( 2561): DNS Requested by 175, 11275(com.tres3.videochat), 7(NODATA), isBlocked=false, 40ms
01-22 20:10:00.558 D/NetdEventListenerService( 2561): DNS Requested by 175, 11275(com.tres3.videochat), SUCCESS, 11ms
01-22 20:10:00.560 D/NetdEventListenerService( 2561): DNS Requested by 175, 11275(com.tres3.videochat), SUCCESS, 3ms
01-22 20:10:00.563 D/NetdEventListenerService( 2561): DNS Requested by 175, 11275(com.tres3.videochat), SUCCESS, 6ms
01-22 20:10:00.566 D/NetdEventListenerService( 2561): DNS Requested by 175, 11275(com.tres3.videochat), SUCCESS, 7ms
01-22 20:10:00.568 D/NetdEventListenerService( 2561): DNS Requested by 175, 11275(com.tres3.videochat), 7(NODATA), isBlocked=false, 47ms
01-22 20:10:00.573 D/NetdEventListenerService( 2561): DNS Requested by 175, 11275(com.tres3.videochat), 7(NODATA), isBlocked=false, 45ms
01-22 20:10:00.575 D/NetdEventListenerService( 2561): DNS Requested by 175, 11275(com.tres3.videochat), 7(NODATA), isBlocked=false, 43ms
01-22 20:10:00.576 D/NetdEventListenerService( 2561): DNS Requested by 175, 11275(com.tres3.videochat), SUCCESS, 3ms
01-22 20:10:00.578 D/NetdEventListenerService( 2561): DNS Requested by 175, 11275(com.tres3.videochat), SUCCESS, 8ms
01-22 20:10:00.581 D/NetdEventListenerService( 2561): DNS Requested by 175, 11275(com.tres3.videochat), 7(NODATA), isBlocked=false, 32ms
01-22 20:10:00.584 D/NetdEventListenerService( 2561): DNS Requested by 175, 11275(com.tres3.videochat), SUCCESS, 7ms
01-22 20:10:00.584 I/ImsTelephonyStateTracker(15163): [D] onDataConnectionStateChanged()
01-22 20:10:00.585 I/ImsTelephonyStateTracker(15163): [D] onDataConnectionStateChanged()
01-22 20:10:00.586 D/NetdEventListenerService( 2561): DNS Requested by 175, 11275(com.tres3.videochat), SUCCESS, 12ms
01-22 20:10:00.588 D/NetdEventListenerService( 2561): DNS Requested by 175, 11275(com.tres3.videochat), 7(NODATA), isBlocked=false, 62ms
01-22 20:10:00.594 E/netd    ( 1551): Error adding route ::/0 -> fe80::2 rmnet_data0 to table 1089: File exists
01-22 20:10:00.597 D/NetdEventListenerService( 2561): DNS Requested by 175, 11275(com.tres3.videochat), SUCCESS, 18ms
01-22 20:10:00.597 D/NetdEventListenerService( 2561): DNS Requested by 175, 11275(com.tres3.videochat), 7(NODATA), isBlocked=false, 63ms
01-22 20:10:00.597 D/NetdEventListenerService( 2561): DNS Requested by 175, 11275(com.tres3.videochat), SUCCESS, 22ms
01-22 20:10:00.613 D/ConnectivityService( 2561):    accepting network in place of null for NetworkRequest [ REQUEST id=39468, [ Transports: CELLULAR Capabilities: INTERNET&NOT_RESTRICTED&TRUSTED&NOT_VPN&NOT_VCN_MANAGED&NOT_BANDWIDTH_CONSTRAINED Forbidden: LOCAL_NETWORK Uid: 11275 RequestorUid: 11275 RequestorPkg: com.tres3.videochat UnderlyingNetworks: Null] ]
01-22 20:10:00.638 D/NetdEventListenerService( 2561): DNS Requested by 175, 11275(com.tres3.videochat), 7(NODATA), isBlocked=false, 65ms
01-22 20:10:00.644 D/NetdEventListenerService( 2561): DNS Requested by 175, 11275(com.tres3.videochat), SUCCESS, 6ms
01-22 20:10:00.646 D/NetdEventListenerService( 2561): DNS Requested by 175, 11275(com.tres3.videochat), 7(NODATA), isBlocked=false, 49ms
01-22 20:10:00.649 D/NetdEventListenerService( 2561): DNS Requested by 175, 11275(com.tres3.videochat), 7(NODATA), isBlocked=false, 50ms
01-22 20:10:00.652 D/NetdEventListenerService( 2561): DNS Requested by 175, 11275(com.tres3.videochat), SUCCESS, 5ms
