01-22 20:09:31.249 D/NetdEventListenerService( 2561): DNS Requested by 175, 11275(com.tres3.videochat), 7(NODATA), isBlocked=false, 30ms
01-22 20:09:31.253 I/ImsTelephonyStateTracker(15163): [D] onServiceStateChanged()
01-22 20:09:31.253 I/ImsTelephonyStateTracker(15163): [D] onServiceStateChanged()
01-22 20:09:31.271 D/NetdEventListenerService( 2561): DNS Requested by 175, 11275(com.tres3.videochat), 7(NODATA), isBlocked=false, 54ms
01-22 20:09:31.274 D/NetdEventListenerService( 2561): DNS Requested by 175, 11275(com.tres3.videochat), SUCCESS, 7ms
01-22 20:09:31.281 D/NetdEventListenerService( 2561): DNS Requested by 175, 11275(com.tres3.videochat), SUCCESS, 8ms
01-22 20:09:31.295 D/NetdEventListenerService( 2561): DNS Requested by 175, 11275(com.tres3.videochat), 7(NODATA), isBlocked=false, 29ms
01-22 20:09:31.300 I/HoneySpace.StatusIconTracker( 4735): invokeEvent() called with: event = PrivacyInfo(visible=false)
01-22 20:09:31.303 I/HoneySpace.StatusIconTracker( 4735): invokeEvent() called with: event = PrivacyInfo(visible=false)
01-22 20:09:31.305 D/NetdEventListenerService( 2561): DNS Requested by 175, 11275(com.tres3.videochat), 7(NODATA), isBlocked=false, 40ms
01-22 20:09:31.513 D/NetdEventListenerService( 2561): DNS Requested by 175, 11275(com.tres3.videochat), SUCCESS, 3ms
01-22 20:09:31.724 D/SGM:GameManager( 2561): identifyGamePackage. com.tres3.videochat, mCurrentUserId: 0, callingMethodInfo: com.samsung.android.game.SemGameManager.isGamePackage(SemGameManager.java:106)
01-22 20:09:31.724 D/SGM:SemGameManager( 2561): isGamePackage(), pkgName=com.tres3.videochat, ret=false
01-22 20:09:31.909 E/ComponentRegistry(10790): java.lang.IllegalStateException: Unbound api:interface com.amazon.alexa.identity.api.IdentityService
01-22 20:09:32.437 E/GoogleApiManager(12551): java.lang.SecurityException: Unknown calling package name 'com.google.android.gms'.
01-22 20:09:32.437 E/GoogleApiManager(12551): 	at android.os.Parcel.createExceptionOrNull(Parcel.java:3354)
01-22 20:09:32.437 E/GoogleApiManager(12551): 	at android.os.Parcel.createException(Parcel.java:3338)
01-22 20:09:32.437 E/GoogleApiManager(12551): 	at android.os.Parcel.readException(Parcel.java:3321)
01-22 20:09:32.437 E/GoogleApiManager(12551): 	at android.os.Parcel.readException(Parcel.java:3263)
01-22 20:09:32.635 I/CameraService( 2149): CameraService::connect call (PID 12551 UID 11275 "com.tres3.videochat", camera ID 1) and Camera API version 2
01-22 20:09:32.644 I/CameraService( 2149): isUidActiveLocked E: uid 11275, callingPackage com.tres3.videochat, isRegistered true
01-22 20:09:32.644 I/CameraService( 2149): isUidActiveLocked: start to wait until com.tres3.videochat gets into active.
01-22 20:09:32.644 I/CameraService( 2149): isUidActiveLocked X: uid 11275, callingPackage com.tres3.videochat, isActive true.
01-22 20:09:32.648 I/CameraService( 2149): CameraService::validateClientPermissionsLocked is ok : calling pid 12551, calling uid 11275, client com.tres3.videochat , cameraservice pid=2149, device user 0, currently allowed device users: 0
01-22 20:09:32.652 I/Camera2ClientBase( 2149): Camera 1: Opened. Client: com.tres3.videochat (PID 12551, UID 11275)
01-22 20:09:32.653 I/CameraService( 2149): service.camera.client set to com.tres3.videochat
01-22 20:09:32.654 I/CameraManagerGlobal( 2561): Camera 1 facing CAMERA_FACING_FRONT state now CAMERA_STATE_OPENING for client com.tres3.videochat API Level 2 User Id 0Device Id 0
01-22 20:09:32.654 I/CameraManagerGlobal(27383): Camera 1 facing CAMERA_FACING_FRONT state now CAMERA_STATE_OPENING for client com.tres3.videochat API Level 2 User Id 0Device Id 0
01-22 20:09:32.654 I/CameraManagerGlobal( 4110): Camera 1 facing CAMERA_FACING_FRONT state now CAMERA_STATE_OPENING for client com.tres3.videochat API Level 2 User Id 0Device Id 0
01-22 20:09:32.655 I/CameraManagerGlobal(22539): Camera 1 facing CAMERA_FACING_FRONT state now CAMERA_STATE_OPENING for client com.tres3.videochat API Level 2 User Id 0Device Id 0
01-22 20:09:32.654 I/CameraManagerGlobal( 7006): Camera 1 facing CAMERA_FACING_FRONT state now CAMERA_STATE_OPENING for client com.tres3.videochat API Level 2 User Id 0Device Id 0
01-22 20:09:32.655 I/CameraManagerGlobal(12551): Camera 1 facing CAMERA_FACING_FRONT state now CAMERA_STATE_OPENING for client com.tres3.videochat API Level 2 User Id 0Device Id 0
01-22 20:09:32.655 I/CameraManagerGlobal( 4166): Camera 1 facing CAMERA_FACING_FRONT state now CAMERA_STATE_OPENING for client com.tres3.videochat API Level 2 User Id 0Device Id 0
01-22 20:09:32.655 I/CameraManagerGlobal(21297): Camera 1 facing CAMERA_FACING_FRONT state now CAMERA_STATE_OPENING for client com.tres3.videochat API Level 2 User Id 0Device Id 0
01-22 20:09:32.656 I/CameraManagerGlobal(29333): Camera 1 facing CAMERA_FACING_FRONT state now CAMERA_STATE_OPENING for client com.tres3.videochat API Level 2 User Id 0Device Id 0
01-22 20:09:32.656 I/CameraManagerGlobal( 6972): Camera 1 facing CAMERA_FACING_FRONT state now CAMERA_STATE_OPENING for client com.tres3.videochat API Level 2 User Id 0Device Id 0
01-22 20:09:32.656 I/CameraManagerGlobal(22732): Camera 1 facing CAMERA_FACING_FRONT state now CAMERA_STATE_OPENING for client com.tres3.videochat API Level 2 User Id 0Device Id 0
01-22 20:09:32.657 I/CameraManagerGlobal(22467): Camera 1 facing CAMERA_FACING_FRONT state now CAMERA_STATE_OPENING for client com.tres3.videochat API Level 2 User Id 0Device Id 0
01-22 20:09:32.657 I/CameraManagerGlobal(18333): Camera 1 facing CAMERA_FACING_FRONT state now CAMERA_STATE_OPENING for client com.tres3.videochat API Level 2 User Id 0Device Id 0
01-22 20:09:32.657 I/CameraManagerGlobal(23773): Camera 1 facing CAMERA_FACING_FRONT state now CAMERA_STATE_OPENING for client com.tres3.videochat API Level 2 User Id 0Device Id 0
01-22 20:09:32.657 I/CameraManagerGlobal(28043): Camera 1 facing CAMERA_FACING_FRONT state now CAMERA_STATE_OPENING for client com.tres3.videochat API Level 2 User Id 0Device Id 0
01-22 20:09:32.658 I/CameraManagerGlobal( 6169): Camera 1 facing CAMERA_FACING_FRONT state now CAMERA_STATE_OPENING for client com.tres3.videochat API Level 2 User Id 0Device Id 0
01-22 20:09:32.661 I/CameraManagerGlobal( 9993): Camera 1 facing CAMERA_FACING_FRONT state now CAMERA_STATE_OPENING for client com.tres3.videochat API Level 2 User Id 0Device Id 0
01-22 20:09:32.662 I/CameraManagerGlobal(10535): Camera 1 facing CAMERA_FACING_FRONT state now CAMERA_STATE_OPENING for client com.tres3.videochat API Level 2 User Id 0Device Id 0
01-22 20:09:32.676 D/CollapsedStatusBarFragmentExt( 4166): onCameraOpened(cId:1, pId:com.tres3.videochat)    shouldHideIconsForNextAppWindow:false, lastFullscreen(pkg:, flag:false),    keyguard(fa:false, ga:false, oc:false, show:false)
01-22 20:09:32.816 I/Unihal  ( 1669): UniHal3InterfaceEntry.cpp: uni_set_parameters: 483: set_parameters : pkgName=com.tres3.videochat;
01-22 20:09:32.817 I/CameraServiceProxyWrapper( 2149): updateProxyDeviceState: notifyCameraState for Camera ID 1, newState 0, facing 1, clientName com.tres3.videochat, apiLevel 2
01-22 20:09:32.817 I/CameraManagerGlobal( 2561): Camera 1 facing CAMERA_FACING_FRONT state now CAMERA_STATE_OPEN for client com.tres3.videochat API Level 2 User Id 0Device Id 0
01-22 20:09:32.818 I/CameraManagerGlobal( 7006): Camera 1 facing CAMERA_FACING_FRONT state now CAMERA_STATE_OPEN for client com.tres3.videochat API Level 2 User Id 0Device Id 0
01-22 20:09:32.818 I/CameraManagerGlobal(27383): Camera 1 facing CAMERA_FACING_FRONT state now CAMERA_STATE_OPEN for client com.tres3.videochat API Level 2 User Id 0Device Id 0
01-22 20:09:32.818 I/CameraManagerGlobal(29333): Camera 1 facing CAMERA_FACING_FRONT state now CAMERA_STATE_OPEN for client com.tres3.videochat API Level 2 User Id 0Device Id 0
01-22 20:09:32.818 I/CameraManagerGlobal(22539): Camera 1 facing CAMERA_FACING_FRONT state now CAMERA_STATE_OPEN for client com.tres3.videochat API Level 2 User Id 0Device Id 0
01-22 20:09:32.818 I/CameraManagerGlobal(10535): Camera 1 facing CAMERA_FACING_FRONT state now CAMERA_STATE_OPEN for client com.tres3.videochat API Level 2 User Id 0Device Id 0
01-22 20:09:32.818 I/CameraManagerGlobal( 4110): Camera 1 facing CAMERA_FACING_FRONT state now CAMERA_STATE_OPEN for client com.tres3.videochat API Level 2 User Id 0Device Id 0
01-22 20:09:32.818 I/CameraManagerGlobal(12551): Camera 1 facing CAMERA_FACING_FRONT state now CAMERA_STATE_OPEN for client com.tres3.videochat API Level 2 User Id 0Device Id 0
01-22 20:09:32.818 D/SemWifiCoexManager( 2561): onCameraDeviceStateChanged:  cameraId=1 facing=1 newCameraState=0 clientName=com.tres3.videochat
01-22 20:09:32.818 I/CameraManagerGlobal( 4166): Camera 1 facing CAMERA_FACING_FRONT state now CAMERA_STATE_OPEN for client com.tres3.videochat API Level 2 User Id 0Device Id 0
01-22 20:09:32.819 I/CameraManagerGlobal( 6972): Camera 1 facing CAMERA_FACING_FRONT state now CAMERA_STATE_OPEN for client com.tres3.videochat API Level 2 User Id 0Device Id 0
01-22 20:09:32.822 I/CameraManagerGlobal(28043): Camera 1 facing CAMERA_FACING_FRONT state now CAMERA_STATE_OPEN for client com.tres3.videochat API Level 2 User Id 0Device Id 0
01-22 20:09:32.822 I/CameraManagerGlobal(21297): Camera 1 facing CAMERA_FACING_FRONT state now CAMERA_STATE_OPEN for client com.tres3.videochat API Level 2 User Id 0Device Id 0
01-22 20:09:32.822 I/CameraManagerGlobal(22467): Camera 1 facing CAMERA_FACING_FRONT state now CAMERA_STATE_OPEN for client com.tres3.videochat API Level 2 User Id 0Device Id 0
01-22 20:09:32.822 I/CameraManagerGlobal(23773): Camera 1 facing CAMERA_FACING_FRONT state now CAMERA_STATE_OPEN for client com.tres3.videochat API Level 2 User Id 0Device Id 0
01-22 20:09:32.822 I/CameraManagerGlobal(18333): Camera 1 facing CAMERA_FACING_FRONT state now CAMERA_STATE_OPEN for client com.tres3.videochat API Level 2 User Id 0Device Id 0
01-22 20:09:32.823 I/CameraManagerGlobal( 6169): Camera 1 facing CAMERA_FACING_FRONT state now CAMERA_STATE_OPEN for client com.tres3.videochat API Level 2 User Id 0Device Id 0
01-22 20:09:32.823 I/CameraManagerGlobal(22732): Camera 1 facing CAMERA_FACING_FRONT state now CAMERA_STATE_OPEN for client com.tres3.videochat API Level 2 User Id 0Device Id 0
01-22 20:09:32.823 I/CameraManagerGlobal( 9993): Camera 1 facing CAMERA_FACING_FRONT state now CAMERA_STATE_OPEN for client com.tres3.videochat API Level 2 User Id 0Device Id 0
01-22 20:09:32.827 I/EadCameraController( 6972): onCameraDeviceStateChanged:  cameraId=1 facing=1 newCameraState=0 clientName=com.tres3.videochat
01-22 20:09:32.919 I/CameraManagerGlobal(13336): Camera 1 facing CAMERA_FACING_FRONT state now CAMERA_STATE_OPEN for client com.tres3.videochat API Level 2 User Id 0Device Id 0
01-22 20:09:32.957 I/[SCPMV2][RegistrationVerifier](12242): callers : [com.skms.android.agent, com.qualcomm.qti.services.systemhelper, com.samsung.android.forest, com.samsung.InputEventApp, com.samsung.android.cameraxservice, com.qti.snapdragon.qdcm_ff, com.sec.imslogger, com.samsung.sdm, com.sec.sve, com.sec.android.app.RilPhoneNumberService, com.samsung.android.smartface, com.samsung.aasaservice, com.samsung.android.photoremasterservice, com.samsung.sait.sohservice, com.sec.android.app.setupwizard, com.samsung.android.stickercenter, com.android.location.fused, com.samsung.android.providers.factory, com.sec.android.soagent, com.samsung.android.bixby.wakeup, com.samsung.android.qmdservice, com.sec.android.iaft, com.sec.usbsettings, com.samsung.accessibility, com.sec.android.diagmonagent, com.sec.android.app.factorykeystring, com.sec.epdg, com.samsung.android.motionphoto.app, android, com.samsung.android.knox.pushmanager, com.sec.android.smartfpsadjuster, com.samsung.android.mdecservice, com.android.localtransport, com.samsung.ts43authservice, com.samsung.android.wifi.intelligence, com.samsung.android.knox.mpos, com.samsung.android.vexfwk.service, com.sec.automation, com.samsung.android.brightnessbackupservice, com.samsung.android.emergency, com.android.settings, com.sec.android.app.uwbtest, com.sec.android.emergencylauncher, com.sec.bcservice, com.sec.android.CcInfo, com.sec.mhs.smarttethering, com.samsung.android.app.omcagent, com.samsung.oda.service, com.samsung.SMT, com.samsung.android.ese, com.sec.facatfunction, com.android.keychain, com.android.server.telecom, com.samsung.android.fmm, com.samsung.android.biometrics.app.setting, com.samsung.android.app.dressroom, com.samsung.android.hdmapp, com.sec.android.app.hwmoduletest, com.samsung.android.bbc.bbcagent, com.samsung.android.themecenter, com.android.dynsystem, com.samsung.android.dqagent, com.samsung.unifiedtp, com.sec.android.app.parser, com.samsung.android.sead, com.sec.android.app.SecSetupWizard, com.samsung.android.dck.timesync, com.samsung.android.provider.filterprovider, com.sec.imsservice, com.samsung.android.globalpostprocmgr, com.sem.factoryapp, com.sec.android.app.desktoplauncher, com.sec.android.Cdfs, com.sec.android.app.wlantest, com.samsung.android.da.daagent, com.samsung.android.simagent, com.sec.app.RilErrorNotifier, com.sec.android.app.quicktool, com.samsung.android.camerasdkservice, com.samsung.android.svcagent, com.samsung.android.app.esimkeystring, com.samsung.android.lool, com.sec.android.app.servicemodeapp, com.samsung.android.vtcamerasettings, com.samsung.android.smartswitchassistant, com.sec.modem.settings, com.sec.android.app.personalization, com.android.inputdevices, com.android.providers.settings, com.sec.factory.camera, com.samsung.android.wifi.ai, com.wssyncmldm, com.samsung.android.knox.zt.framework, com.samsung.gpuwatchapp, com.samsung.android.knox.attestation, com.sec.android.sdhms, com.samsung.android.aircommandmanager, com.samsung.euicc]
01-22 20:09:32.960 I/SamsungAnalytics605079(13336): Tracker start:6.05.079
01-22 20:09:32.967 I/[SCPMV2][RegistrationVerifier](12242): callers : [com.skms.android.agent, com.qualcomm.qti.services.systemhelper, com.samsung.android.forest, com.samsung.InputEventApp, com.samsung.android.cameraxservice, com.qti.snapdragon.qdcm_ff, com.sec.imslogger, com.samsung.sdm, com.sec.sve, com.sec.android.app.RilPhoneNumberService, com.samsung.android.smartface, com.samsung.aasaservice, com.samsung.android.photoremasterservice, com.samsung.sait.sohservice, com.sec.android.app.setupwizard, com.samsung.android.stickercenter, com.android.location.fused, com.samsung.android.providers.factory, com.sec.android.soagent, com.samsung.android.bixby.wakeup, com.samsung.android.qmdservice, com.sec.android.iaft, com.sec.usbsettings, com.samsung.accessibility, com.sec.android.diagmonagent, com.sec.android.app.factorykeystring, com.sec.epdg, com.samsung.android.motionphoto.app, android, com.samsung.android.knox.pushmanager, com.sec.android.smartfpsadjuster, com.samsung.android.mdecservice, com.android.localtransport, com.samsung.ts43authservice, com.samsung.android.wifi.intelligence, com.samsung.android.knox.mpos, com.samsung.android.vexfwk.service, com.sec.automation, com.samsung.android.brightnessbackupservice, com.samsung.android.emergency, com.android.settings, com.sec.android.app.uwbtest, com.sec.android.emergencylauncher, com.sec.bcservice, com.sec.android.CcInfo, com.sec.mhs.smarttethering, com.samsung.android.app.omcagent, com.samsung.oda.service, com.samsung.SMT, com.samsung.android.ese, com.sec.facatfunction, com.android.keychain, com.android.server.telecom, com.samsung.android.fmm, com.samsung.android.biometrics.app.setting, com.samsung.android.app.dressroom, com.samsung.android.hdmapp, com.sec.android.app.hwmoduletest, com.samsung.android.bbc.bbcagent, com.samsung.android.themecenter, com.android.dynsystem, com.samsung.android.dqagent, com.samsung.unifiedtp, com.sec.android.app.parser, com.samsung.android.sead, com.sec.android.app.SecSetupWizard, com.samsung.android.dck.timesync, com.samsung.android.provider.filterprovider, com.sec.imsservice, com.samsung.android.globalpostprocmgr, com.sem.factoryapp, com.sec.android.app.desktoplauncher, com.sec.android.Cdfs, com.sec.android.app.wlantest, com.samsung.android.da.daagent, com.samsung.android.simagent, com.sec.app.RilErrorNotifier, com.sec.android.app.quicktool, com.samsung.android.camerasdkservice, com.samsung.android.svcagent, com.samsung.android.app.esimkeystring, com.samsung.android.lool, com.sec.android.app.servicemodeapp, com.samsung.android.vtcamerasettings, com.samsung.android.smartswitchassistant, com.sec.modem.settings, com.sec.android.app.personalization, com.android.inputdevices, com.android.providers.settings, com.sec.factory.camera, com.samsung.android.wifi.ai, com.wssyncmldm, com.samsung.android.knox.zt.framework, com.samsung.gpuwatchapp, com.samsung.android.knox.attestation, com.sec.android.sdhms, com.samsung.android.aircommandmanager, com.samsung.euicc]
01-22 20:09:33.164 I/CameraService( 2149): startCameraStreamingOps: Start camera streaming ops, package name = com.tres3.videochat, client UID = 11275
01-22 20:09:33.165 D/SensorPrivacyService( 2561): onOpNoted  com.tres3.videochat  code=26  uid=11275
01-22 20:09:33.167 I/CameraServiceProxyWrapper( 2149): updateProxyDeviceState: notifyCameraState for Camera ID 1, newState 1, facing 1, clientName com.tres3.videochat, apiLevel 2
01-22 20:09:33.167 I/CameraService_proxy( 2561): wmi.addRefreshRateRangeForPackage minFPS = 60.0, maxFPS = 60.0, clientName = com.tres3.videochat
01-22 20:09:33.167 I/CameraManagerGlobal( 2561): Camera 1 facing CAMERA_FACING_FRONT state now CAMERA_STATE_ACTIVE for client com.tres3.videochat API Level 2 User Id 0Device Id 0
01-22 20:09:33.167 D/SemWifiCoexManager( 2561): onCameraDeviceStateChanged:  cameraId=1 facing=1 newCameraState=1 clientName=com.tres3.videochat
01-22 20:09:33.167 I/CameraManagerGlobal( 4110): Camera 1 facing CAMERA_FACING_FRONT state now CAMERA_STATE_ACTIVE for client com.tres3.videochat API Level 2 User Id 0Device Id 0
01-22 20:09:33.167 I/CameraManagerGlobal(27383): Camera 1 facing CAMERA_FACING_FRONT state now CAMERA_STATE_ACTIVE for client com.tres3.videochat API Level 2 User Id 0Device Id 0
01-22 20:09:33.167 I/CameraManagerGlobal( 7006): Camera 1 facing CAMERA_FACING_FRONT state now CAMERA_STATE_ACTIVE for client com.tres3.videochat API Level 2 User Id 0Device Id 0
01-22 20:09:33.167 I/CameraManagerGlobal( 6972): Camera 1 facing CAMERA_FACING_FRONT state now CAMERA_STATE_ACTIVE for client com.tres3.videochat API Level 2 User Id 0Device Id 0
01-22 20:09:33.167 D/SurfaceComposerClient( 2561): setCornerRadius ## 6ba086c com.tres3.videochat/com.tres3.videochat.MainActivity#107874 cornerRadius=0.000000
01-22 20:09:33.168 I/CameraManagerGlobal(29333): Camera 1 facing CAMERA_FACING_FRONT state now CAMERA_STATE_ACTIVE for client com.tres3.videochat API Level 2 User Id 0Device Id 0
01-22 20:09:33.168 I/CameraManagerGlobal(22539): Camera 1 facing CAMERA_FACING_FRONT state now CAMERA_STATE_ACTIVE for client com.tres3.videochat API Level 2 User Id 0Device Id 0
01-22 20:09:33.168 I/CameraManagerGlobal( 4166): Camera 1 facing CAMERA_FACING_FRONT state now CAMERA_STATE_ACTIVE for client com.tres3.videochat API Level 2 User Id 0Device Id 0
01-22 20:09:33.168 I/CameraManagerGlobal(28043): Camera 1 facing CAMERA_FACING_FRONT state now CAMERA_STATE_ACTIVE for client com.tres3.videochat API Level 2 User Id 0Device Id 0
01-22 20:09:33.168 I/EadCameraController( 6972): onCameraDeviceStateChanged:  cameraId=1 facing=1 newCameraState=1 clientName=com.tres3.videochat
01-22 20:09:33.168 I/CameraManagerGlobal(21297): Camera 1 facing CAMERA_FACING_FRONT state now CAMERA_STATE_ACTIVE for client com.tres3.videochat API Level 2 User Id 0Device Id 0
01-22 20:09:33.168 I/CameraManagerGlobal(22467): Camera 1 facing CAMERA_FACING_FRONT state now CAMERA_STATE_ACTIVE for client com.tres3.videochat API Level 2 User Id 0Device Id 0
01-22 20:09:33.168 I/CameraManagerGlobal(18333): Camera 1 facing CAMERA_FACING_FRONT state now CAMERA_STATE_ACTIVE for client com.tres3.videochat API Level 2 User Id 0Device Id 0
01-22 20:09:33.168 I/CameraManagerGlobal(23773): Camera 1 facing CAMERA_FACING_FRONT state now CAMERA_STATE_ACTIVE for client com.tres3.videochat API Level 2 User Id 0Device Id 0
01-22 20:09:33.168 I/CameraManagerGlobal(10535): Camera 1 facing CAMERA_FACING_FRONT state now CAMERA_STATE_ACTIVE for client com.tres3.videochat API Level 2 User Id 0Device Id 0
01-22 20:09:33.168 I/CameraManagerGlobal(22732): Camera 1 facing CAMERA_FACING_FRONT state now CAMERA_STATE_ACTIVE for client com.tres3.videochat API Level 2 User Id 0Device Id 0
01-22 20:09:33.168 I/CameraManagerGlobal(12551): Camera 1 facing CAMERA_FACING_FRONT state now CAMERA_STATE_ACTIVE for client com.tres3.videochat API Level 2 User Id 0Device Id 0
01-22 20:09:33.168 I/CameraManagerGlobal( 9993): Camera 1 facing CAMERA_FACING_FRONT state now CAMERA_STATE_ACTIVE for client com.tres3.videochat API Level 2 User Id 0Device Id 0
01-22 20:09:33.168 I/CameraManagerGlobal(13336): Camera 1 facing CAMERA_FACING_FRONT state now CAMERA_STATE_ACTIVE for client com.tres3.videochat API Level 2 User Id 0Device Id 0
01-22 20:09:33.169 I/CameraManagerGlobal( 6169): Camera 1 facing CAMERA_FACING_FRONT state now CAMERA_STATE_ACTIVE for client com.tres3.videochat API Level 2 User Id 0Device Id 0
01-22 20:09:33.171 D/SurfaceComposerClient( 2561): setCornerRadius ## 6ba086c com.tres3.videochat/com.tres3.videochat.MainActivity#107874 cornerRadius=0.000000
01-22 20:09:33.173 I/AiPrivacy::SaSensorRepository(11307): Active op +  op : android:camera uid : 11275 PackageName : com.tres3.videochat Active : true
01-22 20:09:33.177 I/HoneySpace.StatusIconTracker( 4735): invokeEvent() called with: event = PrivacyInfo(visible=true)
01-22 20:09:33.238 E/vendor.samsung.hardware.camera.provider-service_64( 1669): vendor/qcom/proprietary/adsprpc/src/fastrpc_notif.c:57:Error 0xc: notif_fastrpc_thread FastRPC notification worker thread exited for domain 7 (errno Success), notif_domain_deinit started 0
01-22 20:09:33.423 I/MediaFocusControl( 2561): requestAudioFocus() from uid/pid 11275/12551 AA=USAGE_VOICE_COMMUNICATION/CONTENT_TYPE_SPEECH clientId=android.media.AudioManager@c9af7abcom.cloudwebrtc.webrtc.audio.AudioSwitchManager$$ExternalSyntheticLambda4@eb3be08 callingPack=com.tres3.videochat req=1 flags=0x1 sdk=34
01-22 20:09:33.423 V/AS.AudioService( 2561): setMode(mode=3, pid=12551, uid=11275, caller=com.tres3.videochat)
01-22 20:09:33.423 D/SGM:GameManager( 2561): identifyGamePackage. com.tres3.videochat, mCurrentUserId: 0, callingMethodInfo: com.samsung.android.game.SemGameManager.isGamePackage(SemGameManager.java:106)
01-22 20:09:33.423 D/SGM:SemGameManager( 2561): isGamePackage(), pkgName=com.tres3.videochat, ret=false
01-22 20:09:33.424 V/AS.AudioService( 2561): onUpdateAudioMode() new mode: 3 uid = 11275 pid = 12551 package = com.tres3.videochat current mode: 0 requested mode: 3 signal: false requested pid: 12551 requesterPackage: com.tres3.videochat
01-22 20:09:33.424 I/LiveTranslatorManager( 2561): updateAudioMode() audioMode=3, caller=com.tres3.videochat
01-22 20:09:33.424 I/LiveTranslatorManager( 2561): voip allowPackages from globalDB packageName: com.tres3.videochat, result:false
01-22 20:09:33.424 D/LiveTranslatorManager( 2561): com.tres3.videochat is supported voip false
01-22 20:09:33.424 I/LiveTranslatorManager( 2561): setVoipTranslator enable false, supported false, mode 3, com.tres3.videochat
01-22 20:09:33.425 I/MicModeManager( 2561): updateAudioMode() audioMode=3, caller=com.tres3.videochat, curCallDevice=1
01-22 20:09:33.425 I/MicModeManager( 2561): updateMicModeSettings is enabled true, effect:0, com.tres3.videochat
01-22 20:09:33.425 I/MicModeManager( 2561): updateMicModeSettings() enable, effect:0, caller:com.tres3.videochat
01-22 20:09:33.435 I/flutter (12551): 📢 Track published: TR_VC4mAA7AXeXVWf by ulUDkAF45ISEE4fCdHkRyaqswat2
01-22 20:09:33.458 I/Unihal  ( 1669): CaptureState.h: UpdateMessage: 55: [HalCaptureMediator] ErrorMessage : frameNumber=6, errorStream=0xb4000075aed13518, errorCode=4
01-22 20:09:33.458 I/Unihal  ( 1669): CaptureState.h: UpdateMessage: 55: [FwkCaptureManager] ErrorMessage : frameNumber=6, errorStream=0xb4000075aed13518, errorCode=4
01-22 20:09:33.458 I/Unihal  ( 1669): CaptureState.h: UpdateMessage: 55: [HalCaptureMediator] ErrorMessage : frameNumber=6, errorStream=0x0, errorCode=3
01-22 20:09:33.458 E/CameraDeviceClient( 2149): notifyError: pid=12551, errorCode=4, errorStreamId=0, frameNumber=6
01-22 20:09:33.458 E/CameraDeviceClient( 2149): notifyError: pid=12551, skipClientNotification=false
01-22 20:09:33.458 I/Unihal  ( 1669): CaptureState.h: UpdateMessage: 55: [FwkCaptureManager] ErrorMessage : frameNumber=6, errorStream=0x0, errorCode=3
01-22 20:09:33.459 I/Unihal  ( 1669): CaptureState.h: UpdateMessage: 55: [HalCaptureMediator] ErrorMessage : frameNumber=1, errorStream=0x0, errorCode=3
01-22 20:09:33.459 E/CameraDeviceClient( 2149): notifyError: pid=12551, errorCode=4, errorStreamId=0, frameNumber=1
01-22 20:09:33.459 E/CameraDeviceClient( 2149): notifyError: pid=12551, skipClientNotification=false
01-22 20:09:33.459 I/Unihal  ( 1669): CaptureState.h: UpdateMessage: 55: [FwkCaptureManager] ErrorMessage : frameNumber=1, errorStream=0x0, errorCode=3
01-22 20:09:33.459 I/Unihal  ( 1669): CaptureState.h: UpdateMessage: 55: [HalCaptureMediator] ErrorMessage : frameNumber=1, errorStream=0xb4000075aed13518, errorCode=4
01-22 20:09:33.459 I/Unihal  ( 1669): CaptureState.h: UpdateMessage: 55: [FwkCaptureManager] ErrorMessage : frameNumber=1, errorStream=0xb4000075aed13518, errorCode=4
01-22 20:09:33.459 E/CameraDeviceClient( 2149): notifyError: pid=12551, errorCode=5, errorStreamId=0, frameNumber=1
01-22 20:09:33.459 E/CameraDeviceClient( 2149): notifyError: pid=12551, skipClientNotification=false
01-22 20:09:33.459 D/SurfaceComposerClient( 2561): setCornerRadius ## 6ba086c com.tres3.videochat/com.tres3.videochat.MainActivity#107874 cornerRadius=0.000000
01-22 20:09:33.460 D/SurfaceComposerClient( 2561): setCornerRadius ## 6ba086c com.tres3.videochat/com.tres3.videochat.MainActivity#107874 cornerRadius=0.000000
01-22 20:09:33.461 I/Unihal  ( 1669): CaptureState.h: UpdateMessage: 55: [HalCaptureMediator] ErrorMessage : frameNumber=2, errorStream=0xb4000075aed13518, errorCode=4
01-22 20:09:33.461 I/Unihal  ( 1669): CaptureState.h: UpdateMessage: 55: [FwkCaptureManager] ErrorMessage : frameNumber=2, errorStream=0xb4000075aed13518, errorCode=4
01-22 20:09:33.461 I/Unihal  ( 1669): CaptureState.h: UpdateMessage: 55: [HalCaptureMediator] ErrorMessage : frameNumber=2, errorStream=0x0, errorCode=3
01-22 20:09:33.461 E/CameraDeviceClient( 2149): notifyError: pid=12551, errorCode=4, errorStreamId=0, frameNumber=2
01-22 20:09:33.461 E/CameraDeviceClient( 2149): notifyError: pid=12551, skipClientNotification=false
01-22 20:09:33.461 I/Unihal  ( 1669): CaptureState.h: UpdateMessage: 55: [FwkCaptureManager] ErrorMessage : frameNumber=2, errorStream=0x0, errorCode=3
01-22 20:09:33.461 D/SGM:FgCheckThread( 2561): getForegroundApp(), foregroundPkgName=com.tres3.videochat
01-22 20:09:33.461 D/SGM:FgCheckThread( 2561): noteStopComponent(), received pkgName: com.google.android.apps.messaging, focusedPkgName: com.tres3.videochat, userId: 0
01-22 20:09:33.462 I/Unihal  ( 1669): CaptureState.h: UpdateMessage: 55: [HalCaptureMediator] ErrorMessage : frameNumber=3, errorStream=0x0, errorCode=3
01-22 20:09:33.462 E/CameraDeviceClient( 2149): notifyError: pid=12551, errorCode=4, errorStreamId=0, frameNumber=3
01-22 20:09:33.462 E/CameraDeviceClient( 2149): notifyError: pid=12551, skipClientNotification=false
01-22 20:09:33.462 I/Unihal  ( 1669): CaptureState.h: UpdateMessage: 55: [FwkCaptureManager] ErrorMessage : frameNumber=3, errorStream=0x0, errorCode=3
01-22 20:09:33.462 I/Unihal  ( 1669): CaptureState.h: UpdateMessage: 55: [HalCaptureMediator] ErrorMessage : frameNumber=3, errorStream=0xb4000075aed13518, errorCode=4
01-22 20:09:33.462 I/Unihal  ( 1669): CaptureState.h: UpdateMessage: 55: [FwkCaptureManager] ErrorMessage : frameNumber=3, errorStream=0xb4000075aed13518, errorCode=4
01-22 20:09:33.462 E/CameraDeviceClient( 2149): notifyError: pid=12551, errorCode=5, errorStreamId=0, frameNumber=2
01-22 20:09:33.462 E/CameraDeviceClient( 2149): notifyError: pid=12551, skipClientNotification=false
01-22 20:09:33.462 E/CameraDeviceClient( 2149): notifyError: pid=12551, errorCode=5, errorStreamId=0, frameNumber=3
01-22 20:09:33.462 E/CameraDeviceClient( 2149): notifyError: pid=12551, skipClientNotification=false
01-22 20:09:33.462 I/Unihal  ( 1669): CaptureState.h: UpdateMessage: 55: [HalCaptureMediator] ErrorMessage : frameNumber=4, errorStream=0xb4000075aed13518, errorCode=4
01-22 20:09:33.462 I/Unihal  ( 1669): CaptureState.h: UpdateMessage: 55: [FwkCaptureManager] ErrorMessage : frameNumber=4, errorStream=0xb4000075aed13518, errorCode=4
01-22 20:09:33.462 I/Unihal  ( 1669): CaptureState.h: UpdateMessage: 55: [HalCaptureMediator] ErrorMessage : frameNumber=5, errorStream=0xb4000075aed13518, errorCode=4
01-22 20:09:33.462 I/Unihal  ( 1669): CaptureState.h: UpdateMessage: 55: [FwkCaptureManager] ErrorMessage : frameNumber=5, errorStream=0xb4000075aed13518, errorCode=4
01-22 20:09:33.462 I/Unihal  ( 1669): CaptureState.h: UpdateMessage: 55: [HalCaptureMediator] ErrorMessage : frameNumber=4, errorStream=0x0, errorCode=3
01-22 20:09:33.462 E/CameraDeviceClient( 2149): notifyError: pid=12551, errorCode=4, errorStreamId=0, frameNumber=4
01-22 20:09:33.462 E/CameraDeviceClient( 2149): notifyError: pid=12551, skipClientNotification=false
01-22 20:09:33.462 I/Unihal  ( 1669): CaptureState.h: UpdateMessage: 55: [FwkCaptureManager] ErrorMessage : frameNumber=4, errorStream=0x0, errorCode=3
01-22 20:09:33.462 I/Unihal  ( 1669): CaptureState.h: UpdateMessage: 55: [HalCaptureMediator] ErrorMessage : frameNumber=5, errorStream=0x0, errorCode=3
01-22 20:09:33.463 E/CameraDeviceClient( 2149): notifyError: pid=12551, errorCode=4, errorStreamId=0, frameNumber=5
01-22 20:09:33.463 E/CameraDeviceClient( 2149): notifyError: pid=12551, skipClientNotification=false
01-22 20:09:33.463 I/Unihal  ( 1669): CaptureState.h: UpdateMessage: 55: [FwkCaptureManager] ErrorMessage : frameNumber=5, errorStream=0x0, errorCode=3
01-22 20:09:33.466 E/CameraDeviceClient( 2149): notifyError: pid=12551, errorCode=5, errorStreamId=0, frameNumber=4
01-22 20:09:33.466 E/CameraDeviceClient( 2149): notifyError: pid=12551, skipClientNotification=false
01-22 20:09:33.466 E/CameraDeviceClient( 2149): notifyError: pid=12551, errorCode=5, errorStreamId=0, frameNumber=5
01-22 20:09:33.466 E/CameraDeviceClient( 2149): notifyError: pid=12551, skipClientNotification=false
01-22 20:09:33.467 E/CameraDeviceClient( 2149): notifyError: pid=12551, errorCode=5, errorStreamId=0, frameNumber=6
01-22 20:09:33.467 E/CameraDeviceClient( 2149): notifyError: pid=12551, skipClientNotification=false
01-22 20:09:33.467 I/CameraService( 2149): finishCameraStreamingOps: finish camera streaming ops, package name = com.tres3.videochat, client UID = 11275
01-22 20:09:33.467 I/CameraServiceProxyWrapper( 2149): updateProxyDeviceState: notifyCameraState for Camera ID 1, newState 2, facing 1, clientName com.tres3.videochat, apiLevel 2
01-22 20:09:33.468 I/CameraService_proxy( 2561): wmi.removeRefreshRateRangeForPackage clientName = com.tres3.videochat
01-22 20:09:33.468 I/CameraManagerGlobal( 2561): Camera 1 facing CAMERA_FACING_FRONT state now CAMERA_STATE_IDLE for client com.tres3.videochat API Level 2 User Id 0Device Id 0
01-22 20:09:33.468 I/CameraManagerGlobal(28043): Camera 1 facing CAMERA_FACING_FRONT state now CAMERA_STATE_IDLE for client com.tres3.videochat API Level 2 User Id 0Device Id 0
01-22 20:09:33.468 I/CameraManagerGlobal( 4166): Camera 1 facing CAMERA_FACING_FRONT state now CAMERA_STATE_IDLE for client com.tres3.videochat API Level 2 User Id 0Device Id 0
01-22 20:09:33.468 I/CameraManagerGlobal(21297): Camera 1 facing CAMERA_FACING_FRONT state now CAMERA_STATE_IDLE for client com.tres3.videochat API Level 2 User Id 0Device Id 0
01-22 20:09:33.468 I/CameraManagerGlobal(27383): Camera 1 facing CAMERA_FACING_FRONT state now CAMERA_STATE_IDLE for client com.tres3.videochat API Level 2 User Id 0Device Id 0
01-22 20:09:33.468 I/CameraManagerGlobal(12551): Camera 1 facing CAMERA_FACING_FRONT state now CAMERA_STATE_IDLE for client com.tres3.videochat API Level 2 User Id 0Device Id 0
01-22 20:09:33.468 I/CameraManagerGlobal(18333): Camera 1 facing CAMERA_FACING_FRONT state now CAMERA_STATE_IDLE for client com.tres3.videochat API Level 2 User Id 0Device Id 0
01-22 20:09:33.468 I/CameraManagerGlobal(22467): Camera 1 facing CAMERA_FACING_FRONT state now CAMERA_STATE_IDLE for client com.tres3.videochat API Level 2 User Id 0Device Id 0
01-22 20:09:33.468 I/CameraManagerGlobal(23773): Camera 1 facing CAMERA_FACING_FRONT state now CAMERA_STATE_IDLE for client com.tres3.videochat API Level 2 User Id 0Device Id 0
01-22 20:09:33.468 I/CameraManagerGlobal( 7006): Camera 1 facing CAMERA_FACING_FRONT state now CAMERA_STATE_IDLE for client com.tres3.videochat API Level 2 User Id 0Device Id 0
01-22 20:09:33.468 I/CameraManagerGlobal(22732): Camera 1 facing CAMERA_FACING_FRONT state now CAMERA_STATE_IDLE for client com.tres3.videochat API Level 2 User Id 0Device Id 0
01-22 20:09:33.468 I/CameraManagerGlobal( 4110): Camera 1 facing CAMERA_FACING_FRONT state now CAMERA_STATE_IDLE for client com.tres3.videochat API Level 2 User Id 0Device Id 0
01-22 20:09:33.468 I/CameraManagerGlobal( 6972): Camera 1 facing CAMERA_FACING_FRONT state now CAMERA_STATE_IDLE for client com.tres3.videochat API Level 2 User Id 0Device Id 0
01-22 20:09:33.468 I/CameraManagerGlobal(13336): Camera 1 facing CAMERA_FACING_FRONT state now CAMERA_STATE_IDLE for client com.tres3.videochat API Level 2 User Id 0Device Id 0
01-22 20:09:33.468 I/AiPrivacy::SaSensorRepository(11307): Active op +  op : android:camera uid : 11275 PackageName : com.tres3.videochat Active : false
01-22 20:09:33.469 D/SemWifiCoexManager( 2561): onCameraDeviceStateChanged:  cameraId=1 facing=1 newCameraState=2 clientName=com.tres3.videochat
01-22 20:09:33.469 I/CameraManagerGlobal(10535): Camera 1 facing CAMERA_FACING_FRONT state now CAMERA_STATE_IDLE for client com.tres3.videochat API Level 2 User Id 0Device Id 0
01-22 20:09:33.469 I/CameraManagerGlobal(29333): Camera 1 facing CAMERA_FACING_FRONT state now CAMERA_STATE_IDLE for client com.tres3.videochat API Level 2 User Id 0Device Id 0
01-22 20:09:33.469 D/SurfaceComposerClient( 2561): setCornerRadius ## 6ba086c com.tres3.videochat/com.tres3.videochat.MainActivity#107874 cornerRadius=0.000000
01-22 20:09:33.471 D/SurfaceComposerClient( 2561): setCornerRadius ## 6ba086c com.tres3.videochat/com.tres3.videochat.MainActivity#107874 cornerRadius=0.000000
01-22 20:09:33.471 I/EadCameraController( 6972): onCameraDeviceStateChanged:  cameraId=1 facing=1 newCameraState=2 clientName=com.tres3.videochat
01-22 20:09:33.471 I/CameraManagerGlobal(22539): Camera 1 facing CAMERA_FACING_FRONT state now CAMERA_STATE_IDLE for client com.tres3.videochat API Level 2 User Id 0Device Id 0
01-22 20:09:33.472 I/HoneySpace.StatusIconTracker( 4735): invokeEvent() called with: event = PrivacyInfo(visible=true)
01-22 20:09:33.476 I/AiPrivacy::SaSensorRepository(11307): com.tres3.videochat 26 296
01-22 20:09:33.506 I/AudioFlinger( 1724): reviewTrackPromotion size 1
01-22 20:09:33.506 I/AF::Track( 1724): setMixerOutConfig return default condition, mixer key 2002, thread key 202
01-22 20:09:33.514 E/vendor.samsung.hardware.camera.provider-service_64( 1669): vendor/qcom/proprietary/adsprpc/src/fastrpc_notif.c:57:Error 0xc: notif_fastrpc_thread FastRPC notification worker thread exited for domain 7 (errno Success), notif_domain_deinit started 0
01-22 20:09:33.554 I/CameraServiceProxyWrapper( 2149): updateProxyDeviceState: notifyCameraState for Camera ID 1, newState 3, facing 1, clientName com.tres3.videochat, apiLevel 2
01-22 20:09:33.555 I/CameraService( 2149): notifyCameraClosing: Finish camera ops, package name = com.tres3.videochat, client UID = 11275
01-22 20:09:33.555 I/CameraManagerGlobal( 2561): Camera 1 facing CAMERA_FACING_FRONT state now CAMERA_STATE_CLOSED for client com.tres3.videochat API Level 2 User Id 0Device Id 0
01-22 20:09:33.556 I/CameraManagerGlobal(27383): Camera 1 facing CAMERA_FACING_FRONT state now CAMERA_STATE_CLOSED for client com.tres3.videochat API Level 2 User Id 0Device Id 0
01-22 20:09:33.556 I/CameraManagerGlobal( 7006): Camera 1 facing CAMERA_FACING_FRONT state now CAMERA_STATE_CLOSED for client com.tres3.videochat API Level 2 User Id 0Device Id 0
01-22 20:09:33.556 D/SemWifiCoexManager( 2561): onCameraDeviceStateChanged:  cameraId=1 facing=1 newCameraState=3 clientName=com.tres3.videochat
01-22 20:09:33.556 I/CameraManagerGlobal( 4166): Camera 1 facing CAMERA_FACING_FRONT state now CAMERA_STATE_CLOSED for client com.tres3.videochat API Level 2 User Id 0Device Id 0
01-22 20:09:33.556 I/CameraManagerGlobal( 6972): Camera 1 facing CAMERA_FACING_FRONT state now CAMERA_STATE_CLOSED for client com.tres3.videochat API Level 2 User Id 0Device Id 0
01-22 20:09:33.556 I/EadCameraController( 6972): onCameraDeviceStateChanged:  cameraId=1 facing=1 newCameraState=3 clientName=com.tres3.videochat
01-22 20:09:33.556 I/CameraManagerGlobal(28043): Camera 1 facing CAMERA_FACING_FRONT state now CAMERA_STATE_CLOSED for client com.tres3.videochat API Level 2 User Id 0Device Id 0
01-22 20:09:33.556 I/CameraManagerGlobal(10535): Camera 1 facing CAMERA_FACING_FRONT state now CAMERA_STATE_CLOSED for client com.tres3.videochat API Level 2 User Id 0Device Id 0
01-22 20:09:33.556 I/CameraManagerGlobal(13336): Camera 1 facing CAMERA_FACING_FRONT state now CAMERA_STATE_CLOSED for client com.tres3.videochat API Level 2 User Id 0Device Id 0
01-22 20:09:33.556 I/CameraManagerGlobal(22467): Camera 1 facing CAMERA_FACING_FRONT state now CAMERA_STATE_CLOSED for client com.tres3.videochat API Level 2 User Id 0Device Id 0
01-22 20:09:33.556 I/CameraManagerGlobal(18333): Camera 1 facing CAMERA_FACING_FRONT state now CAMERA_STATE_CLOSED for client com.tres3.videochat API Level 2 User Id 0Device Id 0
01-22 20:09:33.556 I/CameraManagerGlobal(29333): Camera 1 facing CAMERA_FACING_FRONT state now CAMERA_STATE_CLOSED for client com.tres3.videochat API Level 2 User Id 0Device Id 0
01-22 20:09:33.556 I/CameraManagerGlobal(21297): Camera 1 facing CAMERA_FACING_FRONT state now CAMERA_STATE_CLOSED for client com.tres3.videochat API Level 2 User Id 0Device Id 0
01-22 20:09:33.557 I/CameraManagerGlobal(22539): Camera 1 facing CAMERA_FACING_FRONT state now CAMERA_STATE_CLOSED for client com.tres3.videochat API Level 2 User Id 0Device Id 0
01-22 20:09:33.557 I/CameraManagerGlobal(12551): Camera 1 facing CAMERA_FACING_FRONT state now CAMERA_STATE_CLOSED for client com.tres3.videochat API Level 2 User Id 0Device Id 0
01-22 20:09:33.557 I/CameraManagerGlobal( 4110): Camera 1 facing CAMERA_FACING_FRONT state now CAMERA_STATE_CLOSED for client com.tres3.videochat API Level 2 User Id 0Device Id 0
01-22 20:09:33.558 I/CameraManagerGlobal(22732): Camera 1 facing CAMERA_FACING_FRONT state now CAMERA_STATE_CLOSED for client com.tres3.videochat API Level 2 User Id 0Device Id 0
01-22 20:09:33.558 I/CameraManagerGlobal(23773): Camera 1 facing CAMERA_FACING_FRONT state now CAMERA_STATE_CLOSED for client com.tres3.videochat API Level 2 User Id 0Device Id 0
01-22 20:09:33.574 D/FlutterWebRTCPlugin(12551): onAddTrack
01-22 20:09:33.582 I/flutter (12551): ✅ Track subscribed: TR_VC4mAA7AXeXVWf
01-22 20:09:33.582 I/flutter (12551):    - Kind: TrackType.VIDEO
01-22 20:09:33.592 I/CameraService( 2149): CameraService::connect call (PID 12551 UID 11275 "com.tres3.videochat", camera ID 1) and Camera API version 2
01-22 20:09:33.592 I/CameraService( 2149): isUidActiveLocked E: uid 11275, callingPackage com.tres3.videochat, isRegistered true
01-22 20:09:33.592 I/CameraService( 2149): isUidActiveLocked X: uid 11275, callingPackage com.tres3.videochat, isActive true.
01-22 20:09:33.592 I/CameraService( 2149): CameraService::validateClientPermissionsLocked is ok : calling pid 12551, calling uid 11275, client com.tres3.videochat , cameraservice pid=2149, device user 0, currently allowed device users: 0
01-22 20:09:33.592 I/Camera2ClientBase( 2149): Camera 1: Opened. Client: com.tres3.videochat (PID 12551, UID 11275)
01-22 20:09:33.592 I/CameraService( 2149): service.camera.client set to com.tres3.videochat
01-22 20:09:33.593 I/CameraManagerGlobal( 2561): Camera 1 facing CAMERA_FACING_FRONT state now CAMERA_STATE_OPENING for client com.tres3.videochat API Level 2 User Id 0Device Id 0
01-22 20:09:33.593 I/CameraManagerGlobal( 7006): Camera 1 facing CAMERA_FACING_FRONT state now CAMERA_STATE_OPENING for client com.tres3.videochat API Level 2 User Id 0Device Id 0
01-22 20:09:33.593 I/CameraManagerGlobal(28043): Camera 1 facing CAMERA_FACING_FRONT state now CAMERA_STATE_OPENING for client com.tres3.videochat API Level 2 User Id 0Device Id 0
01-22 20:09:33.593 I/CameraManagerGlobal( 6972): Camera 1 facing CAMERA_FACING_FRONT state now CAMERA_STATE_OPENING for client com.tres3.videochat API Level 2 User Id 0Device Id 0
01-22 20:09:33.593 I/CameraManagerGlobal(21297): Camera 1 facing CAMERA_FACING_FRONT state now CAMERA_STATE_OPENING for client com.tres3.videochat API Level 2 User Id 0Device Id 0
01-22 20:09:33.593 I/CameraManagerGlobal(22539): Camera 1 facing CAMERA_FACING_FRONT state now CAMERA_STATE_OPENING for client com.tres3.videochat API Level 2 User Id 0Device Id 0
01-22 20:09:33.593 I/CameraManagerGlobal(22467): Camera 1 facing CAMERA_FACING_FRONT state now CAMERA_STATE_OPENING for client com.tres3.videochat API Level 2 User Id 0Device Id 0
01-22 20:09:33.593 I/CameraManagerGlobal(10535): Camera 1 facing CAMERA_FACING_FRONT state now CAMERA_STATE_OPENING for client com.tres3.videochat API Level 2 User Id 0Device Id 0
01-22 20:09:33.593 I/CameraManagerGlobal( 4166): Camera 1 facing CAMERA_FACING_FRONT state now CAMERA_STATE_OPENING for client com.tres3.videochat API Level 2 User Id 0Device Id 0
01-22 20:09:33.593 I/CameraManagerGlobal(18333): Camera 1 facing CAMERA_FACING_FRONT state now CAMERA_STATE_OPENING for client com.tres3.videochat API Level 2 User Id 0Device Id 0
01-22 20:09:33.593 I/CameraManagerGlobal( 4110): Camera 1 facing CAMERA_FACING_FRONT state now CAMERA_STATE_OPENING for client com.tres3.videochat API Level 2 User Id 0Device Id 0
01-22 20:09:33.593 I/CameraManagerGlobal(13336): Camera 1 facing CAMERA_FACING_FRONT state now CAMERA_STATE_OPENING for client com.tres3.videochat API Level 2 User Id 0Device Id 0
01-22 20:09:33.593 I/CameraManagerGlobal(27383): Camera 1 facing CAMERA_FACING_FRONT state now CAMERA_STATE_OPENING for client com.tres3.videochat API Level 2 User Id 0Device Id 0
01-22 20:09:33.594 I/CameraManagerGlobal(29333): Camera 1 facing CAMERA_FACING_FRONT state now CAMERA_STATE_OPENING for client com.tres3.videochat API Level 2 User Id 0Device Id 0
01-22 20:09:33.594 I/CameraManagerGlobal(22732): Camera 1 facing CAMERA_FACING_FRONT state now CAMERA_STATE_OPENING for client com.tres3.videochat API Level 2 User Id 0Device Id 0
01-22 20:09:33.594 I/CameraManagerGlobal(23773): Camera 1 facing CAMERA_FACING_FRONT state now CAMERA_STATE_OPENING for client com.tres3.videochat API Level 2 User Id 0Device Id 0
01-22 20:09:33.595 I/CameraManagerGlobal(12551): Camera 1 facing CAMERA_FACING_FRONT state now CAMERA_STATE_OPENING for client com.tres3.videochat API Level 2 User Id 0Device Id 0
01-22 20:09:33.597 D/CollapsedStatusBarFragmentExt( 4166): onCameraOpened(cId:1, pId:com.tres3.videochat)    shouldHideIconsForNextAppWindow:false, lastFullscreen(pkg:, flag:false),    keyguard(fa:false, ga:false, oc:false, show:false)
01-22 20:09:33.598 I/AS.AudioDeviceBroker( 2561): setModeRequesterPackage requesterPackage=com.tres3.videochat
01-22 20:09:33.602 I/Unihal  ( 1669): UniHal3InterfaceEntry.cpp: uni_set_parameters: 483: set_parameters : pkgName=com.tres3.videochat;
01-22 20:09:33.602 I/CameraServiceProxyWrapper( 2149): updateProxyDeviceState: notifyCameraState for Camera ID 1, newState 0, facing 1, clientName com.tres3.videochat, apiLevel 2
01-22 20:09:33.602 I/CameraManagerGlobal(22467): Camera 1 facing CAMERA_FACING_FRONT state now CAMERA_STATE_OPEN for client com.tres3.videochat API Level 2 User Id 0Device Id 0
01-22 20:09:33.602 I/CameraManagerGlobal(22732): Camera 1 facing CAMERA_FACING_FRONT state now CAMERA_STATE_OPEN for client com.tres3.videochat API Level 2 User Id 0Device Id 0
01-22 20:09:33.602 I/CameraManagerGlobal(13336): Camera 1 facing CAMERA_FACING_FRONT state now CAMERA_STATE_OPEN for client com.tres3.videochat API Level 2 User Id 0Device Id 0
01-22 20:09:33.602 I/CameraManagerGlobal( 6972): Camera 1 facing CAMERA_FACING_FRONT state now CAMERA_STATE_OPEN for client com.tres3.videochat API Level 2 User Id 0Device Id 0
01-22 20:09:33.603 I/CameraManagerGlobal(18333): Camera 1 facing CAMERA_FACING_FRONT state now CAMERA_STATE_OPEN for client com.tres3.videochat API Level 2 User Id 0Device Id 0
01-22 20:09:33.603 I/EadCameraController( 6972): onCameraDeviceStateChanged:  cameraId=1 facing=1 newCameraState=0 clientName=com.tres3.videochat
01-22 20:09:33.603 I/CameraManagerGlobal( 2561): Camera 1 facing CAMERA_FACING_FRONT state now CAMERA_STATE_OPEN for client com.tres3.videochat API Level 2 User Id 0Device Id 0
01-22 20:09:33.603 D/SemWifiCoexManager( 2561): onCameraDeviceStateChanged:  cameraId=1 facing=1 newCameraState=0 clientName=com.tres3.videochat
01-22 20:09:33.603 I/CameraManagerGlobal(28043): Camera 1 facing CAMERA_FACING_FRONT state now CAMERA_STATE_OPEN for client com.tres3.videochat API Level 2 User Id 0Device Id 0
01-22 20:09:33.603 I/CameraManagerGlobal(21297): Camera 1 facing CAMERA_FACING_FRONT state now CAMERA_STATE_OPEN for client com.tres3.videochat API Level 2 User Id 0Device Id 0
01-22 20:09:33.604 I/CameraManagerGlobal(23773): Camera 1 facing CAMERA_FACING_FRONT state now CAMERA_STATE_OPEN for client com.tres3.videochat API Level 2 User Id 0Device Id 0
01-22 20:09:33.604 I/CameraManagerGlobal(10535): Camera 1 facing CAMERA_FACING_FRONT state now CAMERA_STATE_OPEN for client com.tres3.videochat API Level 2 User Id 0Device Id 0
01-22 20:09:33.604 I/CameraManagerGlobal( 4166): Camera 1 facing CAMERA_FACING_FRONT state now CAMERA_STATE_OPEN for client com.tres3.videochat API Level 2 User Id 0Device Id 0
01-22 20:09:33.604 I/CameraManagerGlobal(22539): Camera 1 facing CAMERA_FACING_FRONT state now CAMERA_STATE_OPEN for client com.tres3.videochat API Level 2 User Id 0Device Id 0
01-22 20:09:33.605 I/CameraManagerGlobal(29333): Camera 1 facing CAMERA_FACING_FRONT state now CAMERA_STATE_OPEN for client com.tres3.videochat API Level 2 User Id 0Device Id 0
01-22 20:09:33.605 I/CameraManagerGlobal( 4110): Camera 1 facing CAMERA_FACING_FRONT state now CAMERA_STATE_OPEN for client com.tres3.videochat API Level 2 User Id 0Device Id 0
01-22 20:09:33.605 I/CameraManagerGlobal(12551): Camera 1 facing CAMERA_FACING_FRONT state now CAMERA_STATE_OPEN for client com.tres3.videochat API Level 2 User Id 0Device Id 0
01-22 20:09:33.605 I/CameraManagerGlobal(27383): Camera 1 facing CAMERA_FACING_FRONT state now CAMERA_STATE_OPEN for client com.tres3.videochat API Level 2 User Id 0Device Id 0
01-22 20:09:33.607 I/CameraManagerGlobal( 7006): Camera 1 facing CAMERA_FACING_FRONT state now CAMERA_STATE_OPEN for client com.tres3.videochat API Level 2 User Id 0Device Id 0
01-22 20:09:33.614 I/AS.AudioDeviceBroker( 2561): setCommunicationRouteForClient for uid: 11275 device: AudioDeviceAttributes: role:output type:speaker addr: name: profiles:[] descriptors:[] isPrivileged: false from API: setSpeakerphoneOn(true) from u/pid:11275/12551 Package Name:com.tres3.videochat
01-22 20:09:33.669 I/AudioFlinger( 1724): reviewTrackPromotion size 1
01-22 20:09:33.669 I/AF::Track( 1724): setMixerOutConfig return default condition, mixer key 2002, thread key 202
01-22 20:09:33.694 D/SurfaceComposerClient( 2561): setCornerRadius ## 6ba086c com.tres3.videochat/com.tres3.videochat.MainActivity#107874 cornerRadius=0.000000
01-22 20:09:33.695 D/InsetsSourceProvider( 2561): updateFakeControlTarget: fakeControl=InsetsSourceControl: {d6590000 mType=statusBars mSurfacePosition=Point(0, 0) mInsetsHint=Insets{left=0, top=0, right=0, bottom=0}}, fakeTarget=Window{6ba086c u0 com.tres3.videochat/com.tres3.videochat.MainActivity}
01-22 20:09:33.696 D/SurfaceComposerClient( 2561): setCornerRadius ## 6ba086c com.tres3.videochat/com.tres3.videochat.MainActivity#107874 cornerRadius=0.000000
01-22 20:09:33.731 D/SurfaceComposerClient( 2561): setCornerRadius ## 6ba086c com.tres3.videochat/com.tres3.videochat.MainActivity#107874 cornerRadius=0.000000
01-22 20:09:33.745 I/SamsungAnalytics605069(13704): Tracker start:6.05.069
01-22 20:09:33.788 I/MicModeManager( 2561): updateMicModeSettings() enable, effect:0, caller:com.tres3.videochat
01-22 20:09:33.797 I/MicModeManager( 2561): updateMicModeSettings() enable, effect:0, caller:com.tres3.videochat
01-22 20:09:33.805 D/VolumeSeekBar( 4166): [QP volume] updateVolumeModel model: VolumeModel(volume=50, minVolume=0, maxVolume=150, device=0, enable=true, isBroadcast=false, isAllSoundMute=false, isZenMode=0, isZenModeDisabled=false, isSmartViewEnabled=false, isMusicShareEnabled=false, isDisallowAdjustVolume=false) isTracking : false
01-22 20:09:33.805 D/VolumeSeekBar( 4166): [QP volume] updateVolumeModel model: VolumeModel(volume=50, minVolume=0, maxVolume=150, device=0, enable=true, isBroadcast=false, isAllSoundMute=false, isZenMode=0, isZenModeDisabled=false, isSmartViewEnabled=false, isMusicShareEnabled=false, isDisallowAdjustVolume=false) isTracking : false
01-22 20:09:33.835 I/MicModeManager( 2561): updateMicModeSettings() enable, effect:0, caller:com.tres3.videochat
01-22 20:09:33.854 I/MicModeManager( 2561): updateMicModeSettings() enable, effect:0, caller:com.tres3.videochat
01-22 20:09:33.858 I/MicModeManager( 2561): updateMicModeSettings() enable, effect:0, caller:com.tres3.videochat
